<html>
<body>
<pre>
<h1>µVision Build Log</h1>
<h2>Tool Versions:</h2>
IDE-Version: •ÏVision V5.33.0.0
Copyright (C) 2020 ARM Ltd and ARM Germany GmbH. All rights reserved.
License Information: 1 1, 1, LIC=JL28G-VD0M1-VE7HA-18KHB-FJ8C5-A66T1
 
Tool Versions:
Toolchain:       MDK-ARM Plus  Version: 5.33.0.0
Toolchain Path:  C:\Keil_v5\ARM\ARMCC\Bin
C Compiler:      Armcc.exe V5.06 update 7 (build 960)
Assembler:       Armasm.exe V5.06 update 7 (build 960)
Linker/Locator:  ArmLink.exe V5.06 update 7 (build 960)
Library Manager: ArmAr.exe V5.06 update 7 (build 960)
Hex Converter:   FromElf.exe V5.06 update 7 (build 960)
CPU DLL:         SARMCM3.DLL V5.33.0.0
Dialog DLL:      DCM.DLL V1.17.3.0
Target DLL:      Segger\JL2CM3.dll V2.99.38.0
Dialog DLL:      TCM.DLL V1.48.0.0
 
<h2>Project:</h2>
E:\TITENG\projects\DIP\Project\MDK-ARM(uV4)\Project.uvproj
Project File Date:  02/22/2022

<h2>Output:</h2>
*** Using Compiler 'V5.06 update 7 (build 960)', folder: 'C:\Keil_v5\ARM\ARMCC\Bin'
Rebuild target 'Flash'
compiling fonts.c...
compiling systick.c...
compiling xpt2046.c...
compiling main.c...
compiling ILI9488.c...
..\..\App\ILI9488.c(605): warning:  #186-D: pointless comparison of unsigned integer with zero
  		for (j = 0; j < LCD_COL_NUM % 32; j++)
..\..\App\ILI9488.c(1261): warning:  #1-D: last line of file ends without a newline
  }
..\..\App\ILI9488.c: 2 warnings, 0 errors
compiling mhscpu_it.c...
..\..\App\mhscpu_it.c(304): warning:  #1-D: last line of file ends without a newline
  #endif
..\..\App\mhscpu_it.c: 1 warning, 0 errors
compiling beep.c...
compiling calibration.c...
..\..\App\calibration.c(83): warning:  #1035-D: single-precision operand implicitly converted to double-precision
  	xCalC = 20.0 - ((float)x1 * xCalM);
..\..\App\calibration.c(86): warning:  #1035-D: single-precision operand implicitly converted to double-precision
  	yCalC = 20.0 - ((float)y1 * yCalM);
..\..\App\calibration.c: 2 warnings, 0 errors
compiling rtc.c...
compiling sound.c...
compiling fnd.c...
compiling DecodeDemo.c...
compiling test_emv.c...
compiling test_loopback.c...
..\..\App\test_loopback.c(159): warning:  #167-D: argument of type "char *" is incompatible with parameter of type "uint8_t *"
  	LCD_DisplayStr(pu8Str, 8, 40, LCD_DISP_GREEN,  LCD_DISP_BLACK );
..\..\App\test_loopback.c(165): warning:  #223-D: function "wait_ChangeNs" declared implicitly
          u8Wait = wait_ChangeNs(u8Wait);
..\..\App\test_loopback.c: 2 warnings, 0 errors
assembling startup_mhscpu.s...
compiling uart.c...
compiling misc.c...
compiling sam.c...
..\..\App\sam.c(291): warning:  #223-D: function "Delay_Ms" declared implicitly
      Delay_Ms(40);
..\..\App\sam.c(442): warning:  #223-D: function "Delay_Ms" declared implicitly
      Delay_Ms(40);
..\..\App\sam.c: 2 warnings, 0 errors
compiling mhscpu_dcmi.c...
compiling mhscpu_dma.c...
compiling picture.c...
compiling mhscpu_gpio.c...
compiling mhscpu_sysctrl.c...
compiling mhscpu_spi.c...
compiling mhscpu_lcdi.c...
compiling mhscpu_uart.c...
compiling mhscpu_exti.c...
compiling mhscpu_i2c.c...
compiling mhscpu_timer.c...
compiling mhscpu_emv_hard.c...
compiling mhscpu_dac.c...
..\..\BIOS\Libraries\MHSCPU_Driver\src\mhscpu_dac.c(175): warning:  #550-D: variable "cr1tmp"  was set but never used
  	uint32_t cr1tmp;
..\..\BIOS\Libraries\MHSCPU_Driver\src\mhscpu_dac.c: 1 warning, 0 errors
compiling mhscpu_rtc.c...
compiling mhscpu_bpk.c...
..\..\BIOS\Libraries\MHSCPU_Driver\src\mhscpu_bpk.c(54): warning:  #188-D: enumerated type mixed with another type
  	return SUCCESS;
..\..\BIOS\Libraries\MHSCPU_Driver\src\mhscpu_bpk.c(83): warning:  #188-D: enumerated type mixed with another type
  	return SUCCESS;
..\..\BIOS\Libraries\MHSCPU_Driver\src\mhscpu_bpk.c: 2 warnings, 0 errors
compiling system_mhscpu.c...
linking...
Program Size: Code=303998 RO-data=1424586 RW-data=3476 ZI-data=949172  
FromELF: creating hex file...
".\RAM\Obj\Project.axf" - 0 Error(s), 12 Warning(s).
Build Time Elapsed:  00:00:06
</pre>
</body>
</html>
