<html>
<body>
<pre>
<h1>µVision Build Log</h1>
<h2>Tool Versions:</h2>
IDE-Version: •ÏVision V5.33.0.0
Copyright (C) 2020 ARM Ltd and ARM Germany GmbH. All rights reserved.
License Information: 1 1, 1, LIC=UJWP0-BETB2-VERHA-1Z9KX-YSS47-IIYR9
 
Tool Versions:
Toolchain:       MDK-ARM Plus  Version: 5.33.0.0
Toolchain Path:  C:\Keil_v5\ARM\ARMCC\Bin
C Compiler:      Armcc.exe V5.06 update 7 (build 960)
Assembler:       Armasm.exe V5.06 update 7 (build 960)
Linker/Locator:  ArmLink.exe V5.06 update 7 (build 960)
Library Manager: ArmAr.exe V5.06 update 7 (build 960)
Hex Converter:   FromElf.exe V5.06 update 7 (build 960)
CPU DLL:         SARMCM3.DLL V5.33.0.0
Dialog DLL:      DCM.DLL V1.17.3.0
Target DLL:      Segger\JL2CM3.dll V2.99.38.0
Dialog DLL:      TCM.DLL V1.48.0.0
 
<h2>Project:</h2>
D:\projects\mh1903\DIP\Project\MDK-ARM(uV4)\Project.uvproj
Project File Date:  03/14/2022

<h2>Output:</h2>
*** Using Compiler 'V5.06 update 7 (build 960)', folder: 'C:\Keil_v5\ARM\ARMCC\Bin'
Rebuild target 'Flash'
assembling startup_mhscpu.s...
compiling uart.c...
compiling systick.c...
compiling misc.c...
compiling mhscpu_it.c...
compiling mhscpu_dma.c...
compiling main.c...
compiling mhscpu_gpio.c...
compiling mhscpu_sysctrl.c...
compiling mhscpu_exti.c...
compiling mhscpu_spi.c...
compiling mhscpu_uart.c...
compiling mhscpu_timer.c...
compiling mhscpu_i2c.c...
compiling system_mhscpu.c...
linking...
Program Size: Code=9248 RO-data=332 RW-data=16 ZI-data=598376  
FromELF: creating hex file...
".\RAM\Obj\Project.axf" - 0 Error(s), 0 Warning(s).
Build Time Elapsed:  00:00:05
</pre>
</body>
</html>
