<!doctype html public "-//w3c//dtd html 4.0 transitional//en">
<html><head>
<title>Static Call Graph - [.\RAM\Obj\Project.axf]</title></head>
<body><HR>
<H1>Static Call Graph for image .\RAM\Obj\Project.axf</H1><HR>
<BR><P>#&#060CALLGRAPH&#062# ARM Linker, 5060960: Last Updated: Mon Mar 14 16:19:52 2022
<BR><P>
<H3>Maximum Stack Usage =        104 bytes + Unknown(Cycles, Untraceable Function Pointers)</H3><H3>
Call chain for Maximum Stack Depth:</H3>
main &rArr; UART_Configuration &rArr; GPIO_PinRemapConfig &rArr; GPIO_GetGPIONum
<P>
<H3>
Mutually Recursive functions
</H3> <LI><a href="#[1d]">ADC0_IRQHandler</a>&nbsp;&nbsp;&nbsp;&rArr;&nbsp;&nbsp;&nbsp;<a href="#[1d]">ADC0_IRQHandler</a><BR>
</UL>
<P>
<H3>
Function Pointers
</H3><UL>
 <LI><a href="#[1d]">ADC0_IRQHandler</a> from startup_mhscpu.o(.text) referenced from startup_mhscpu.o(RESET)
 <LI><a href="#[39]">AWD_IRQHandler</a> from startup_mhscpu.o(.text) referenced from startup_mhscpu.o(RESET)
 <LI><a href="#[4]">BusFault_Handler</a> from mhscpu_it.o(.text) referenced from startup_mhscpu.o(RESET)
 <LI><a href="#[12]">CRYPT0_IRQHandler</a> from startup_mhscpu.o(.text) referenced from startup_mhscpu.o(RESET)
 <LI><a href="#[32]">CSI2_IRQHandler</a> from startup_mhscpu.o(.text) referenced from startup_mhscpu.o(RESET)
 <LI><a href="#[3a]">DAC_IRQHandler</a> from startup_mhscpu.o(.text) referenced from startup_mhscpu.o(RESET)
 <LI><a href="#[33]">DCMI_IRQHandler</a> from mhscpu_it.o(.text) referenced from startup_mhscpu.o(RESET)
 <LI><a href="#[a]">DMA0_IRQHandler</a> from startup_mhscpu.o(.text) referenced from startup_mhscpu.o(RESET)
 <LI><a href="#[7]">DebugMon_Handler</a> from mhscpu_it.o(.text) referenced from startup_mhscpu.o(RESET)
 <LI><a href="#[17]">EXTI0_IRQHandler</a> from mhscpu_it.o(.text) referenced from startup_mhscpu.o(RESET)
 <LI><a href="#[18]">EXTI1_IRQHandler</a> from startup_mhscpu.o(.text) referenced from startup_mhscpu.o(RESET)
 <LI><a href="#[19]">EXTI2_IRQHandler</a> from mhscpu_it.o(.text) referenced from startup_mhscpu.o(RESET)
 <LI><a href="#[23]">EXTI3_IRQHandler</a> from startup_mhscpu.o(.text) referenced from startup_mhscpu.o(RESET)
 <LI><a href="#[2e]">EXTI4_IRQHandler</a> from startup_mhscpu.o(.text) referenced from startup_mhscpu.o(RESET)
 <LI><a href="#[2f]">EXTI5_IRQHandler</a> from startup_mhscpu.o(.text) referenced from startup_mhscpu.o(RESET)
 <LI><a href="#[34]">EXTI6_IRQHandler</a> from mhscpu_it.o(.text) referenced from startup_mhscpu.o(RESET)
 <LI><a href="#[35]">EXTI7_IRQHandler</a> from startup_mhscpu.o(.text) referenced from startup_mhscpu.o(RESET)
 <LI><a href="#[38]">GPU_IRQHandler</a> from startup_mhscpu.o(.text) referenced from startup_mhscpu.o(RESET)
 <LI><a href="#[2]">HardFault_Handler</a> from mhscpu_it.o(.text) referenced from startup_mhscpu.o(RESET)
 <LI><a href="#[2d]">I2C0_IRQHandler</a> from startup_mhscpu.o(.text) referenced from startup_mhscpu.o(RESET)
 <LI><a href="#[21]">KEYBOARD_IRQHandler</a> from startup_mhscpu.o(.text) referenced from startup_mhscpu.o(RESET)
 <LI><a href="#[d]">LCD_IRQHandler</a> from startup_mhscpu.o(.text) referenced from startup_mhscpu.o(RESET)
 <LI><a href="#[22]">MSR_IRQHandler</a> from mhscpu_it.o(.text) referenced from startup_mhscpu.o(RESET)
 <LI><a href="#[3]">MemManage_Handler</a> from mhscpu_it.o(.text) referenced from startup_mhscpu.o(RESET)
 <LI><a href="#[1]">NMI_Handler</a> from mhscpu_it.o(.text) referenced from startup_mhscpu.o(RESET)
 <LI><a href="#[8]">PendSV_Handler</a> from mhscpu_it.o(.text) referenced from startup_mhscpu.o(RESET)
 <LI><a href="#[37]">QR_IRQHandler</a> from startup_mhscpu.o(.text) referenced from startup_mhscpu.o(RESET)
 <LI><a href="#[2c]">QSPI_IRQHandler</a> from startup_mhscpu.o(.text) referenced from startup_mhscpu.o(RESET)
 <LI><a href="#[1a]">RTC_IRQHandler</a> from startup_mhscpu.o(.text) referenced from startup_mhscpu.o(RESET)
 <LI><a href="#[0]">Reset_Handler</a> from startup_mhscpu.o(.text) referenced from startup_mhscpu.o(RESET)
 <LI><a href="#[e]">SCI0_IRQHandler</a> from startup_mhscpu.o(.text) referenced from startup_mhscpu.o(RESET)
 <LI><a href="#[26]">SCI1_IRQHandler</a> from startup_mhscpu.o(.text) referenced from startup_mhscpu.o(RESET)
 <LI><a href="#[27]">SCI2_IRQHandler</a> from startup_mhscpu.o(.text) referenced from startup_mhscpu.o(RESET)
 <LI><a href="#[36]">SDIOM_IRQHandler</a> from startup_mhscpu.o(.text) referenced from startup_mhscpu.o(RESET)
 <LI><a href="#[1b]">SENSOR_IRQHandler</a> from startup_mhscpu.o(.text) referenced from startup_mhscpu.o(RESET)
 <LI><a href="#[11]">SPI0_IRQHandler</a> from startup_mhscpu.o(.text) referenced from startup_mhscpu.o(RESET)
 <LI><a href="#[24]">SPI1_IRQHandler</a> from startup_mhscpu.o(.text) referenced from startup_mhscpu.o(RESET)
 <LI><a href="#[25]">SPI2_IRQHandler</a> from startup_mhscpu.o(.text) referenced from startup_mhscpu.o(RESET)
 <LI><a href="#[28]">SPI3_IRQHandler</a> from startup_mhscpu.o(.text) referenced from startup_mhscpu.o(RESET)
 <LI><a href="#[29]">SPI4_IRQHandler</a> from mhscpu_it.o(.text) referenced from startup_mhscpu.o(RESET)
 <LI><a href="#[1e]">SSC_IRQHandler</a> from startup_mhscpu.o(.text) referenced from startup_mhscpu.o(RESET)
 <LI><a href="#[6]">SVC_Handler</a> from mhscpu_it.o(.text) referenced from startup_mhscpu.o(RESET)
 <LI><a href="#[9]">SysTick_Handler</a> from systick.o(.text) referenced from startup_mhscpu.o(RESET)
 <LI><a href="#[3c]">SystemInit</a> from system_mhscpu.o(.text) referenced from startup_mhscpu.o(.text)
 <LI><a href="#[13]">TIM0_0_IRQHandler</a> from mhscpu_it.o(.text) referenced from startup_mhscpu.o(RESET)
 <LI><a href="#[14]">TIM0_1_IRQHandler</a> from mhscpu_it.o(.text) referenced from startup_mhscpu.o(RESET)
 <LI><a href="#[15]">TIM0_2_IRQHandler</a> from mhscpu_it.o(.text) referenced from startup_mhscpu.o(RESET)
 <LI><a href="#[16]">TIM0_3_IRQHandler</a> from mhscpu_it.o(.text) referenced from startup_mhscpu.o(RESET)
 <LI><a href="#[1f]">TIM0_4_IRQHandler</a> from mhscpu_it.o(.text) referenced from startup_mhscpu.o(RESET)
 <LI><a href="#[20]">TIM0_5_IRQHandler</a> from mhscpu_it.o(.text) referenced from startup_mhscpu.o(RESET)
 <LI><a href="#[30]">TIM0_6_IRQHandler</a> from mhscpu_it.o(.text) referenced from startup_mhscpu.o(RESET)
 <LI><a href="#[31]">TIM0_7_IRQHandler</a> from mhscpu_it.o(.text) referenced from startup_mhscpu.o(RESET)
 <LI><a href="#[1c]">TRNG_IRQHandler</a> from startup_mhscpu.o(.text) referenced from startup_mhscpu.o(RESET)
 <LI><a href="#[f]">UART0_IRQHandler</a> from mhscpu_it.o(.text) referenced from startup_mhscpu.o(RESET)
 <LI><a href="#[10]">UART1_IRQHandler</a> from startup_mhscpu.o(.text) referenced from startup_mhscpu.o(RESET)
 <LI><a href="#[2a]">UART2_IRQHandler</a> from startup_mhscpu.o(.text) referenced from startup_mhscpu.o(RESET)
 <LI><a href="#[2b]">UART3_IRQHandler</a> from startup_mhscpu.o(.text) referenced from startup_mhscpu.o(RESET)
 <LI><a href="#[c]">USBDMA_IRQHandler</a> from startup_mhscpu.o(.text) referenced from startup_mhscpu.o(RESET)
 <LI><a href="#[b]">USB_IRQHandler</a> from startup_mhscpu.o(.text) referenced from startup_mhscpu.o(RESET)
 <LI><a href="#[5]">UsageFault_Handler</a> from mhscpu_it.o(.text) referenced from startup_mhscpu.o(RESET)
 <LI><a href="#[3d]">__main</a> from entry.o(.ARM.Collect$$$$00000000) referenced from startup_mhscpu.o(.text)
 <LI><a href="#[3e]">fputc</a> from main.o(.text) referenced from printf1.o(i.__0printf$1)
 <LI><a href="#[3b]">main</a> from main.o(.text) referenced from entry9a.o(.ARM.Collect$$$$0000000B)
</UL>
<P>
<H3>
Global Symbols
</H3>
<P><STRONG><a name="[3d]"></a>__main</STRONG> (Thumb, 0 bytes, Stack size unknown bytes, entry.o(.ARM.Collect$$$$00000000))
<BR>[Address Reference Count : 1]<UL><LI> startup_mhscpu.o(.text)
</UL>
<P><STRONG><a name="[92]"></a>_main_stk</STRONG> (Thumb, 0 bytes, Stack size unknown bytes, entry2.o(.ARM.Collect$$$$00000001))

<P><STRONG><a name="[3f]"></a>_main_scatterload</STRONG> (Thumb, 0 bytes, Stack size unknown bytes, entry5.o(.ARM.Collect$$$$00000004))
<BR><BR>[Calls]<UL><LI><a href="#[40]">&gt;&gt;</a>&nbsp;&nbsp;&nbsp;__scatterload
</UL>

<P><STRONG><a name="[8e]"></a>__main_after_scatterload</STRONG> (Thumb, 0 bytes, Stack size unknown bytes, entry5.o(.ARM.Collect$$$$00000004))
<BR><BR>[Called By]<UL><LI><a href="#[40]">&gt;&gt;</a>&nbsp;&nbsp;&nbsp;__scatterload
</UL>

<P><STRONG><a name="[93]"></a>_main_clock</STRONG> (Thumb, 0 bytes, Stack size unknown bytes, entry7b.o(.ARM.Collect$$$$00000008))

<P><STRONG><a name="[94]"></a>_main_cpp_init</STRONG> (Thumb, 0 bytes, Stack size unknown bytes, entry8b.o(.ARM.Collect$$$$0000000A))

<P><STRONG><a name="[95]"></a>_main_init</STRONG> (Thumb, 0 bytes, Stack size unknown bytes, entry9a.o(.ARM.Collect$$$$0000000B))

<P><STRONG><a name="[96]"></a>__rt_lib_shutdown_fini</STRONG> (Thumb, 0 bytes, Stack size unknown bytes, entry12b.o(.ARM.Collect$$$$0000000E))

<P><STRONG><a name="[97]"></a>__rt_final_cpp</STRONG> (Thumb, 0 bytes, Stack size unknown bytes, entry10a.o(.ARM.Collect$$$$0000000F))

<P><STRONG><a name="[98]"></a>__rt_final_exit</STRONG> (Thumb, 0 bytes, Stack size unknown bytes, entry11a.o(.ARM.Collect$$$$00000011))

<P><STRONG><a name="[80]"></a>__asm___16_mhscpu_sysctrl_c_220ebcab__SYSCTRL_Sleep</STRONG> (Thumb, 24 bytes, Stack size 0 bytes, mhscpu_sysctrl.o(.emb_text), UNUSED)
<BR><BR>[Called By]<UL><LI><a href="#[7f]">&gt;&gt;</a>&nbsp;&nbsp;&nbsp;SYSCTRL_EnterSleep
</UL>

<P><STRONG><a name="[41]"></a>Select_EMV_VCC</STRONG> (Thumb, 72 bytes, Stack size 16 bytes, main.o(.text), UNUSED)
<BR><BR>[Calls]<UL><LI><a href="#[43]">&gt;&gt;</a>&nbsp;&nbsp;&nbsp;GPIO_SetBits
<LI><a href="#[42]">&gt;&gt;</a>&nbsp;&nbsp;&nbsp;GPIO_Init
</UL>

<P><STRONG><a name="[44]"></a>TIMER_Configuration</STRONG> (Thumb, 186 bytes, Stack size 16 bytes, main.o(.text))
<BR><BR>[Stack]<UL><LI>Max Depth = 48<LI>Call Chain = TIMER_Configuration &rArr; TIM_Init &rArr; TIM_Cmd
</UL>
<BR>[Calls]<UL><LI><a href="#[45]">&gt;&gt;</a>&nbsp;&nbsp;&nbsp;TIM_Init
<LI><a href="#[46]">&gt;&gt;</a>&nbsp;&nbsp;&nbsp;TIM_ITConfig
</UL>
<BR>[Called By]<UL><LI><a href="#[3b]">&gt;&gt;</a>&nbsp;&nbsp;&nbsp;main
</UL>

<P><STRONG><a name="[47]"></a>NVIC_Configuration</STRONG> (Thumb, 128 bytes, Stack size 24 bytes, main.o(.text))
<BR><BR>[Stack]<UL><LI>Max Depth = 56<LI>Call Chain = NVIC_Configuration &rArr; NVIC_Init
</UL>
<BR>[Calls]<UL><LI><a href="#[49]">&gt;&gt;</a>&nbsp;&nbsp;&nbsp;NVIC_Init
<LI><a href="#[48]">&gt;&gt;</a>&nbsp;&nbsp;&nbsp;NVIC_SetPriorityGrouping
</UL>
<BR>[Called By]<UL><LI><a href="#[3b]">&gt;&gt;</a>&nbsp;&nbsp;&nbsp;main
</UL>

<P><STRONG><a name="[58]"></a>TIMM0_GetTick</STRONG> (Thumb, 10 bytes, Stack size 0 bytes, main.o(.text))
<BR><BR>[Called By]<UL><LI><a href="#[3b]">&gt;&gt;</a>&nbsp;&nbsp;&nbsp;main
</UL>

<P><STRONG><a name="[4a]"></a>TIMM0_Mdelay</STRONG> (Thumb, 76 bytes, Stack size 16 bytes, main.o(.text))
<BR><BR>[Stack]<UL><LI>Max Depth = 32<LI>Call Chain = TIMM0_Mdelay &rArr; TIM_Cmd
</UL>
<BR>[Calls]<UL><LI><a href="#[4b]">&gt;&gt;</a>&nbsp;&nbsp;&nbsp;TIM_Cmd
</UL>
<BR>[Called By]<UL><LI><a href="#[3b]">&gt;&gt;</a>&nbsp;&nbsp;&nbsp;main
</UL>

<P><STRONG><a name="[4c]"></a>UART_Configuration</STRONG> (Thumb, 54 bytes, Stack size 24 bytes, main.o(.text))
<BR><BR>[Stack]<UL><LI>Max Depth = 96<LI>Call Chain = UART_Configuration &rArr; GPIO_PinRemapConfig &rArr; GPIO_GetGPIONum
</UL>
<BR>[Calls]<UL><LI><a href="#[50]">&gt;&gt;</a>&nbsp;&nbsp;&nbsp;UART_Init
<LI><a href="#[4e]">&gt;&gt;</a>&nbsp;&nbsp;&nbsp;SYSCTRL_APBPeriphResetCmd
<LI><a href="#[4d]">&gt;&gt;</a>&nbsp;&nbsp;&nbsp;SYSCTRL_APBPeriphClockCmd
<LI><a href="#[4f]">&gt;&gt;</a>&nbsp;&nbsp;&nbsp;GPIO_PinRemapConfig
</UL>
<BR>[Called By]<UL><LI><a href="#[3b]">&gt;&gt;</a>&nbsp;&nbsp;&nbsp;main
</UL>

<P><STRONG><a name="[3b]"></a>main</STRONG> (Thumb, 338 bytes, Stack size 8 bytes, main.o(.text))
<BR><BR>[Stack]<UL><LI>Max Depth = 104<LI>Call Chain = main &rArr; UART_Configuration &rArr; GPIO_PinRemapConfig &rArr; GPIO_GetGPIONum
</UL>
<BR>[Calls]<UL><LI><a href="#[5a]">&gt;&gt;</a>&nbsp;&nbsp;&nbsp;pop
<LI><a href="#[59]">&gt;&gt;</a>&nbsp;&nbsp;&nbsp;isEmpty
<LI><a href="#[5b]">&gt;&gt;</a>&nbsp;&nbsp;&nbsp;Uart0_SendDatas
<LI><a href="#[56]">&gt;&gt;</a>&nbsp;&nbsp;&nbsp;UART_ITConfig
<LI><a href="#[55]">&gt;&gt;</a>&nbsp;&nbsp;&nbsp;SYSTICK_Init
<LI><a href="#[51]">&gt;&gt;</a>&nbsp;&nbsp;&nbsp;SYSCTRL_SYSCLKSourceSelect
<LI><a href="#[53]">&gt;&gt;</a>&nbsp;&nbsp;&nbsp;SYSCTRL_PLLDivConfig
<LI><a href="#[52]">&gt;&gt;</a>&nbsp;&nbsp;&nbsp;SYSCTRL_PLLConfig
<LI><a href="#[54]">&gt;&gt;</a>&nbsp;&nbsp;&nbsp;SYSCTRL_HCLKConfig
<LI><a href="#[4e]">&gt;&gt;</a>&nbsp;&nbsp;&nbsp;SYSCTRL_APBPeriphResetCmd
<LI><a href="#[4d]">&gt;&gt;</a>&nbsp;&nbsp;&nbsp;SYSCTRL_APBPeriphClockCmd
<LI><a href="#[4c]">&gt;&gt;</a>&nbsp;&nbsp;&nbsp;UART_Configuration
<LI><a href="#[4a]">&gt;&gt;</a>&nbsp;&nbsp;&nbsp;TIMM0_Mdelay
<LI><a href="#[58]">&gt;&gt;</a>&nbsp;&nbsp;&nbsp;TIMM0_GetTick
<LI><a href="#[47]">&gt;&gt;</a>&nbsp;&nbsp;&nbsp;NVIC_Configuration
<LI><a href="#[44]">&gt;&gt;</a>&nbsp;&nbsp;&nbsp;TIMER_Configuration
<LI><a href="#[57]">&gt;&gt;</a>&nbsp;&nbsp;&nbsp;__2printf
</UL>
<BR>[Address Reference Count : 1]<UL><LI> entry9a.o(.ARM.Collect$$$$0000000B)
</UL>
<P><STRONG><a name="[5c]"></a>UART_Configuration_all</STRONG> (Thumb, 266 bytes, Stack size 24 bytes, main.o(.text), UNUSED)
<BR><BR>[Calls]<UL><LI><a href="#[50]">&gt;&gt;</a>&nbsp;&nbsp;&nbsp;UART_Init
<LI><a href="#[4e]">&gt;&gt;</a>&nbsp;&nbsp;&nbsp;SYSCTRL_APBPeriphResetCmd
<LI><a href="#[4d]">&gt;&gt;</a>&nbsp;&nbsp;&nbsp;SYSCTRL_APBPeriphClockCmd
<LI><a href="#[4f]">&gt;&gt;</a>&nbsp;&nbsp;&nbsp;GPIO_PinRemapConfig
</UL>

<P><STRONG><a name="[5d]"></a>SER_PutChar</STRONG> (Thumb, 28 bytes, Stack size 8 bytes, main.o(.text))
<BR><BR>[Stack]<UL><LI>Max Depth = 8<LI>Call Chain = SER_PutChar
</UL>
<BR>[Calls]<UL><LI><a href="#[5f]">&gt;&gt;</a>&nbsp;&nbsp;&nbsp;UART_SendData
<LI><a href="#[5e]">&gt;&gt;</a>&nbsp;&nbsp;&nbsp;UART_IsTXEmpty
</UL>
<BR>[Called By]<UL><LI><a href="#[3e]">&gt;&gt;</a>&nbsp;&nbsp;&nbsp;fputc
</UL>

<P><STRONG><a name="[3e]"></a>fputc</STRONG> (Thumb, 24 bytes, Stack size 16 bytes, main.o(.text))
<BR><BR>[Stack]<UL><LI>Max Depth = 24<LI>Call Chain = fputc &rArr; SER_PutChar
</UL>
<BR>[Calls]<UL><LI><a href="#[5d]">&gt;&gt;</a>&nbsp;&nbsp;&nbsp;SER_PutChar
</UL>
<BR>[Address Reference Count : 1]<UL><LI> printf1.o(i.__0printf$1)
</UL>
<P><STRONG><a name="[70]"></a>assert_failed</STRONG> (Thumb, 4 bytes, Stack size 0 bytes, main.o(.text))
<BR><BR>[Called By]<UL><LI><a href="#[8b]">&gt;&gt;</a>&nbsp;&nbsp;&nbsp;TIM_PWMSinglePulseConfig
<LI><a href="#[8a]">&gt;&gt;</a>&nbsp;&nbsp;&nbsp;TIM_ModeConfig
<LI><a href="#[87]">&gt;&gt;</a>&nbsp;&nbsp;&nbsp;EXTI_LineConfig
<LI><a href="#[86]">&gt;&gt;</a>&nbsp;&nbsp;&nbsp;UART_IrDACmd
<LI><a href="#[85]">&gt;&gt;</a>&nbsp;&nbsp;&nbsp;UART_DeInit
<LI><a href="#[81]">&gt;&gt;</a>&nbsp;&nbsp;&nbsp;SYSCTRL_PCLKConfig
<LI><a href="#[7f]">&gt;&gt;</a>&nbsp;&nbsp;&nbsp;SYSCTRL_EnterSleep
<LI><a href="#[7e]">&gt;&gt;</a>&nbsp;&nbsp;&nbsp;SYSCTRL_AHBPeriphResetCmd
<LI><a href="#[7d]">&gt;&gt;</a>&nbsp;&nbsp;&nbsp;SYSCTRL_AHBPeriphClockCmd
<LI><a href="#[7c]">&gt;&gt;</a>&nbsp;&nbsp;&nbsp;GPIO_WakeModeConfig
<LI><a href="#[7b]">&gt;&gt;</a>&nbsp;&nbsp;&nbsp;GPIO_WakeEvenConfig
<LI><a href="#[7a]">&gt;&gt;</a>&nbsp;&nbsp;&nbsp;GPIO_PullUpCmd
<LI><a href="#[79]">&gt;&gt;</a>&nbsp;&nbsp;&nbsp;GPIO_Write
<LI><a href="#[78]">&gt;&gt;</a>&nbsp;&nbsp;&nbsp;GPIO_ResetBits
<LI><a href="#[77]">&gt;&gt;</a>&nbsp;&nbsp;&nbsp;GPIO_ReadOutputDataBit
<LI><a href="#[76]">&gt;&gt;</a>&nbsp;&nbsp;&nbsp;GPIO_ReadInputDataBit
<LI><a href="#[73]">&gt;&gt;</a>&nbsp;&nbsp;&nbsp;GPIO_GetGPIONum
<LI><a href="#[72]">&gt;&gt;</a>&nbsp;&nbsp;&nbsp;SysTick_CLKSourceConfig
<LI><a href="#[71]">&gt;&gt;</a>&nbsp;&nbsp;&nbsp;NVIC_SetVectorTable
<LI><a href="#[6f]">&gt;&gt;</a>&nbsp;&nbsp;&nbsp;NVIC_PriorityGroupConfig
<LI><a href="#[50]">&gt;&gt;</a>&nbsp;&nbsp;&nbsp;UART_Init
<LI><a href="#[46]">&gt;&gt;</a>&nbsp;&nbsp;&nbsp;TIM_ITConfig
<LI><a href="#[4b]">&gt;&gt;</a>&nbsp;&nbsp;&nbsp;TIM_Cmd
<LI><a href="#[51]">&gt;&gt;</a>&nbsp;&nbsp;&nbsp;SYSCTRL_SYSCLKSourceSelect
<LI><a href="#[53]">&gt;&gt;</a>&nbsp;&nbsp;&nbsp;SYSCTRL_PLLDivConfig
<LI><a href="#[52]">&gt;&gt;</a>&nbsp;&nbsp;&nbsp;SYSCTRL_PLLConfig
<LI><a href="#[54]">&gt;&gt;</a>&nbsp;&nbsp;&nbsp;SYSCTRL_HCLKConfig
<LI><a href="#[4e]">&gt;&gt;</a>&nbsp;&nbsp;&nbsp;SYSCTRL_APBPeriphResetCmd
<LI><a href="#[4d]">&gt;&gt;</a>&nbsp;&nbsp;&nbsp;SYSCTRL_APBPeriphClockCmd
<LI><a href="#[49]">&gt;&gt;</a>&nbsp;&nbsp;&nbsp;NVIC_Init
<LI><a href="#[43]">&gt;&gt;</a>&nbsp;&nbsp;&nbsp;GPIO_SetBits
<LI><a href="#[4f]">&gt;&gt;</a>&nbsp;&nbsp;&nbsp;GPIO_PinRemapConfig
<LI><a href="#[42]">&gt;&gt;</a>&nbsp;&nbsp;&nbsp;GPIO_Init
</UL>

<P><STRONG><a name="[55]"></a>SYSTICK_Init</STRONG> (Thumb, 84 bytes, Stack size 32 bytes, systick.o(.text))
<BR><BR>[Stack]<UL><LI>Max Depth = 32<LI>Call Chain = SYSTICK_Init
</UL>
<BR>[Calls]<UL><LI><a href="#[60]">&gt;&gt;</a>&nbsp;&nbsp;&nbsp;SYSCTRL_GetClocksFreq
</UL>
<BR>[Called By]<UL><LI><a href="#[3b]">&gt;&gt;</a>&nbsp;&nbsp;&nbsp;main
</UL>

<P><STRONG><a name="[9]"></a>SysTick_Handler</STRONG> (Thumb, 12 bytes, Stack size 0 bytes, systick.o(.text))
<BR>[Address Reference Count : 1]<UL><LI> startup_mhscpu.o(RESET)
</UL>
<P><STRONG><a name="[62]"></a>get_tick</STRONG> (Thumb, 6 bytes, Stack size 0 bytes, systick.o(.text), UNUSED)
<BR><BR>[Called By]<UL><LI><a href="#[64]">&gt;&gt;</a>&nbsp;&nbsp;&nbsp;mdelay
<LI><a href="#[61]">&gt;&gt;</a>&nbsp;&nbsp;&nbsp;udelay
</UL>

<P><STRONG><a name="[63]"></a>get_diff_tick</STRONG> (Thumb, 16 bytes, Stack size 0 bytes, systick.o(.text), UNUSED)
<BR><BR>[Called By]<UL><LI><a href="#[64]">&gt;&gt;</a>&nbsp;&nbsp;&nbsp;mdelay
<LI><a href="#[61]">&gt;&gt;</a>&nbsp;&nbsp;&nbsp;udelay
</UL>

<P><STRONG><a name="[61]"></a>udelay</STRONG> (Thumb, 30 bytes, Stack size 12 bytes, systick.o(.text), UNUSED)
<BR><BR>[Calls]<UL><LI><a href="#[63]">&gt;&gt;</a>&nbsp;&nbsp;&nbsp;get_diff_tick
<LI><a href="#[62]">&gt;&gt;</a>&nbsp;&nbsp;&nbsp;get_tick
</UL>

<P><STRONG><a name="[64]"></a>mdelay</STRONG> (Thumb, 40 bytes, Stack size 12 bytes, systick.o(.text), UNUSED)
<BR><BR>[Calls]<UL><LI><a href="#[63]">&gt;&gt;</a>&nbsp;&nbsp;&nbsp;get_diff_tick
<LI><a href="#[62]">&gt;&gt;</a>&nbsp;&nbsp;&nbsp;get_tick
</UL>

<P><STRONG><a name="[1]"></a>NMI_Handler</STRONG> (Thumb, 2 bytes, Stack size 0 bytes, mhscpu_it.o(.text))
<BR>[Address Reference Count : 1]<UL><LI> startup_mhscpu.o(RESET)
</UL>
<P><STRONG><a name="[2]"></a>HardFault_Handler</STRONG> (Thumb, 10 bytes, Stack size 0 bytes, mhscpu_it.o(.text))
<BR><BR>[Stack]<UL><LI>Max Depth = 24<LI>Call Chain = HardFault_Handler &rArr; __2printf
</UL>
<BR>[Calls]<UL><LI><a href="#[57]">&gt;&gt;</a>&nbsp;&nbsp;&nbsp;__2printf
</UL>
<BR>[Address Reference Count : 1]<UL><LI> startup_mhscpu.o(RESET)
</UL>
<P><STRONG><a name="[3]"></a>MemManage_Handler</STRONG> (Thumb, 4 bytes, Stack size 0 bytes, mhscpu_it.o(.text))
<BR>[Address Reference Count : 1]<UL><LI> startup_mhscpu.o(RESET)
</UL>
<P><STRONG><a name="[4]"></a>BusFault_Handler</STRONG> (Thumb, 4 bytes, Stack size 0 bytes, mhscpu_it.o(.text))
<BR>[Address Reference Count : 1]<UL><LI> startup_mhscpu.o(RESET)
</UL>
<P><STRONG><a name="[5]"></a>UsageFault_Handler</STRONG> (Thumb, 4 bytes, Stack size 0 bytes, mhscpu_it.o(.text))
<BR>[Address Reference Count : 1]<UL><LI> startup_mhscpu.o(RESET)
</UL>
<P><STRONG><a name="[6]"></a>SVC_Handler</STRONG> (Thumb, 2 bytes, Stack size 0 bytes, mhscpu_it.o(.text))
<BR>[Address Reference Count : 1]<UL><LI> startup_mhscpu.o(RESET)
</UL>
<P><STRONG><a name="[7]"></a>DebugMon_Handler</STRONG> (Thumb, 2 bytes, Stack size 0 bytes, mhscpu_it.o(.text))
<BR>[Address Reference Count : 1]<UL><LI> startup_mhscpu.o(RESET)
</UL>
<P><STRONG><a name="[8]"></a>PendSV_Handler</STRONG> (Thumb, 2 bytes, Stack size 0 bytes, mhscpu_it.o(.text))
<BR>[Address Reference Count : 1]<UL><LI> startup_mhscpu.o(RESET)
</UL>
<P><STRONG><a name="[f]"></a>UART0_IRQHandler</STRONG> (Thumb, 50 bytes, Stack size 16 bytes, mhscpu_it.o(.text))
<BR><BR>[Stack]<UL><LI>Max Depth = 16<LI>Call Chain = UART0_IRQHandler
</UL>
<BR>[Calls]<UL><LI><a href="#[67]">&gt;&gt;</a>&nbsp;&nbsp;&nbsp;push
<LI><a href="#[66]">&gt;&gt;</a>&nbsp;&nbsp;&nbsp;UART_ReceiveData
<LI><a href="#[65]">&gt;&gt;</a>&nbsp;&nbsp;&nbsp;UART_GetITIdentity
</UL>
<BR>[Address Reference Count : 1]<UL><LI> startup_mhscpu.o(RESET)
</UL>
<P><STRONG><a name="[33]"></a>DCMI_IRQHandler</STRONG> (Thumb, 2 bytes, Stack size 0 bytes, mhscpu_it.o(.text))
<BR>[Address Reference Count : 1]<UL><LI> startup_mhscpu.o(RESET)
</UL>
<P><STRONG><a name="[17]"></a>EXTI0_IRQHandler</STRONG> (Thumb, 2 bytes, Stack size 0 bytes, mhscpu_it.o(.text))
<BR>[Address Reference Count : 1]<UL><LI> startup_mhscpu.o(RESET)
</UL>
<P><STRONG><a name="[19]"></a>EXTI2_IRQHandler</STRONG> (Thumb, 2 bytes, Stack size 0 bytes, mhscpu_it.o(.text))
<BR>[Address Reference Count : 1]<UL><LI> startup_mhscpu.o(RESET)
</UL>
<P><STRONG><a name="[34]"></a>EXTI6_IRQHandler</STRONG> (Thumb, 22 bytes, Stack size 8 bytes, mhscpu_it.o(.text))
<BR><BR>[Stack]<UL><LI>Max Depth = 8<LI>Call Chain = EXTI6_IRQHandler
</UL>
<BR>[Calls]<UL><LI><a href="#[6a]">&gt;&gt;</a>&nbsp;&nbsp;&nbsp;EXTI_GetITLineStatus
<LI><a href="#[68]">&gt;&gt;</a>&nbsp;&nbsp;&nbsp;EXTI_ClearITPendingBit
<LI><a href="#[69]">&gt;&gt;</a>&nbsp;&nbsp;&nbsp;NVIC_ClearPendingIRQ
</UL>
<BR>[Address Reference Count : 1]<UL><LI> startup_mhscpu.o(RESET)
</UL>
<P><STRONG><a name="[22]"></a>MSR_IRQHandler</STRONG> (Thumb, 2 bytes, Stack size 0 bytes, mhscpu_it.o(.text))
<BR>[Address Reference Count : 1]<UL><LI> startup_mhscpu.o(RESET)
</UL>
<P><STRONG><a name="[29]"></a>SPI4_IRQHandler</STRONG> (Thumb, 2 bytes, Stack size 0 bytes, mhscpu_it.o(.text))
<BR>[Address Reference Count : 1]<UL><LI> startup_mhscpu.o(RESET)
</UL>
<P><STRONG><a name="[13]"></a>TIM0_0_IRQHandler</STRONG> (Thumb, 28 bytes, Stack size 8 bytes, mhscpu_it.o(.text))
<BR><BR>[Stack]<UL><LI>Max Depth = 16<LI>Call Chain = TIM0_0_IRQHandler &rArr; TIM_ClearITPendingBit
</UL>
<BR>[Calls]<UL><LI><a href="#[6b]">&gt;&gt;</a>&nbsp;&nbsp;&nbsp;TIM_ClearITPendingBit
<LI><a href="#[69]">&gt;&gt;</a>&nbsp;&nbsp;&nbsp;NVIC_ClearPendingIRQ
</UL>
<BR>[Address Reference Count : 1]<UL><LI> startup_mhscpu.o(RESET)
</UL>
<P><STRONG><a name="[14]"></a>TIM0_1_IRQHandler</STRONG> (Thumb, 28 bytes, Stack size 8 bytes, mhscpu_it.o(.text))
<BR><BR>[Stack]<UL><LI>Max Depth = 16<LI>Call Chain = TIM0_1_IRQHandler &rArr; TIM_ClearITPendingBit
</UL>
<BR>[Calls]<UL><LI><a href="#[6b]">&gt;&gt;</a>&nbsp;&nbsp;&nbsp;TIM_ClearITPendingBit
<LI><a href="#[69]">&gt;&gt;</a>&nbsp;&nbsp;&nbsp;NVIC_ClearPendingIRQ
</UL>
<BR>[Address Reference Count : 1]<UL><LI> startup_mhscpu.o(RESET)
</UL>
<P><STRONG><a name="[15]"></a>TIM0_2_IRQHandler</STRONG> (Thumb, 28 bytes, Stack size 8 bytes, mhscpu_it.o(.text))
<BR><BR>[Stack]<UL><LI>Max Depth = 16<LI>Call Chain = TIM0_2_IRQHandler &rArr; TIM_ClearITPendingBit
</UL>
<BR>[Calls]<UL><LI><a href="#[6b]">&gt;&gt;</a>&nbsp;&nbsp;&nbsp;TIM_ClearITPendingBit
<LI><a href="#[69]">&gt;&gt;</a>&nbsp;&nbsp;&nbsp;NVIC_ClearPendingIRQ
</UL>
<BR>[Address Reference Count : 1]<UL><LI> startup_mhscpu.o(RESET)
</UL>
<P><STRONG><a name="[16]"></a>TIM0_3_IRQHandler</STRONG> (Thumb, 28 bytes, Stack size 8 bytes, mhscpu_it.o(.text))
<BR><BR>[Stack]<UL><LI>Max Depth = 16<LI>Call Chain = TIM0_3_IRQHandler &rArr; TIM_ClearITPendingBit
</UL>
<BR>[Calls]<UL><LI><a href="#[6b]">&gt;&gt;</a>&nbsp;&nbsp;&nbsp;TIM_ClearITPendingBit
<LI><a href="#[69]">&gt;&gt;</a>&nbsp;&nbsp;&nbsp;NVIC_ClearPendingIRQ
</UL>
<BR>[Address Reference Count : 1]<UL><LI> startup_mhscpu.o(RESET)
</UL>
<P><STRONG><a name="[1f]"></a>TIM0_4_IRQHandler</STRONG> (Thumb, 28 bytes, Stack size 8 bytes, mhscpu_it.o(.text))
<BR><BR>[Stack]<UL><LI>Max Depth = 16<LI>Call Chain = TIM0_4_IRQHandler &rArr; TIM_ClearITPendingBit
</UL>
<BR>[Calls]<UL><LI><a href="#[6b]">&gt;&gt;</a>&nbsp;&nbsp;&nbsp;TIM_ClearITPendingBit
<LI><a href="#[69]">&gt;&gt;</a>&nbsp;&nbsp;&nbsp;NVIC_ClearPendingIRQ
</UL>
<BR>[Address Reference Count : 1]<UL><LI> startup_mhscpu.o(RESET)
</UL>
<P><STRONG><a name="[20]"></a>TIM0_5_IRQHandler</STRONG> (Thumb, 28 bytes, Stack size 8 bytes, mhscpu_it.o(.text))
<BR><BR>[Stack]<UL><LI>Max Depth = 16<LI>Call Chain = TIM0_5_IRQHandler &rArr; TIM_ClearITPendingBit
</UL>
<BR>[Calls]<UL><LI><a href="#[6b]">&gt;&gt;</a>&nbsp;&nbsp;&nbsp;TIM_ClearITPendingBit
<LI><a href="#[69]">&gt;&gt;</a>&nbsp;&nbsp;&nbsp;NVIC_ClearPendingIRQ
</UL>
<BR>[Address Reference Count : 1]<UL><LI> startup_mhscpu.o(RESET)
</UL>
<P><STRONG><a name="[30]"></a>TIM0_6_IRQHandler</STRONG> (Thumb, 28 bytes, Stack size 8 bytes, mhscpu_it.o(.text))
<BR><BR>[Stack]<UL><LI>Max Depth = 16<LI>Call Chain = TIM0_6_IRQHandler &rArr; TIM_ClearITPendingBit
</UL>
<BR>[Calls]<UL><LI><a href="#[6b]">&gt;&gt;</a>&nbsp;&nbsp;&nbsp;TIM_ClearITPendingBit
<LI><a href="#[69]">&gt;&gt;</a>&nbsp;&nbsp;&nbsp;NVIC_ClearPendingIRQ
</UL>
<BR>[Address Reference Count : 1]<UL><LI> startup_mhscpu.o(RESET)
</UL>
<P><STRONG><a name="[31]"></a>TIM0_7_IRQHandler</STRONG> (Thumb, 28 bytes, Stack size 8 bytes, mhscpu_it.o(.text))
<BR><BR>[Stack]<UL><LI>Max Depth = 16<LI>Call Chain = TIM0_7_IRQHandler &rArr; TIM_ClearITPendingBit
</UL>
<BR>[Calls]<UL><LI><a href="#[6b]">&gt;&gt;</a>&nbsp;&nbsp;&nbsp;TIM_ClearITPendingBit
<LI><a href="#[69]">&gt;&gt;</a>&nbsp;&nbsp;&nbsp;NVIC_ClearPendingIRQ
</UL>
<BR>[Address Reference Count : 1]<UL><LI> startup_mhscpu.o(RESET)
</UL>
<P><STRONG><a name="[5b]"></a>Uart0_SendDatas</STRONG> (Thumb, 42 bytes, Stack size 16 bytes, uart.o(.text))
<BR><BR>[Stack]<UL><LI>Max Depth = 16<LI>Call Chain = Uart0_SendDatas
</UL>
<BR>[Calls]<UL><LI><a href="#[5f]">&gt;&gt;</a>&nbsp;&nbsp;&nbsp;UART_SendData
<LI><a href="#[5e]">&gt;&gt;</a>&nbsp;&nbsp;&nbsp;UART_IsTXEmpty
</UL>
<BR>[Called By]<UL><LI><a href="#[6c]">&gt;&gt;</a>&nbsp;&nbsp;&nbsp;Uart0_Initial
<LI><a href="#[3b]">&gt;&gt;</a>&nbsp;&nbsp;&nbsp;main
</UL>

<P><STRONG><a name="[6c]"></a>Uart0_Initial</STRONG> (Thumb, 20 bytes, Stack size 24 bytes, uart.o(.text), UNUSED)
<BR><BR>[Calls]<UL><LI><a href="#[5b]">&gt;&gt;</a>&nbsp;&nbsp;&nbsp;Uart0_SendDatas
</UL>

<P><STRONG><a name="[6d]"></a>init_uart</STRONG> (Thumb, 34 bytes, Stack size 8 bytes, uart.o(.text), UNUSED)
<BR><BR>[Calls]<UL><LI><a href="#[6e]">&gt;&gt;</a>&nbsp;&nbsp;&nbsp;__aeabi_memclr
</UL>

<P><STRONG><a name="[67]"></a>push</STRONG> (Thumb, 26 bytes, Stack size 0 bytes, uart.o(.text))
<BR><BR>[Called By]<UL><LI><a href="#[f]">&gt;&gt;</a>&nbsp;&nbsp;&nbsp;UART0_IRQHandler
</UL>

<P><STRONG><a name="[5a]"></a>pop</STRONG> (Thumb, 28 bytes, Stack size 0 bytes, uart.o(.text))
<BR><BR>[Called By]<UL><LI><a href="#[3b]">&gt;&gt;</a>&nbsp;&nbsp;&nbsp;main
</UL>

<P><STRONG><a name="[59]"></a>isEmpty</STRONG> (Thumb, 18 bytes, Stack size 0 bytes, uart.o(.text))
<BR><BR>[Called By]<UL><LI><a href="#[3b]">&gt;&gt;</a>&nbsp;&nbsp;&nbsp;main
</UL>

<P><STRONG><a name="[0]"></a>Reset_Handler</STRONG> (Thumb, 18 bytes, Stack size 0 bytes, startup_mhscpu.o(.text))
<BR>[Address Reference Count : 1]<UL><LI> startup_mhscpu.o(RESET)
</UL>
<P><STRONG><a name="[1d]"></a>ADC0_IRQHandler</STRONG> (Thumb, 0 bytes, Stack size 0 bytes, startup_mhscpu.o(.text))
<BR><BR>[Calls]<UL><LI><a href="#[1d]">&gt;&gt;</a>&nbsp;&nbsp;&nbsp;ADC0_IRQHandler
</UL>
<BR>[Called By]<UL><LI><a href="#[1d]">&gt;&gt;</a>&nbsp;&nbsp;&nbsp;ADC0_IRQHandler
</UL>
<BR>[Address Reference Count : 1]<UL><LI> startup_mhscpu.o(RESET)
</UL>
<P><STRONG><a name="[39]"></a>AWD_IRQHandler</STRONG> (Thumb, 0 bytes, Stack size 0 bytes, startup_mhscpu.o(.text))
<BR>[Address Reference Count : 1]<UL><LI> startup_mhscpu.o(RESET)
</UL>
<P><STRONG><a name="[12]"></a>CRYPT0_IRQHandler</STRONG> (Thumb, 0 bytes, Stack size 0 bytes, startup_mhscpu.o(.text))
<BR>[Address Reference Count : 1]<UL><LI> startup_mhscpu.o(RESET)
</UL>
<P><STRONG><a name="[32]"></a>CSI2_IRQHandler</STRONG> (Thumb, 0 bytes, Stack size 0 bytes, startup_mhscpu.o(.text))
<BR>[Address Reference Count : 1]<UL><LI> startup_mhscpu.o(RESET)
</UL>
<P><STRONG><a name="[3a]"></a>DAC_IRQHandler</STRONG> (Thumb, 0 bytes, Stack size 0 bytes, startup_mhscpu.o(.text))
<BR>[Address Reference Count : 1]<UL><LI> startup_mhscpu.o(RESET)
</UL>
<P><STRONG><a name="[a]"></a>DMA0_IRQHandler</STRONG> (Thumb, 0 bytes, Stack size 0 bytes, startup_mhscpu.o(.text))
<BR>[Address Reference Count : 1]<UL><LI> startup_mhscpu.o(RESET)
</UL>
<P><STRONG><a name="[18]"></a>EXTI1_IRQHandler</STRONG> (Thumb, 0 bytes, Stack size 0 bytes, startup_mhscpu.o(.text))
<BR>[Address Reference Count : 1]<UL><LI> startup_mhscpu.o(RESET)
</UL>
<P><STRONG><a name="[23]"></a>EXTI3_IRQHandler</STRONG> (Thumb, 0 bytes, Stack size 0 bytes, startup_mhscpu.o(.text))
<BR>[Address Reference Count : 1]<UL><LI> startup_mhscpu.o(RESET)
</UL>
<P><STRONG><a name="[2e]"></a>EXTI4_IRQHandler</STRONG> (Thumb, 0 bytes, Stack size 0 bytes, startup_mhscpu.o(.text))
<BR>[Address Reference Count : 1]<UL><LI> startup_mhscpu.o(RESET)
</UL>
<P><STRONG><a name="[2f]"></a>EXTI5_IRQHandler</STRONG> (Thumb, 0 bytes, Stack size 0 bytes, startup_mhscpu.o(.text))
<BR>[Address Reference Count : 1]<UL><LI> startup_mhscpu.o(RESET)
</UL>
<P><STRONG><a name="[35]"></a>EXTI7_IRQHandler</STRONG> (Thumb, 0 bytes, Stack size 0 bytes, startup_mhscpu.o(.text))
<BR>[Address Reference Count : 1]<UL><LI> startup_mhscpu.o(RESET)
</UL>
<P><STRONG><a name="[38]"></a>GPU_IRQHandler</STRONG> (Thumb, 0 bytes, Stack size 0 bytes, startup_mhscpu.o(.text))
<BR>[Address Reference Count : 1]<UL><LI> startup_mhscpu.o(RESET)
</UL>
<P><STRONG><a name="[2d]"></a>I2C0_IRQHandler</STRONG> (Thumb, 0 bytes, Stack size 0 bytes, startup_mhscpu.o(.text))
<BR>[Address Reference Count : 1]<UL><LI> startup_mhscpu.o(RESET)
</UL>
<P><STRONG><a name="[21]"></a>KEYBOARD_IRQHandler</STRONG> (Thumb, 0 bytes, Stack size 0 bytes, startup_mhscpu.o(.text))
<BR>[Address Reference Count : 1]<UL><LI> startup_mhscpu.o(RESET)
</UL>
<P><STRONG><a name="[d]"></a>LCD_IRQHandler</STRONG> (Thumb, 0 bytes, Stack size 0 bytes, startup_mhscpu.o(.text))
<BR>[Address Reference Count : 1]<UL><LI> startup_mhscpu.o(RESET)
</UL>
<P><STRONG><a name="[37]"></a>QR_IRQHandler</STRONG> (Thumb, 0 bytes, Stack size 0 bytes, startup_mhscpu.o(.text))
<BR>[Address Reference Count : 1]<UL><LI> startup_mhscpu.o(RESET)
</UL>
<P><STRONG><a name="[2c]"></a>QSPI_IRQHandler</STRONG> (Thumb, 0 bytes, Stack size 0 bytes, startup_mhscpu.o(.text))
<BR>[Address Reference Count : 1]<UL><LI> startup_mhscpu.o(RESET)
</UL>
<P><STRONG><a name="[1a]"></a>RTC_IRQHandler</STRONG> (Thumb, 0 bytes, Stack size 0 bytes, startup_mhscpu.o(.text))
<BR>[Address Reference Count : 1]<UL><LI> startup_mhscpu.o(RESET)
</UL>
<P><STRONG><a name="[e]"></a>SCI0_IRQHandler</STRONG> (Thumb, 0 bytes, Stack size 0 bytes, startup_mhscpu.o(.text))
<BR>[Address Reference Count : 1]<UL><LI> startup_mhscpu.o(RESET)
</UL>
<P><STRONG><a name="[26]"></a>SCI1_IRQHandler</STRONG> (Thumb, 0 bytes, Stack size 0 bytes, startup_mhscpu.o(.text))
<BR>[Address Reference Count : 1]<UL><LI> startup_mhscpu.o(RESET)
</UL>
<P><STRONG><a name="[27]"></a>SCI2_IRQHandler</STRONG> (Thumb, 0 bytes, Stack size 0 bytes, startup_mhscpu.o(.text))
<BR>[Address Reference Count : 1]<UL><LI> startup_mhscpu.o(RESET)
</UL>
<P><STRONG><a name="[36]"></a>SDIOM_IRQHandler</STRONG> (Thumb, 0 bytes, Stack size 0 bytes, startup_mhscpu.o(.text))
<BR>[Address Reference Count : 1]<UL><LI> startup_mhscpu.o(RESET)
</UL>
<P><STRONG><a name="[1b]"></a>SENSOR_IRQHandler</STRONG> (Thumb, 0 bytes, Stack size 0 bytes, startup_mhscpu.o(.text))
<BR>[Address Reference Count : 1]<UL><LI> startup_mhscpu.o(RESET)
</UL>
<P><STRONG><a name="[11]"></a>SPI0_IRQHandler</STRONG> (Thumb, 0 bytes, Stack size 0 bytes, startup_mhscpu.o(.text))
<BR>[Address Reference Count : 1]<UL><LI> startup_mhscpu.o(RESET)
</UL>
<P><STRONG><a name="[24]"></a>SPI1_IRQHandler</STRONG> (Thumb, 0 bytes, Stack size 0 bytes, startup_mhscpu.o(.text))
<BR>[Address Reference Count : 1]<UL><LI> startup_mhscpu.o(RESET)
</UL>
<P><STRONG><a name="[25]"></a>SPI2_IRQHandler</STRONG> (Thumb, 0 bytes, Stack size 0 bytes, startup_mhscpu.o(.text))
<BR>[Address Reference Count : 1]<UL><LI> startup_mhscpu.o(RESET)
</UL>
<P><STRONG><a name="[28]"></a>SPI3_IRQHandler</STRONG> (Thumb, 0 bytes, Stack size 0 bytes, startup_mhscpu.o(.text))
<BR>[Address Reference Count : 1]<UL><LI> startup_mhscpu.o(RESET)
</UL>
<P><STRONG><a name="[1e]"></a>SSC_IRQHandler</STRONG> (Thumb, 0 bytes, Stack size 0 bytes, startup_mhscpu.o(.text))
<BR>[Address Reference Count : 1]<UL><LI> startup_mhscpu.o(RESET)
</UL>
<P><STRONG><a name="[1c]"></a>TRNG_IRQHandler</STRONG> (Thumb, 0 bytes, Stack size 0 bytes, startup_mhscpu.o(.text))
<BR>[Address Reference Count : 1]<UL><LI> startup_mhscpu.o(RESET)
</UL>
<P><STRONG><a name="[10]"></a>UART1_IRQHandler</STRONG> (Thumb, 0 bytes, Stack size 0 bytes, startup_mhscpu.o(.text))
<BR>[Address Reference Count : 1]<UL><LI> startup_mhscpu.o(RESET)
</UL>
<P><STRONG><a name="[2a]"></a>UART2_IRQHandler</STRONG> (Thumb, 0 bytes, Stack size 0 bytes, startup_mhscpu.o(.text))
<BR>[Address Reference Count : 1]<UL><LI> startup_mhscpu.o(RESET)
</UL>
<P><STRONG><a name="[2b]"></a>UART3_IRQHandler</STRONG> (Thumb, 0 bytes, Stack size 0 bytes, startup_mhscpu.o(.text))
<BR>[Address Reference Count : 1]<UL><LI> startup_mhscpu.o(RESET)
</UL>
<P><STRONG><a name="[c]"></a>USBDMA_IRQHandler</STRONG> (Thumb, 0 bytes, Stack size 0 bytes, startup_mhscpu.o(.text))
<BR>[Address Reference Count : 1]<UL><LI> startup_mhscpu.o(RESET)
</UL>
<P><STRONG><a name="[b]"></a>USB_IRQHandler</STRONG> (Thumb, 0 bytes, Stack size 0 bytes, startup_mhscpu.o(.text))
<BR>[Address Reference Count : 1]<UL><LI> startup_mhscpu.o(RESET)
</UL>
<P><STRONG><a name="[6f]"></a>NVIC_PriorityGroupConfig</STRONG> (Thumb, 40 bytes, Stack size 8 bytes, misc.o(.text), UNUSED)
<BR><BR>[Calls]<UL><LI><a href="#[70]">&gt;&gt;</a>&nbsp;&nbsp;&nbsp;assert_failed
</UL>

<P><STRONG><a name="[49]"></a>NVIC_Init</STRONG> (Thumb, 258 bytes, Stack size 32 bytes, misc.o(.text))
<BR><BR>[Stack]<UL><LI>Max Depth = 32<LI>Call Chain = NVIC_Init
</UL>
<BR>[Calls]<UL><LI><a href="#[70]">&gt;&gt;</a>&nbsp;&nbsp;&nbsp;assert_failed
</UL>
<BR>[Called By]<UL><LI><a href="#[47]">&gt;&gt;</a>&nbsp;&nbsp;&nbsp;NVIC_Configuration
</UL>

<P><STRONG><a name="[71]"></a>NVIC_SetVectorTable</STRONG> (Thumb, 60 bytes, Stack size 16 bytes, misc.o(.text), UNUSED)
<BR><BR>[Calls]<UL><LI><a href="#[70]">&gt;&gt;</a>&nbsp;&nbsp;&nbsp;assert_failed
</UL>

<P><STRONG><a name="[72]"></a>SysTick_CLKSourceConfig</STRONG> (Thumb, 62 bytes, Stack size 8 bytes, misc.o(.text), UNUSED)
<BR><BR>[Calls]<UL><LI><a href="#[70]">&gt;&gt;</a>&nbsp;&nbsp;&nbsp;assert_failed
</UL>

<P><STRONG><a name="[75]"></a>GPIO_DeInit</STRONG> (Thumb, 12 bytes, Stack size 8 bytes, mhscpu_gpio.o(.text), UNUSED)
<BR><BR>[Calls]<UL><LI><a href="#[4e]">&gt;&gt;</a>&nbsp;&nbsp;&nbsp;SYSCTRL_APBPeriphResetCmd
</UL>

<P><STRONG><a name="[4f]"></a>GPIO_PinRemapConfig</STRONG> (Thumb, 306 bytes, Stack size 24 bytes, mhscpu_gpio.o(.text))
<BR><BR>[Stack]<UL><LI>Max Depth = 72<LI>Call Chain = GPIO_PinRemapConfig &rArr; GPIO_GetGPIONum
</UL>
<BR>[Calls]<UL><LI><a href="#[73]">&gt;&gt;</a>&nbsp;&nbsp;&nbsp;GPIO_GetGPIONum
<LI><a href="#[70]">&gt;&gt;</a>&nbsp;&nbsp;&nbsp;assert_failed
</UL>
<BR>[Called By]<UL><LI><a href="#[42]">&gt;&gt;</a>&nbsp;&nbsp;&nbsp;GPIO_Init
<LI><a href="#[5c]">&gt;&gt;</a>&nbsp;&nbsp;&nbsp;UART_Configuration_all
<LI><a href="#[4c]">&gt;&gt;</a>&nbsp;&nbsp;&nbsp;UART_Configuration
</UL>

<P><STRONG><a name="[42]"></a>GPIO_Init</STRONG> (Thumb, 356 bytes, Stack size 16 bytes, mhscpu_gpio.o(.text), UNUSED)
<BR><BR>[Calls]<UL><LI><a href="#[73]">&gt;&gt;</a>&nbsp;&nbsp;&nbsp;GPIO_GetGPIONum
<LI><a href="#[4f]">&gt;&gt;</a>&nbsp;&nbsp;&nbsp;GPIO_PinRemapConfig
<LI><a href="#[70]">&gt;&gt;</a>&nbsp;&nbsp;&nbsp;assert_failed
</UL>
<BR>[Called By]<UL><LI><a href="#[41]">&gt;&gt;</a>&nbsp;&nbsp;&nbsp;Select_EMV_VCC
</UL>

<P><STRONG><a name="[99]"></a>GPIO_StructInit</STRONG> (Thumb, 14 bytes, Stack size 0 bytes, mhscpu_gpio.o(.text), UNUSED)

<P><STRONG><a name="[76]"></a>GPIO_ReadInputDataBit</STRONG> (Thumb, 184 bytes, Stack size 16 bytes, mhscpu_gpio.o(.text), UNUSED)
<BR><BR>[Calls]<UL><LI><a href="#[70]">&gt;&gt;</a>&nbsp;&nbsp;&nbsp;assert_failed
</UL>

<P><STRONG><a name="[9a]"></a>GPIO_ReadInputData</STRONG> (Thumb, 88 bytes, Stack size 0 bytes, mhscpu_gpio.o(.text), UNUSED)

<P><STRONG><a name="[77]"></a>GPIO_ReadOutputDataBit</STRONG> (Thumb, 186 bytes, Stack size 16 bytes, mhscpu_gpio.o(.text), UNUSED)
<BR><BR>[Calls]<UL><LI><a href="#[70]">&gt;&gt;</a>&nbsp;&nbsp;&nbsp;assert_failed
</UL>

<P><STRONG><a name="[9b]"></a>GPIO_ReadOutputData</STRONG> (Thumb, 8 bytes, Stack size 0 bytes, mhscpu_gpio.o(.text), UNUSED)

<P><STRONG><a name="[43]"></a>GPIO_SetBits</STRONG> (Thumb, 238 bytes, Stack size 24 bytes, mhscpu_gpio.o(.text), UNUSED)
<BR><BR>[Calls]<UL><LI><a href="#[73]">&gt;&gt;</a>&nbsp;&nbsp;&nbsp;GPIO_GetGPIONum
<LI><a href="#[70]">&gt;&gt;</a>&nbsp;&nbsp;&nbsp;assert_failed
</UL>
<BR>[Called By]<UL><LI><a href="#[41]">&gt;&gt;</a>&nbsp;&nbsp;&nbsp;Select_EMV_VCC
</UL>

<P><STRONG><a name="[78]"></a>GPIO_ResetBits</STRONG> (Thumb, 240 bytes, Stack size 24 bytes, mhscpu_gpio.o(.text), UNUSED)
<BR><BR>[Calls]<UL><LI><a href="#[73]">&gt;&gt;</a>&nbsp;&nbsp;&nbsp;GPIO_GetGPIONum
<LI><a href="#[70]">&gt;&gt;</a>&nbsp;&nbsp;&nbsp;assert_failed
</UL>

<P><STRONG><a name="[79]"></a>GPIO_Write</STRONG> (Thumb, 186 bytes, Stack size 24 bytes, mhscpu_gpio.o(.text), UNUSED)
<BR><BR>[Calls]<UL><LI><a href="#[73]">&gt;&gt;</a>&nbsp;&nbsp;&nbsp;GPIO_GetGPIONum
<LI><a href="#[70]">&gt;&gt;</a>&nbsp;&nbsp;&nbsp;assert_failed
</UL>

<P><STRONG><a name="[7a]"></a>GPIO_PullUpCmd</STRONG> (Thumb, 124 bytes, Stack size 16 bytes, mhscpu_gpio.o(.text), UNUSED)
<BR><BR>[Calls]<UL><LI><a href="#[70]">&gt;&gt;</a>&nbsp;&nbsp;&nbsp;assert_failed
</UL>

<P><STRONG><a name="[9c]"></a>GPIO_WakeEvenDeInit</STRONG> (Thumb, 22 bytes, Stack size 0 bytes, mhscpu_gpio.o(.text), UNUSED)

<P><STRONG><a name="[7b]"></a>GPIO_WakeEvenConfig</STRONG> (Thumb, 400 bytes, Stack size 16 bytes, mhscpu_gpio.o(.text), UNUSED)
<BR><BR>[Calls]<UL><LI><a href="#[70]">&gt;&gt;</a>&nbsp;&nbsp;&nbsp;assert_failed
</UL>

<P><STRONG><a name="[7c]"></a>GPIO_WakeModeConfig</STRONG> (Thumb, 44 bytes, Stack size 8 bytes, mhscpu_gpio.o(.text), UNUSED)
<BR><BR>[Calls]<UL><LI><a href="#[70]">&gt;&gt;</a>&nbsp;&nbsp;&nbsp;assert_failed
</UL>

<P><STRONG><a name="[7d]"></a>SYSCTRL_AHBPeriphClockCmd</STRONG> (Thumb, 66 bytes, Stack size 16 bytes, mhscpu_sysctrl.o(.text), UNUSED)
<BR><BR>[Calls]<UL><LI><a href="#[70]">&gt;&gt;</a>&nbsp;&nbsp;&nbsp;assert_failed
</UL>
<BR>[Called By]<UL><LI><a href="#[82]">&gt;&gt;</a>&nbsp;&nbsp;&nbsp;SYSCTRL_GetChipSN
</UL>

<P><STRONG><a name="[4d]"></a>SYSCTRL_APBPeriphClockCmd</STRONG> (Thumb, 66 bytes, Stack size 16 bytes, mhscpu_sysctrl.o(.text))
<BR><BR>[Stack]<UL><LI>Max Depth = 16<LI>Call Chain = SYSCTRL_APBPeriphClockCmd
</UL>
<BR>[Calls]<UL><LI><a href="#[70]">&gt;&gt;</a>&nbsp;&nbsp;&nbsp;assert_failed
</UL>
<BR>[Called By]<UL><LI><a href="#[5c]">&gt;&gt;</a>&nbsp;&nbsp;&nbsp;UART_Configuration_all
<LI><a href="#[3b]">&gt;&gt;</a>&nbsp;&nbsp;&nbsp;main
<LI><a href="#[4c]">&gt;&gt;</a>&nbsp;&nbsp;&nbsp;UART_Configuration
</UL>

<P><STRONG><a name="[7e]"></a>SYSCTRL_AHBPeriphResetCmd</STRONG> (Thumb, 92 bytes, Stack size 16 bytes, mhscpu_sysctrl.o(.text), UNUSED)
<BR><BR>[Calls]<UL><LI><a href="#[70]">&gt;&gt;</a>&nbsp;&nbsp;&nbsp;assert_failed
</UL>
<BR>[Called By]<UL><LI><a href="#[84]">&gt;&gt;</a>&nbsp;&nbsp;&nbsp;SYSCTRL_SoftReset
</UL>

<P><STRONG><a name="[4e]"></a>SYSCTRL_APBPeriphResetCmd</STRONG> (Thumb, 66 bytes, Stack size 16 bytes, mhscpu_sysctrl.o(.text))
<BR><BR>[Stack]<UL><LI>Max Depth = 16<LI>Call Chain = SYSCTRL_APBPeriphResetCmd
</UL>
<BR>[Calls]<UL><LI><a href="#[70]">&gt;&gt;</a>&nbsp;&nbsp;&nbsp;assert_failed
</UL>
<BR>[Called By]<UL><LI><a href="#[88]">&gt;&gt;</a>&nbsp;&nbsp;&nbsp;TIM_DeInit
<LI><a href="#[85]">&gt;&gt;</a>&nbsp;&nbsp;&nbsp;UART_DeInit
<LI><a href="#[75]">&gt;&gt;</a>&nbsp;&nbsp;&nbsp;GPIO_DeInit
<LI><a href="#[5c]">&gt;&gt;</a>&nbsp;&nbsp;&nbsp;UART_Configuration_all
<LI><a href="#[3b]">&gt;&gt;</a>&nbsp;&nbsp;&nbsp;main
<LI><a href="#[4c]">&gt;&gt;</a>&nbsp;&nbsp;&nbsp;UART_Configuration
</UL>

<P><STRONG><a name="[7f]"></a>SYSCTRL_EnterSleep</STRONG> (Thumb, 92 bytes, Stack size 16 bytes, mhscpu_sysctrl.o(.text), UNUSED)
<BR><BR>[Calls]<UL><LI><a href="#[80]">&gt;&gt;</a>&nbsp;&nbsp;&nbsp;__asm___16_mhscpu_sysctrl_c_220ebcab__SYSCTRL_Sleep
<LI><a href="#[70]">&gt;&gt;</a>&nbsp;&nbsp;&nbsp;assert_failed
</UL>

<P><STRONG><a name="[51]"></a>SYSCTRL_SYSCLKSourceSelect</STRONG> (Thumb, 62 bytes, Stack size 8 bytes, mhscpu_sysctrl.o(.text))
<BR><BR>[Stack]<UL><LI>Max Depth = 8<LI>Call Chain = SYSCTRL_SYSCLKSourceSelect
</UL>
<BR>[Calls]<UL><LI><a href="#[70]">&gt;&gt;</a>&nbsp;&nbsp;&nbsp;assert_failed
</UL>
<BR>[Called By]<UL><LI><a href="#[3b]">&gt;&gt;</a>&nbsp;&nbsp;&nbsp;main
</UL>

<P><STRONG><a name="[52]"></a>SYSCTRL_PLLConfig</STRONG> (Thumb, 236 bytes, Stack size 8 bytes, mhscpu_sysctrl.o(.text))
<BR><BR>[Stack]<UL><LI>Max Depth = 8<LI>Call Chain = SYSCTRL_PLLConfig
</UL>
<BR>[Calls]<UL><LI><a href="#[70]">&gt;&gt;</a>&nbsp;&nbsp;&nbsp;assert_failed
</UL>
<BR>[Called By]<UL><LI><a href="#[3b]">&gt;&gt;</a>&nbsp;&nbsp;&nbsp;main
</UL>

<P><STRONG><a name="[53]"></a>SYSCTRL_PLLDivConfig</STRONG> (Thumb, 92 bytes, Stack size 8 bytes, mhscpu_sysctrl.o(.text))
<BR><BR>[Stack]<UL><LI>Max Depth = 8<LI>Call Chain = SYSCTRL_PLLDivConfig
</UL>
<BR>[Calls]<UL><LI><a href="#[70]">&gt;&gt;</a>&nbsp;&nbsp;&nbsp;assert_failed
</UL>
<BR>[Called By]<UL><LI><a href="#[3b]">&gt;&gt;</a>&nbsp;&nbsp;&nbsp;main
</UL>

<P><STRONG><a name="[60]"></a>SYSCTRL_GetClocksFreq</STRONG> (Thumb, 372 bytes, Stack size 0 bytes, mhscpu_sysctrl.o(.text))
<BR><BR>[Called By]<UL><LI><a href="#[50]">&gt;&gt;</a>&nbsp;&nbsp;&nbsp;UART_Init
<LI><a href="#[55]">&gt;&gt;</a>&nbsp;&nbsp;&nbsp;SYSTICK_Init
<LI><a href="#[54]">&gt;&gt;</a>&nbsp;&nbsp;&nbsp;SYSCTRL_HCLKConfig
</UL>

<P><STRONG><a name="[54]"></a>SYSCTRL_HCLKConfig</STRONG> (Thumb, 90 bytes, Stack size 24 bytes, mhscpu_sysctrl.o(.text))
<BR><BR>[Stack]<UL><LI>Max Depth = 24<LI>Call Chain = SYSCTRL_HCLKConfig
</UL>
<BR>[Calls]<UL><LI><a href="#[60]">&gt;&gt;</a>&nbsp;&nbsp;&nbsp;SYSCTRL_GetClocksFreq
<LI><a href="#[70]">&gt;&gt;</a>&nbsp;&nbsp;&nbsp;assert_failed
</UL>
<BR>[Called By]<UL><LI><a href="#[3b]">&gt;&gt;</a>&nbsp;&nbsp;&nbsp;main
</UL>

<P><STRONG><a name="[81]"></a>SYSCTRL_PCLKConfig</STRONG> (Thumb, 44 bytes, Stack size 8 bytes, mhscpu_sysctrl.o(.text), UNUSED)
<BR><BR>[Calls]<UL><LI><a href="#[70]">&gt;&gt;</a>&nbsp;&nbsp;&nbsp;assert_failed
</UL>

<P><STRONG><a name="[82]"></a>SYSCTRL_GetChipSN</STRONG> (Thumb, 24 bytes, Stack size 8 bytes, mhscpu_sysctrl.o(.text), UNUSED)
<BR><BR>[Calls]<UL><LI><a href="#[83]">&gt;&gt;</a>&nbsp;&nbsp;&nbsp;__aeabi_memcpy
<LI><a href="#[7d]">&gt;&gt;</a>&nbsp;&nbsp;&nbsp;SYSCTRL_AHBPeriphClockCmd
</UL>

<P><STRONG><a name="[84]"></a>SYSCTRL_SoftReset</STRONG> (Thumb, 12 bytes, Stack size 8 bytes, mhscpu_sysctrl.o(.text), UNUSED)
<BR><BR>[Calls]<UL><LI><a href="#[7e]">&gt;&gt;</a>&nbsp;&nbsp;&nbsp;SYSCTRL_AHBPeriphResetCmd
</UL>

<P><STRONG><a name="[85]"></a>UART_DeInit</STRONG> (Thumb, 102 bytes, Stack size 8 bytes, mhscpu_uart.o(.text), UNUSED)
<BR><BR>[Calls]<UL><LI><a href="#[4e]">&gt;&gt;</a>&nbsp;&nbsp;&nbsp;SYSCTRL_APBPeriphResetCmd
<LI><a href="#[70]">&gt;&gt;</a>&nbsp;&nbsp;&nbsp;assert_failed
</UL>

<P><STRONG><a name="[50]"></a>UART_Init</STRONG> (Thumb, 214 bytes, Stack size 32 bytes, mhscpu_uart.o(.text))
<BR><BR>[Stack]<UL><LI>Max Depth = 32<LI>Call Chain = UART_Init
</UL>
<BR>[Calls]<UL><LI><a href="#[60]">&gt;&gt;</a>&nbsp;&nbsp;&nbsp;SYSCTRL_GetClocksFreq
<LI><a href="#[70]">&gt;&gt;</a>&nbsp;&nbsp;&nbsp;assert_failed
</UL>
<BR>[Called By]<UL><LI><a href="#[5c]">&gt;&gt;</a>&nbsp;&nbsp;&nbsp;UART_Configuration_all
<LI><a href="#[4c]">&gt;&gt;</a>&nbsp;&nbsp;&nbsp;UART_Configuration
</UL>

<P><STRONG><a name="[9d]"></a>UART_StructInit</STRONG> (Thumb, 18 bytes, Stack size 0 bytes, mhscpu_uart.o(.text), UNUSED)

<P><STRONG><a name="[56]"></a>UART_ITConfig</STRONG> (Thumb, 18 bytes, Stack size 0 bytes, mhscpu_uart.o(.text))
<BR><BR>[Called By]<UL><LI><a href="#[3b]">&gt;&gt;</a>&nbsp;&nbsp;&nbsp;main
</UL>

<P><STRONG><a name="[5f]"></a>UART_SendData</STRONG> (Thumb, 6 bytes, Stack size 0 bytes, mhscpu_uart.o(.text))
<BR><BR>[Called By]<UL><LI><a href="#[5b]">&gt;&gt;</a>&nbsp;&nbsp;&nbsp;Uart0_SendDatas
<LI><a href="#[5d]">&gt;&gt;</a>&nbsp;&nbsp;&nbsp;SER_PutChar
</UL>

<P><STRONG><a name="[66]"></a>UART_ReceiveData</STRONG> (Thumb, 8 bytes, Stack size 0 bytes, mhscpu_uart.o(.text))
<BR><BR>[Called By]<UL><LI><a href="#[f]">&gt;&gt;</a>&nbsp;&nbsp;&nbsp;UART0_IRQHandler
</UL>

<P><STRONG><a name="[9e]"></a>UART_AutoFlowCtrlCmd</STRONG> (Thumb, 22 bytes, Stack size 0 bytes, mhscpu_uart.o(.text), UNUSED)

<P><STRONG><a name="[9f]"></a>UART_SetDTR</STRONG> (Thumb, 10 bytes, Stack size 0 bytes, mhscpu_uart.o(.text), UNUSED)

<P><STRONG><a name="[a0]"></a>UART_ResetDTR</STRONG> (Thumb, 10 bytes, Stack size 0 bytes, mhscpu_uart.o(.text), UNUSED)

<P><STRONG><a name="[a1]"></a>UART_SetRTS</STRONG> (Thumb, 10 bytes, Stack size 0 bytes, mhscpu_uart.o(.text), UNUSED)

<P><STRONG><a name="[a2]"></a>UART_ResetRTS</STRONG> (Thumb, 10 bytes, Stack size 0 bytes, mhscpu_uart.o(.text), UNUSED)

<P><STRONG><a name="[a3]"></a>UART_FIFOInit</STRONG> (Thumb, 124 bytes, Stack size 0 bytes, mhscpu_uart.o(.text), UNUSED)

<P><STRONG><a name="[a4]"></a>UART_FIFOStructInit</STRONG> (Thumb, 20 bytes, Stack size 0 bytes, mhscpu_uart.o(.text), UNUSED)

<P><STRONG><a name="[a5]"></a>UART_FIFOReset</STRONG> (Thumb, 26 bytes, Stack size 0 bytes, mhscpu_uart.o(.text), UNUSED)

<P><STRONG><a name="[a6]"></a>UART_FIFOCmd</STRONG> (Thumb, 30 bytes, Stack size 0 bytes, mhscpu_uart.o(.text), UNUSED)

<P><STRONG><a name="[a7]"></a>UART_GetLineStatus</STRONG> (Thumb, 6 bytes, Stack size 0 bytes, mhscpu_uart.o(.text), UNUSED)

<P><STRONG><a name="[a8]"></a>UART_GetModemStatus</STRONG> (Thumb, 6 bytes, Stack size 0 bytes, mhscpu_uart.o(.text), UNUSED)

<P><STRONG><a name="[65]"></a>UART_GetITIdentity</STRONG> (Thumb, 6 bytes, Stack size 0 bytes, mhscpu_uart.o(.text))
<BR><BR>[Called By]<UL><LI><a href="#[f]">&gt;&gt;</a>&nbsp;&nbsp;&nbsp;UART0_IRQHandler
</UL>

<P><STRONG><a name="[a9]"></a>UART_IsRXFIFOError</STRONG> (Thumb, 18 bytes, Stack size 0 bytes, mhscpu_uart.o(.text), UNUSED)

<P><STRONG><a name="[aa]"></a>UART_IsRXFramingError</STRONG> (Thumb, 18 bytes, Stack size 0 bytes, mhscpu_uart.o(.text), UNUSED)

<P><STRONG><a name="[ab]"></a>UART_IsRXParityError</STRONG> (Thumb, 18 bytes, Stack size 0 bytes, mhscpu_uart.o(.text), UNUSED)

<P><STRONG><a name="[ac]"></a>UART_IsRXOverrunError</STRONG> (Thumb, 18 bytes, Stack size 0 bytes, mhscpu_uart.o(.text), UNUSED)

<P><STRONG><a name="[ad]"></a>UART_IsRXReceived</STRONG> (Thumb, 18 bytes, Stack size 0 bytes, mhscpu_uart.o(.text), UNUSED)

<P><STRONG><a name="[5e]"></a>UART_IsTXEmpty</STRONG> (Thumb, 18 bytes, Stack size 0 bytes, mhscpu_uart.o(.text))
<BR><BR>[Called By]<UL><LI><a href="#[5b]">&gt;&gt;</a>&nbsp;&nbsp;&nbsp;Uart0_SendDatas
<LI><a href="#[5d]">&gt;&gt;</a>&nbsp;&nbsp;&nbsp;SER_PutChar
</UL>

<P><STRONG><a name="[ae]"></a>UART_IsTXHoldingRegisterEmpty</STRONG> (Thumb, 18 bytes, Stack size 0 bytes, mhscpu_uart.o(.text), UNUSED)

<P><STRONG><a name="[af]"></a>UART_IsTXFIFOTrigger</STRONG> (Thumb, 18 bytes, Stack size 0 bytes, mhscpu_uart.o(.text), UNUSED)

<P><STRONG><a name="[b0]"></a>UART_IsRXFIFOFull</STRONG> (Thumb, 18 bytes, Stack size 0 bytes, mhscpu_uart.o(.text), UNUSED)

<P><STRONG><a name="[b1]"></a>UART_IsRXFIFONotEmpty</STRONG> (Thumb, 18 bytes, Stack size 0 bytes, mhscpu_uart.o(.text), UNUSED)

<P><STRONG><a name="[b2]"></a>UART_IsTXFIFOEmpty</STRONG> (Thumb, 18 bytes, Stack size 0 bytes, mhscpu_uart.o(.text), UNUSED)

<P><STRONG><a name="[b3]"></a>UART_IsTXFIFONotFull</STRONG> (Thumb, 18 bytes, Stack size 0 bytes, mhscpu_uart.o(.text), UNUSED)

<P><STRONG><a name="[b4]"></a>UART_IsBusy</STRONG> (Thumb, 18 bytes, Stack size 0 bytes, mhscpu_uart.o(.text), UNUSED)

<P><STRONG><a name="[b5]"></a>UART_DMAGenerateSoftAck</STRONG> (Thumb, 14 bytes, Stack size 0 bytes, mhscpu_uart.o(.text), UNUSED)

<P><STRONG><a name="[b6]"></a>UART_TXHaltCmd</STRONG> (Thumb, 30 bytes, Stack size 0 bytes, mhscpu_uart.o(.text), UNUSED)

<P><STRONG><a name="[b7]"></a>UART_FIFOAccessModeCmd</STRONG> (Thumb, 22 bytes, Stack size 0 bytes, mhscpu_uart.o(.text), UNUSED)

<P><STRONG><a name="[b8]"></a>UART_FIFOTxRead</STRONG> (Thumb, 8 bytes, Stack size 0 bytes, mhscpu_uart.o(.text), UNUSED)

<P><STRONG><a name="[86]"></a>UART_IrDACmd</STRONG> (Thumb, 122 bytes, Stack size 16 bytes, mhscpu_uart.o(.text), UNUSED)
<BR><BR>[Calls]<UL><LI><a href="#[70]">&gt;&gt;</a>&nbsp;&nbsp;&nbsp;assert_failed
</UL>

<P><STRONG><a name="[b9]"></a>UART_SendBreak</STRONG> (Thumb, 14 bytes, Stack size 0 bytes, mhscpu_uart.o(.text), UNUSED)

<P><STRONG><a name="[ba]"></a>EXTI_DeInit</STRONG> (Thumb, 30 bytes, Stack size 0 bytes, mhscpu_exti.o(.text), UNUSED)

<P><STRONG><a name="[87]"></a>EXTI_LineConfig</STRONG> (Thumb, 154 bytes, Stack size 24 bytes, mhscpu_exti.o(.text), UNUSED)
<BR><BR>[Calls]<UL><LI><a href="#[70]">&gt;&gt;</a>&nbsp;&nbsp;&nbsp;assert_failed
</UL>

<P><STRONG><a name="[bb]"></a>EXTI_GetITStatus</STRONG> (Thumb, 24 bytes, Stack size 0 bytes, mhscpu_exti.o(.text), UNUSED)

<P><STRONG><a name="[6a]"></a>EXTI_GetITLineStatus</STRONG> (Thumb, 12 bytes, Stack size 0 bytes, mhscpu_exti.o(.text))
<BR><BR>[Called By]<UL><LI><a href="#[34]">&gt;&gt;</a>&nbsp;&nbsp;&nbsp;EXTI6_IRQHandler
</UL>

<P><STRONG><a name="[68]"></a>EXTI_ClearITPendingBit</STRONG> (Thumb, 14 bytes, Stack size 0 bytes, mhscpu_exti.o(.text))
<BR><BR>[Called By]<UL><LI><a href="#[34]">&gt;&gt;</a>&nbsp;&nbsp;&nbsp;EXTI6_IRQHandler
</UL>

<P><STRONG><a name="[88]"></a>TIM_DeInit</STRONG> (Thumb, 20 bytes, Stack size 8 bytes, mhscpu_timer.o(.text), UNUSED)
<BR><BR>[Calls]<UL><LI><a href="#[4e]">&gt;&gt;</a>&nbsp;&nbsp;&nbsp;SYSCTRL_APBPeriphResetCmd
</UL>

<P><STRONG><a name="[4b]"></a>TIM_Cmd</STRONG> (Thumb, 78 bytes, Stack size 16 bytes, mhscpu_timer.o(.text))
<BR><BR>[Stack]<UL><LI>Max Depth = 16<LI>Call Chain = TIM_Cmd
</UL>
<BR>[Calls]<UL><LI><a href="#[70]">&gt;&gt;</a>&nbsp;&nbsp;&nbsp;assert_failed
</UL>
<BR>[Called By]<UL><LI><a href="#[89]">&gt;&gt;</a>&nbsp;&nbsp;&nbsp;TIM_PWMInit
<LI><a href="#[45]">&gt;&gt;</a>&nbsp;&nbsp;&nbsp;TIM_Init
<LI><a href="#[4a]">&gt;&gt;</a>&nbsp;&nbsp;&nbsp;TIMM0_Mdelay
</UL>

<P><STRONG><a name="[45]"></a>TIM_Init</STRONG> (Thumb, 100 bytes, Stack size 16 bytes, mhscpu_timer.o(.text))
<BR><BR>[Stack]<UL><LI>Max Depth = 32<LI>Call Chain = TIM_Init &rArr; TIM_Cmd
</UL>
<BR>[Calls]<UL><LI><a href="#[4b]">&gt;&gt;</a>&nbsp;&nbsp;&nbsp;TIM_Cmd
</UL>
<BR>[Called By]<UL><LI><a href="#[44]">&gt;&gt;</a>&nbsp;&nbsp;&nbsp;TIMER_Configuration
</UL>

<P><STRONG><a name="[89]"></a>TIM_PWMInit</STRONG> (Thumb, 140 bytes, Stack size 16 bytes, mhscpu_timer.o(.text), UNUSED)
<BR><BR>[Calls]<UL><LI><a href="#[4b]">&gt;&gt;</a>&nbsp;&nbsp;&nbsp;TIM_Cmd
</UL>

<P><STRONG><a name="[bc]"></a>TIM_GetCounter</STRONG> (Thumb, 14 bytes, Stack size 0 bytes, mhscpu_timer.o(.text), UNUSED)

<P><STRONG><a name="[8a]"></a>TIM_ModeConfig</STRONG> (Thumb, 82 bytes, Stack size 16 bytes, mhscpu_timer.o(.text), UNUSED)
<BR><BR>[Calls]<UL><LI><a href="#[70]">&gt;&gt;</a>&nbsp;&nbsp;&nbsp;assert_failed
</UL>

<P><STRONG><a name="[bd]"></a>TIM_SetPeriod</STRONG> (Thumb, 10 bytes, Stack size 0 bytes, mhscpu_timer.o(.text), UNUSED)

<P><STRONG><a name="[be]"></a>TIM_SetPWMPeriod</STRONG> (Thumb, 20 bytes, Stack size 8 bytes, mhscpu_timer.o(.text), UNUSED)

<P><STRONG><a name="[46]"></a>TIM_ITConfig</STRONG> (Thumb, 78 bytes, Stack size 16 bytes, mhscpu_timer.o(.text))
<BR><BR>[Stack]<UL><LI>Max Depth = 16<LI>Call Chain = TIM_ITConfig
</UL>
<BR>[Calls]<UL><LI><a href="#[70]">&gt;&gt;</a>&nbsp;&nbsp;&nbsp;assert_failed
</UL>
<BR>[Called By]<UL><LI><a href="#[44]">&gt;&gt;</a>&nbsp;&nbsp;&nbsp;TIMER_Configuration
</UL>

<P><STRONG><a name="[6b]"></a>TIM_ClearITPendingBit</STRONG> (Thumb, 16 bytes, Stack size 8 bytes, mhscpu_timer.o(.text))
<BR><BR>[Stack]<UL><LI>Max Depth = 8<LI>Call Chain = TIM_ClearITPendingBit
</UL>
<BR>[Called By]<UL><LI><a href="#[31]">&gt;&gt;</a>&nbsp;&nbsp;&nbsp;TIM0_7_IRQHandler
<LI><a href="#[30]">&gt;&gt;</a>&nbsp;&nbsp;&nbsp;TIM0_6_IRQHandler
<LI><a href="#[20]">&gt;&gt;</a>&nbsp;&nbsp;&nbsp;TIM0_5_IRQHandler
<LI><a href="#[1f]">&gt;&gt;</a>&nbsp;&nbsp;&nbsp;TIM0_4_IRQHandler
<LI><a href="#[16]">&gt;&gt;</a>&nbsp;&nbsp;&nbsp;TIM0_3_IRQHandler
<LI><a href="#[15]">&gt;&gt;</a>&nbsp;&nbsp;&nbsp;TIM0_2_IRQHandler
<LI><a href="#[14]">&gt;&gt;</a>&nbsp;&nbsp;&nbsp;TIM0_1_IRQHandler
<LI><a href="#[13]">&gt;&gt;</a>&nbsp;&nbsp;&nbsp;TIM0_0_IRQHandler
</UL>

<P><STRONG><a name="[bf]"></a>TIM_GetITStatus</STRONG> (Thumb, 26 bytes, Stack size 0 bytes, mhscpu_timer.o(.text), UNUSED)

<P><STRONG><a name="[c0]"></a>TIM_GetAllITStatus</STRONG> (Thumb, 8 bytes, Stack size 0 bytes, mhscpu_timer.o(.text), UNUSED)

<P><STRONG><a name="[c1]"></a>TIM_GetRawITStatus</STRONG> (Thumb, 22 bytes, Stack size 0 bytes, mhscpu_timer.o(.text), UNUSED)

<P><STRONG><a name="[c2]"></a>TIM_GetAllRawITStatus</STRONG> (Thumb, 8 bytes, Stack size 0 bytes, mhscpu_timer.o(.text), UNUSED)

<P><STRONG><a name="[8b]"></a>TIM_PWMSinglePulseConfig</STRONG> (Thumb, 78 bytes, Stack size 16 bytes, mhscpu_timer.o(.text), UNUSED)
<BR><BR>[Calls]<UL><LI><a href="#[70]">&gt;&gt;</a>&nbsp;&nbsp;&nbsp;assert_failed
</UL>

<P><STRONG><a name="[c3]"></a>TIM_PWMReloadSinglePulse</STRONG> (Thumb, 26 bytes, Stack size 0 bytes, mhscpu_timer.o(.text), UNUSED)

<P><STRONG><a name="[c4]"></a>SystemCoreClockUpdate</STRONG> (Thumb, 8 bytes, Stack size 0 bytes, system_mhscpu.o(.text), UNUSED)

<P><STRONG><a name="[3c]"></a>SystemInit</STRONG> (Thumb, 14 bytes, Stack size 0 bytes, system_mhscpu.o(.text))
<BR>[Address Reference Count : 1]<UL><LI> startup_mhscpu.o(.text)
</UL>
<P><STRONG><a name="[83]"></a>__aeabi_memcpy</STRONG> (Thumb, 36 bytes, Stack size 0 bytes, memcpya.o(.text), UNUSED)
<BR><BR>[Called By]<UL><LI><a href="#[82]">&gt;&gt;</a>&nbsp;&nbsp;&nbsp;SYSCTRL_GetChipSN
</UL>

<P><STRONG><a name="[74]"></a>__aeabi_memcpy4</STRONG> (Thumb, 0 bytes, Stack size 0 bytes, memcpya.o(.text))
<BR><BR>[Called By]<UL><LI><a href="#[73]">&gt;&gt;</a>&nbsp;&nbsp;&nbsp;GPIO_GetGPIONum
</UL>

<P><STRONG><a name="[c5]"></a>__aeabi_memcpy8</STRONG> (Thumb, 0 bytes, Stack size 0 bytes, memcpya.o(.text), UNUSED)

<P><STRONG><a name="[8c]"></a>__aeabi_memset</STRONG> (Thumb, 14 bytes, Stack size 0 bytes, memseta.o(.text), UNUSED)
<BR><BR>[Called By]<UL><LI><a href="#[8d]">&gt;&gt;</a>&nbsp;&nbsp;&nbsp;_memset$wrapper
<LI><a href="#[6e]">&gt;&gt;</a>&nbsp;&nbsp;&nbsp;__aeabi_memclr
</UL>

<P><STRONG><a name="[c6]"></a>__aeabi_memset4</STRONG> (Thumb, 0 bytes, Stack size 0 bytes, memseta.o(.text), UNUSED)

<P><STRONG><a name="[c7]"></a>__aeabi_memset8</STRONG> (Thumb, 0 bytes, Stack size 0 bytes, memseta.o(.text), UNUSED)

<P><STRONG><a name="[6e]"></a>__aeabi_memclr</STRONG> (Thumb, 4 bytes, Stack size 0 bytes, memseta.o(.text), UNUSED)
<BR><BR>[Calls]<UL><LI><a href="#[8c]">&gt;&gt;</a>&nbsp;&nbsp;&nbsp;__aeabi_memset
</UL>
<BR>[Called By]<UL><LI><a href="#[6d]">&gt;&gt;</a>&nbsp;&nbsp;&nbsp;init_uart
</UL>

<P><STRONG><a name="[c8]"></a>__aeabi_memclr4</STRONG> (Thumb, 0 bytes, Stack size 0 bytes, memseta.o(.text), UNUSED)

<P><STRONG><a name="[c9]"></a>__aeabi_memclr8</STRONG> (Thumb, 0 bytes, Stack size 0 bytes, memseta.o(.text), UNUSED)

<P><STRONG><a name="[8d]"></a>_memset$wrapper</STRONG> (Thumb, 18 bytes, Stack size 8 bytes, memseta.o(.text), UNUSED)
<BR><BR>[Calls]<UL><LI><a href="#[8c]">&gt;&gt;</a>&nbsp;&nbsp;&nbsp;__aeabi_memset
</UL>

<P><STRONG><a name="[ca]"></a>__aeabi_uidiv</STRONG> (Thumb, 0 bytes, Stack size 12 bytes, uidiv.o(.text), UNUSED)

<P><STRONG><a name="[91]"></a>__aeabi_uidivmod</STRONG> (Thumb, 44 bytes, Stack size 12 bytes, uidiv.o(.text), UNUSED)
<BR><BR>[Called By]<UL><LI><a href="#[90]">&gt;&gt;</a>&nbsp;&nbsp;&nbsp;_printf_core
</UL>

<P><STRONG><a name="[40]"></a>__scatterload</STRONG> (Thumb, 28 bytes, Stack size 0 bytes, init.o(.text))
<BR><BR>[Calls]<UL><LI><a href="#[8e]">&gt;&gt;</a>&nbsp;&nbsp;&nbsp;__main_after_scatterload
</UL>
<BR>[Called By]<UL><LI><a href="#[3f]">&gt;&gt;</a>&nbsp;&nbsp;&nbsp;_main_scatterload
</UL>

<P><STRONG><a name="[cb]"></a>__scatterload_rt2</STRONG> (Thumb, 0 bytes, Stack size 0 bytes, init.o(.text), UNUSED)

<P><STRONG><a name="[8f]"></a>__0printf$1</STRONG> (Thumb, 22 bytes, Stack size 24 bytes, printf1.o(i.__0printf$1), UNUSED)
<BR><BR>[Calls]<UL><LI><a href="#[90]">&gt;&gt;</a>&nbsp;&nbsp;&nbsp;_printf_core
</UL>

<P><STRONG><a name="[cc]"></a>__1printf$1</STRONG> (Thumb, 0 bytes, Stack size 24 bytes, printf1.o(i.__0printf$1), UNUSED)

<P><STRONG><a name="[57]"></a>__2printf</STRONG> (Thumb, 0 bytes, Stack size 24 bytes, printf1.o(i.__0printf$1))
<BR><BR>[Stack]<UL><LI>Max Depth = 24<LI>Call Chain = __2printf
</UL>
<BR>[Called By]<UL><LI><a href="#[2]">&gt;&gt;</a>&nbsp;&nbsp;&nbsp;HardFault_Handler
<LI><a href="#[3b]">&gt;&gt;</a>&nbsp;&nbsp;&nbsp;main
</UL>

<P><STRONG><a name="[cd]"></a>__scatterload_copy</STRONG> (Thumb, 14 bytes, Stack size unknown bytes, handlers.o(i.__scatterload_copy), UNUSED)

<P><STRONG><a name="[ce]"></a>__scatterload_null</STRONG> (Thumb, 2 bytes, Stack size unknown bytes, handlers.o(i.__scatterload_null), UNUSED)

<P><STRONG><a name="[cf]"></a>__scatterload_zeroinit</STRONG> (Thumb, 14 bytes, Stack size unknown bytes, handlers.o(i.__scatterload_zeroinit), UNUSED)
<P>
<H3>
Local Symbols
</H3>
<P><STRONG><a name="[48]"></a>NVIC_SetPriorityGrouping</STRONG> (Thumb, 30 bytes, Stack size 0 bytes, main.o(.text))
<BR><BR>[Called By]<UL><LI><a href="#[47]">&gt;&gt;</a>&nbsp;&nbsp;&nbsp;NVIC_Configuration
</UL>

<P><STRONG><a name="[69]"></a>NVIC_ClearPendingIRQ</STRONG> (Thumb, 18 bytes, Stack size 0 bytes, mhscpu_it.o(.text))
<BR><BR>[Called By]<UL><LI><a href="#[31]">&gt;&gt;</a>&nbsp;&nbsp;&nbsp;TIM0_7_IRQHandler
<LI><a href="#[30]">&gt;&gt;</a>&nbsp;&nbsp;&nbsp;TIM0_6_IRQHandler
<LI><a href="#[20]">&gt;&gt;</a>&nbsp;&nbsp;&nbsp;TIM0_5_IRQHandler
<LI><a href="#[1f]">&gt;&gt;</a>&nbsp;&nbsp;&nbsp;TIM0_4_IRQHandler
<LI><a href="#[16]">&gt;&gt;</a>&nbsp;&nbsp;&nbsp;TIM0_3_IRQHandler
<LI><a href="#[15]">&gt;&gt;</a>&nbsp;&nbsp;&nbsp;TIM0_2_IRQHandler
<LI><a href="#[14]">&gt;&gt;</a>&nbsp;&nbsp;&nbsp;TIM0_1_IRQHandler
<LI><a href="#[13]">&gt;&gt;</a>&nbsp;&nbsp;&nbsp;TIM0_0_IRQHandler
<LI><a href="#[34]">&gt;&gt;</a>&nbsp;&nbsp;&nbsp;EXTI6_IRQHandler
</UL>

<P><STRONG><a name="[73]"></a>GPIO_GetGPIONum</STRONG> (Thumb, 120 bytes, Stack size 48 bytes, mhscpu_gpio.o(.text))
<BR><BR>[Stack]<UL><LI>Max Depth = 48<LI>Call Chain = GPIO_GetGPIONum
</UL>
<BR>[Calls]<UL><LI><a href="#[74]">&gt;&gt;</a>&nbsp;&nbsp;&nbsp;__aeabi_memcpy4
<LI><a href="#[70]">&gt;&gt;</a>&nbsp;&nbsp;&nbsp;assert_failed
</UL>
<BR>[Called By]<UL><LI><a href="#[79]">&gt;&gt;</a>&nbsp;&nbsp;&nbsp;GPIO_Write
<LI><a href="#[78]">&gt;&gt;</a>&nbsp;&nbsp;&nbsp;GPIO_ResetBits
<LI><a href="#[43]">&gt;&gt;</a>&nbsp;&nbsp;&nbsp;GPIO_SetBits
<LI><a href="#[4f]">&gt;&gt;</a>&nbsp;&nbsp;&nbsp;GPIO_PinRemapConfig
<LI><a href="#[42]">&gt;&gt;</a>&nbsp;&nbsp;&nbsp;GPIO_Init
</UL>

<P><STRONG><a name="[90]"></a>_printf_core</STRONG> (Thumb, 336 bytes, Stack size 88 bytes, printf1.o(i._printf_core), UNUSED)
<BR><BR>[Calls]<UL><LI><a href="#[91]">&gt;&gt;</a>&nbsp;&nbsp;&nbsp;__aeabi_uidivmod
</UL>
<BR>[Called By]<UL><LI><a href="#[8f]">&gt;&gt;</a>&nbsp;&nbsp;&nbsp;__0printf$1
</UL>
<P>
<H3>
Undefined Global Symbols
</H3><HR></body></html>
