<!doctype html public "-//w3c//dtd html 4.0 transitional//en">
<html><head>
<title>Static Call Graph - [.\RAM\Obj\Project.axf]</title></head>
<body><HR>
<H1>Static Call Graph for image .\RAM\Obj\Project.axf</H1><HR>
<BR><P>#&#060CALLGRAPH&#062# ARM Linker, 5060960: Last Updated: Sat Mar 05 21:46:08 2022
<BR><P>
<H3>Maximum Stack Usage =       5600 bytes + Unknown(Cycles, Untraceable Function Pointers)</H3><H3>
Call chain for Maximum Stack Depth:</H3>
main &rArr; menu_select &rArr; select_menu_0 &rArr; QR_Test &rArr; SingleBuffDecodeDemo &rArr; DecodeStart &rArr; BarDecodeStart &rArr; MhbarImageScanner &rArr; DataMatrixScanner &rArr; DMDataProcess &rArr; DMPerspectiveTransForm &rArr; CalcPerspectiveTransFormationMatrix &rArr; MatrixInverse &rArr; __aeabi_drsub &rArr; __aeabi_dadd &rArr; _double_epilogue &rArr; _double_round
<P>
<H3>
Mutually Recursive functions
</H3> <LI><a href="#[3ab]">KFromFinderPattern</a>&nbsp;&nbsp;&nbsp;&rArr;&nbsp;&nbsp;&nbsp;<a href="#[3ab]">KFromFinderPattern</a><BR>
 <LI><a href="#[3aa]">KFromFinderPattern2</a>&nbsp;&nbsp;&nbsp;&rArr;&nbsp;&nbsp;&nbsp;<a href="#[3aa]">KFromFinderPattern2</a><BR>
 <LI><a href="#[3bb]">rs_quartic_solve</a>&nbsp;&nbsp;&nbsp;&rArr;&nbsp;&nbsp;&nbsp;<a href="#[3bb]">rs_quartic_solve</a><BR>
 <LI><a href="#[22]">ADC0_IRQHandler</a>&nbsp;&nbsp;&nbsp;&rArr;&nbsp;&nbsp;&nbsp;<a href="#[22]">ADC0_IRQHandler</a><BR>
</UL>
<P>
<H3>
Function Pointers
</H3><UL>
 <LI><a href="#[22]">ADC0_IRQHandler</a> from startup_mhscpu.o(.text) referenced from startup_mhscpu.o(RESET)
 <LI><a href="#[3e]">AWD_IRQHandler</a> from startup_mhscpu.o(.text) referenced from startup_mhscpu.o(RESET)
 <LI><a href="#[9]">BusFault_Handler</a> from mhscpu_it.o(.text) referenced from startup_mhscpu.o(RESET)
 <LI><a href="#[17]">CRYPT0_IRQHandler</a> from startup_mhscpu.o(.text) referenced from startup_mhscpu.o(RESET)
 <LI><a href="#[37]">CSI2_IRQHandler</a> from startup_mhscpu.o(.text) referenced from startup_mhscpu.o(RESET)
 <LI><a href="#[3f]">DAC_IRQHandler</a> from startup_mhscpu.o(.text) referenced from startup_mhscpu.o(RESET)
 <LI><a href="#[38]">DCMI_IRQHandler</a> from mhscpu_it.o(.text) referenced from startup_mhscpu.o(RESET)
 <LI><a href="#[f]">DMA0_IRQHandler</a> from startup_mhscpu.o(.text) referenced from startup_mhscpu.o(RESET)
 <LI><a href="#[c]">DebugMon_Handler</a> from mhscpu_it.o(.text) referenced from startup_mhscpu.o(RESET)
 <LI><a href="#[3]">EAN13AndUPCADecode</a> from decodeupcean.o(.text) referenced 2 times from oneddecodemain.o(.data)
 <LI><a href="#[4]">EAN13CheckDispose</a> from decodeupcean.o(.text) referenced 2 times from oneddecodemain.o(.data)
 <LI><a href="#[1]">EAN13DecodeReset</a> from decodeupcean.o(.text) referenced 2 times from oneddecodemain.o(.data)
 <LI><a href="#[1c]">EXTI0_IRQHandler</a> from mhscpu_it.o(.text) referenced from startup_mhscpu.o(RESET)
 <LI><a href="#[1d]">EXTI1_IRQHandler</a> from startup_mhscpu.o(.text) referenced from startup_mhscpu.o(RESET)
 <LI><a href="#[1e]">EXTI2_IRQHandler</a> from startup_mhscpu.o(.text) referenced from startup_mhscpu.o(RESET)
 <LI><a href="#[28]">EXTI3_IRQHandler</a> from startup_mhscpu.o(.text) referenced from startup_mhscpu.o(RESET)
 <LI><a href="#[33]">EXTI4_IRQHandler</a> from startup_mhscpu.o(.text) referenced from startup_mhscpu.o(RESET)
 <LI><a href="#[34]">EXTI5_IRQHandler</a> from startup_mhscpu.o(.text) referenced from startup_mhscpu.o(RESET)
 <LI><a href="#[39]">EXTI6_IRQHandler</a> from startup_mhscpu.o(.text) referenced from startup_mhscpu.o(RESET)
 <LI><a href="#[3a]">EXTI7_IRQHandler</a> from startup_mhscpu.o(.text) referenced from startup_mhscpu.o(RESET)
 <LI><a href="#[3d]">GPU_IRQHandler</a> from startup_mhscpu.o(.text) referenced from startup_mhscpu.o(RESET)
 <LI><a href="#[7]">HardFault_Handler</a> from mhscpu_it.o(.text) referenced from startup_mhscpu.o(RESET)
 <LI><a href="#[32]">I2C0_IRQHandler</a> from startup_mhscpu.o(.text) referenced from startup_mhscpu.o(RESET)
 <LI><a href="#[26]">KEYBOARD_IRQHandler</a> from startup_mhscpu.o(.text) referenced from startup_mhscpu.o(RESET)
 <LI><a href="#[12]">LCD_IRQHandler</a> from startup_mhscpu.o(.text) referenced from startup_mhscpu.o(RESET)
 <LI><a href="#[27]">MSR_IRQHandler</a> from mhscpu_it.o(.text) referenced from startup_mhscpu.o(RESET)
 <LI><a href="#[8]">MemManage_Handler</a> from mhscpu_it.o(.text) referenced from startup_mhscpu.o(RESET)
 <LI><a href="#[6]">NMI_Handler</a> from mhscpu_it.o(.text) referenced from startup_mhscpu.o(RESET)
 <LI><a href="#[d]">PendSV_Handler</a> from mhscpu_it.o(.text) referenced from startup_mhscpu.o(RESET)
 <LI><a href="#[3c]">QR_IRQHandler</a> from startup_mhscpu.o(.text) referenced from startup_mhscpu.o(RESET)
 <LI><a href="#[31]">QSPI_IRQHandler</a> from startup_mhscpu.o(.text) referenced from startup_mhscpu.o(RESET)
 <LI><a href="#[1f]">RTC_IRQHandler</a> from startup_mhscpu.o(.text) referenced from startup_mhscpu.o(RESET)
 <LI><a href="#[5]">Reset_Handler</a> from startup_mhscpu.o(.text) referenced from startup_mhscpu.o(RESET)
 <LI><a href="#[13]">SCI0_IRQHandler</a> from mhscpu_emv_hard.o(.text) referenced from startup_mhscpu.o(RESET)
 <LI><a href="#[2b]">SCI1_IRQHandler</a> from mhscpu_emv_hard.o(.text) referenced from startup_mhscpu.o(RESET)
 <LI><a href="#[2c]">SCI2_IRQHandler</a> from mhscpu_emv_hard.o(.text) referenced from startup_mhscpu.o(RESET)
 <LI><a href="#[3b]">SDIOM_IRQHandler</a> from startup_mhscpu.o(.text) referenced from startup_mhscpu.o(RESET)
 <LI><a href="#[20]">SENSOR_IRQHandler</a> from startup_mhscpu.o(.text) referenced from startup_mhscpu.o(RESET)
 <LI><a href="#[16]">SPI0_IRQHandler</a> from startup_mhscpu.o(.text) referenced from startup_mhscpu.o(RESET)
 <LI><a href="#[29]">SPI1_IRQHandler</a> from startup_mhscpu.o(.text) referenced from startup_mhscpu.o(RESET)
 <LI><a href="#[2a]">SPI2_IRQHandler</a> from startup_mhscpu.o(.text) referenced from startup_mhscpu.o(RESET)
 <LI><a href="#[2d]">SPI3_IRQHandler</a> from startup_mhscpu.o(.text) referenced from startup_mhscpu.o(RESET)
 <LI><a href="#[2e]">SPI4_IRQHandler</a> from mhscpu_it.o(.text) referenced from startup_mhscpu.o(RESET)
 <LI><a href="#[23]">SSC_IRQHandler</a> from startup_mhscpu.o(.text) referenced from startup_mhscpu.o(RESET)
 <LI><a href="#[b]">SVC_Handler</a> from mhscpu_it.o(.text) referenced from startup_mhscpu.o(RESET)
 <LI><a href="#[2]">SearchEAN13StEd</a> from decodeupcean.o(.text) referenced 2 times from oneddecodemain.o(.data)
 <LI><a href="#[e]">SysTick_Handler</a> from systick.o(.text) referenced from startup_mhscpu.o(RESET)
 <LI><a href="#[41]">SystemInit</a> from system_mhscpu.o(.text) referenced from startup_mhscpu.o(.text)
 <LI><a href="#[18]">TIM0_0_IRQHandler</a> from mhscpu_it.o(.text) referenced from startup_mhscpu.o(RESET)
 <LI><a href="#[19]">TIM0_1_IRQHandler</a> from mhscpu_it.o(.text) referenced from startup_mhscpu.o(RESET)
 <LI><a href="#[1a]">TIM0_2_IRQHandler</a> from mhscpu_it.o(.text) referenced from startup_mhscpu.o(RESET)
 <LI><a href="#[1b]">TIM0_3_IRQHandler</a> from mhscpu_it.o(.text) referenced from startup_mhscpu.o(RESET)
 <LI><a href="#[24]">TIM0_4_IRQHandler</a> from mhscpu_it.o(.text) referenced from startup_mhscpu.o(RESET)
 <LI><a href="#[25]">TIM0_5_IRQHandler</a> from mhscpu_it.o(.text) referenced from startup_mhscpu.o(RESET)
 <LI><a href="#[35]">TIM0_6_IRQHandler</a> from mhscpu_it.o(.text) referenced from startup_mhscpu.o(RESET)
 <LI><a href="#[36]">TIM0_7_IRQHandler</a> from mhscpu_it.o(.text) referenced from startup_mhscpu.o(RESET)
 <LI><a href="#[21]">TRNG_IRQHandler</a> from startup_mhscpu.o(.text) referenced from startup_mhscpu.o(RESET)
 <LI><a href="#[14]">UART0_IRQHandler</a> from mhscpu_it.o(.text) referenced from startup_mhscpu.o(RESET)
 <LI><a href="#[15]">UART1_IRQHandler</a> from startup_mhscpu.o(.text) referenced from startup_mhscpu.o(RESET)
 <LI><a href="#[2f]">UART2_IRQHandler</a> from startup_mhscpu.o(.text) referenced from startup_mhscpu.o(RESET)
 <LI><a href="#[30]">UART3_IRQHandler</a> from startup_mhscpu.o(.text) referenced from startup_mhscpu.o(RESET)
 <LI><a href="#[11]">USBDMA_IRQHandler</a> from startup_mhscpu.o(.text) referenced from startup_mhscpu.o(RESET)
 <LI><a href="#[10]">USB_IRQHandler</a> from startup_mhscpu.o(.text) referenced from startup_mhscpu.o(RESET)
 <LI><a href="#[a]">UsageFault_Handler</a> from mhscpu_it.o(.text) referenced from startup_mhscpu.o(RESET)
 <LI><a href="#[42]">__main</a> from entry.o(.ARM.Collect$$$$00000000) referenced from startup_mhscpu.o(.text)
 <LI><a href="#[44]">fputc</a> from main.o(.text) referenced from printf8.o(i.__0printf$8)
 <LI><a href="#[43]">fr_is_rect_contain_with_other</a> from leveldetectionrect.o(.text) referenced from leveldetectionrect.o(.text)
 <LI><a href="#[2cf]">fr_rect_coincide_process</a> from leveldetectionrect.o(.text) referenced from leveldetectionrect.o(.text)
 <LI><a href="#[40]">main</a> from main.o(.text) referenced from entry9a.o(.ARM.Collect$$$$0000000B)
</UL>
<P>
<H3>
Global Symbols
</H3>
<P><STRONG><a name="[42]"></a>__main</STRONG> (Thumb, 0 bytes, Stack size unknown bytes, entry.o(.ARM.Collect$$$$00000000))
<BR>[Address Reference Count : 1]<UL><LI> startup_mhscpu.o(.text)
</UL>
<P><STRONG><a name="[406]"></a>_main_stk</STRONG> (Thumb, 0 bytes, Stack size unknown bytes, entry2.o(.ARM.Collect$$$$00000001))

<P><STRONG><a name="[45]"></a>_main_scatterload</STRONG> (Thumb, 0 bytes, Stack size unknown bytes, entry5.o(.ARM.Collect$$$$00000004))
<BR><BR>[Calls]<UL><LI><a href="#[46]">&gt;&gt;</a>&nbsp;&nbsp;&nbsp;__scatterload
</UL>

<P><STRONG><a name="[3e8]"></a>__main_after_scatterload</STRONG> (Thumb, 0 bytes, Stack size unknown bytes, entry5.o(.ARM.Collect$$$$00000004))
<BR><BR>[Called By]<UL><LI><a href="#[46]">&gt;&gt;</a>&nbsp;&nbsp;&nbsp;__scatterload
</UL>

<P><STRONG><a name="[407]"></a>_main_clock</STRONG> (Thumb, 0 bytes, Stack size unknown bytes, entry7b.o(.ARM.Collect$$$$00000008))

<P><STRONG><a name="[408]"></a>_main_cpp_init</STRONG> (Thumb, 0 bytes, Stack size unknown bytes, entry8b.o(.ARM.Collect$$$$0000000A))

<P><STRONG><a name="[409]"></a>_main_init</STRONG> (Thumb, 0 bytes, Stack size unknown bytes, entry9a.o(.ARM.Collect$$$$0000000B))

<P><STRONG><a name="[40a]"></a>__rt_lib_shutdown_fini</STRONG> (Thumb, 0 bytes, Stack size unknown bytes, entry12b.o(.ARM.Collect$$$$0000000E))

<P><STRONG><a name="[40b]"></a>__rt_final_cpp</STRONG> (Thumb, 0 bytes, Stack size unknown bytes, entry10a.o(.ARM.Collect$$$$0000000F))

<P><STRONG><a name="[40c]"></a>__rt_final_exit</STRONG> (Thumb, 0 bytes, Stack size unknown bytes, entry11a.o(.ARM.Collect$$$$00000011))

<P><STRONG><a name="[135]"></a>__asm___16_mhscpu_sysctrl_c_220ebcab__SYSCTRL_Sleep</STRONG> (Thumb, 24 bytes, Stack size 0 bytes, mhscpu_sysctrl.o(.emb_text), UNUSED)
<BR><BR>[Called By]<UL><LI><a href="#[134]">&gt;&gt;</a>&nbsp;&nbsp;&nbsp;SYSCTRL_EnterSleep
</UL>

<P><STRONG><a name="[47]"></a>Select_EMV_VCC</STRONG> (Thumb, 72 bytes, Stack size 16 bytes, main.o(.text))
<BR><BR>[Stack]<UL><LI>Max Depth = 112<LI>Call Chain = Select_EMV_VCC &rArr; GPIO_Init &rArr; GPIO_PinRemapConfig &rArr; GPIO_GetGPIONum &rArr; __aeabi_memcpy4
</UL>
<BR>[Calls]<UL><LI><a href="#[49]">&gt;&gt;</a>&nbsp;&nbsp;&nbsp;GPIO_SetBits
<LI><a href="#[48]">&gt;&gt;</a>&nbsp;&nbsp;&nbsp;GPIO_Init
</UL>
<BR>[Called By]<UL><LI><a href="#[8f]">&gt;&gt;</a>&nbsp;&nbsp;&nbsp;SCI_Configuration
</UL>

<P><STRONG><a name="[4a]"></a>Display_All_Normal_menu</STRONG> (Thumb, 74 bytes, Stack size 16 bytes, main.o(.text))
<BR><BR>[Stack]<UL><LI>Max Depth = 192<LI>Call Chain = Display_All_Normal_menu &rArr; LCD_DisplayPicDMA_Partial &rArr; LCD_DMAInit &rArr; DMA_Init &rArr; DMA_ChannelCmd
</UL>
<BR>[Calls]<UL><LI><a href="#[4c]">&gt;&gt;</a>&nbsp;&nbsp;&nbsp;LCD_DisplayPicDMA_Partial
<LI><a href="#[4b]">&gt;&gt;</a>&nbsp;&nbsp;&nbsp;__aeabi_memcpy
</UL>
<BR>[Called By]<UL><LI><a href="#[40]">&gt;&gt;</a>&nbsp;&nbsp;&nbsp;main
<LI><a href="#[a5]">&gt;&gt;</a>&nbsp;&nbsp;&nbsp;main_org
</UL>

<P><STRONG><a name="[4d]"></a>Display_All_Click_menu</STRONG> (Thumb, 300 bytes, Stack size 8 bytes, main.o(.text))
<BR><BR>[Stack]<UL><LI>Max Depth = 184<LI>Call Chain = Display_All_Click_menu &rArr; LCD_DisplayPicDMA_Partial &rArr; LCD_DMAInit &rArr; DMA_Init &rArr; DMA_ChannelCmd
</UL>
<BR>[Calls]<UL><LI><a href="#[4c]">&gt;&gt;</a>&nbsp;&nbsp;&nbsp;LCD_DisplayPicDMA_Partial
<LI><a href="#[4b]">&gt;&gt;</a>&nbsp;&nbsp;&nbsp;__aeabi_memcpy
</UL>
<BR>[Called By]<UL><LI><a href="#[7b]">&gt;&gt;</a>&nbsp;&nbsp;&nbsp;select_menu_1
</UL>

<P><STRONG><a name="[4e]"></a>RTC_Test</STRONG> (Thumb, 280 bytes, Stack size 32 bytes, main.o(.text))
<BR><BR>[Stack]<UL><LI>Max Depth = 256<LI>Call Chain = RTC_Test &rArr; LCD_DisplayOneInt &rArr; LCD_DisplayOneChar &rArr; LCD_BlockWritePrep &rArr; GPIO_SetBits &rArr; GPIO_GetGPIONum &rArr; __aeabi_memcpy4
</UL>
<BR>[Calls]<UL><LI><a href="#[56]">&gt;&gt;</a>&nbsp;&nbsp;&nbsp;mdelay
<LI><a href="#[53]">&gt;&gt;</a>&nbsp;&nbsp;&nbsp;convertUnixTimeToDate
<LI><a href="#[4f]">&gt;&gt;</a>&nbsp;&nbsp;&nbsp;RTC_SetRefRegister
<LI><a href="#[51]">&gt;&gt;</a>&nbsp;&nbsp;&nbsp;RTC_GetRefRegister
<LI><a href="#[52]">&gt;&gt;</a>&nbsp;&nbsp;&nbsp;RTC_GetCounter
<LI><a href="#[55]">&gt;&gt;</a>&nbsp;&nbsp;&nbsp;LCD_DisplayStr
<LI><a href="#[54]">&gt;&gt;</a>&nbsp;&nbsp;&nbsp;LCD_DisplayOneInt
<LI><a href="#[50]">&gt;&gt;</a>&nbsp;&nbsp;&nbsp;LCD_DisplayColor
</UL>
<BR>[Called By]<UL><LI><a href="#[57]">&gt;&gt;</a>&nbsp;&nbsp;&nbsp;select_menu_7
</UL>

<P><STRONG><a name="[57]"></a>select_menu_7</STRONG> (Thumb, 30 bytes, Stack size 8 bytes, main.o(.text))
<BR><BR>[Stack]<UL><LI>Max Depth = 264<LI>Call Chain = select_menu_7 &rArr; RTC_Test &rArr; LCD_DisplayOneInt &rArr; LCD_DisplayOneChar &rArr; LCD_BlockWritePrep &rArr; GPIO_SetBits &rArr; GPIO_GetGPIONum &rArr; __aeabi_memcpy4
</UL>
<BR>[Calls]<UL><LI><a href="#[59]">&gt;&gt;</a>&nbsp;&nbsp;&nbsp;FND_BIT_Write
<LI><a href="#[4e]">&gt;&gt;</a>&nbsp;&nbsp;&nbsp;RTC_Test
<LI><a href="#[58]">&gt;&gt;</a>&nbsp;&nbsp;&nbsp;__2printf
</UL>
<BR>[Called By]<UL><LI><a href="#[84]">&gt;&gt;</a>&nbsp;&nbsp;&nbsp;menu_select
</UL>

<P><STRONG><a name="[5a]"></a>DAC_Test</STRONG> (Thumb, 74 bytes, Stack size 8 bytes, main.o(.text))
<BR><BR>[Stack]<UL><LI>Max Depth = 20<LI>Call Chain = DAC_Test &rArr; mdelay
</UL>
<BR>[Calls]<UL><LI><a href="#[56]">&gt;&gt;</a>&nbsp;&nbsp;&nbsp;mdelay
<LI><a href="#[5c]">&gt;&gt;</a>&nbsp;&nbsp;&nbsp;DAC_SetData
<LI><a href="#[5b]">&gt;&gt;</a>&nbsp;&nbsp;&nbsp;DAC_GetFlagStatus
</UL>
<BR>[Called By]<UL><LI><a href="#[5d]">&gt;&gt;</a>&nbsp;&nbsp;&nbsp;select_menu_6
</UL>

<P><STRONG><a name="[5d]"></a>select_menu_6</STRONG> (Thumb, 30 bytes, Stack size 8 bytes, main.o(.text))
<BR><BR>[Stack]<UL><LI>Max Depth = 104<LI>Call Chain = select_menu_6 &rArr; FND_BIT_Write &rArr; GPIO_Write &rArr; GPIO_GetGPIONum &rArr; __aeabi_memcpy4
</UL>
<BR>[Calls]<UL><LI><a href="#[59]">&gt;&gt;</a>&nbsp;&nbsp;&nbsp;FND_BIT_Write
<LI><a href="#[5a]">&gt;&gt;</a>&nbsp;&nbsp;&nbsp;DAC_Test
<LI><a href="#[58]">&gt;&gt;</a>&nbsp;&nbsp;&nbsp;__2printf
</UL>
<BR>[Called By]<UL><LI><a href="#[84]">&gt;&gt;</a>&nbsp;&nbsp;&nbsp;menu_select
</UL>

<P><STRONG><a name="[5e]"></a>select_menu_5</STRONG> (Thumb, 434 bytes, Stack size 8 bytes, main.o(.text))
<BR><BR>[Stack]<UL><LI>Max Depth = 160<LI>Call Chain = select_menu_5 &rArr; LCD_DisplayBand &rArr; LCD_BlockWritePrep &rArr; GPIO_SetBits &rArr; GPIO_GetGPIONum &rArr; __aeabi_memcpy4
</UL>
<BR>[Calls]<UL><LI><a href="#[56]">&gt;&gt;</a>&nbsp;&nbsp;&nbsp;mdelay
<LI><a href="#[64]">&gt;&gt;</a>&nbsp;&nbsp;&nbsp;LCD_DisplayScaleVer
<LI><a href="#[63]">&gt;&gt;</a>&nbsp;&nbsp;&nbsp;LCD_DisplayScaleHor2
<LI><a href="#[62]">&gt;&gt;</a>&nbsp;&nbsp;&nbsp;LCD_DisplayScaleHor1
<LI><a href="#[60]">&gt;&gt;</a>&nbsp;&nbsp;&nbsp;LCD_DisplayGrayHor32
<LI><a href="#[5f]">&gt;&gt;</a>&nbsp;&nbsp;&nbsp;LCD_DisplayGrayHor16
<LI><a href="#[61]">&gt;&gt;</a>&nbsp;&nbsp;&nbsp;LCD_DisplayBand
<LI><a href="#[59]">&gt;&gt;</a>&nbsp;&nbsp;&nbsp;FND_BIT_Write
<LI><a href="#[58]">&gt;&gt;</a>&nbsp;&nbsp;&nbsp;__2printf
</UL>
<BR>[Called By]<UL><LI><a href="#[84]">&gt;&gt;</a>&nbsp;&nbsp;&nbsp;menu_select
</UL>

<P><STRONG><a name="[65]"></a>select_menu_4</STRONG> (Thumb, 80 bytes, Stack size 8 bytes, main.o(.text))
<BR><BR>[Stack]<UL><LI>Max Depth = 120<LI>Call Chain = select_menu_4 &rArr; FND_HEX_Write &rArr; GPIO_Write &rArr; GPIO_GetGPIONum &rArr; __aeabi_memcpy4
</UL>
<BR>[Calls]<UL><LI><a href="#[56]">&gt;&gt;</a>&nbsp;&nbsp;&nbsp;mdelay
<LI><a href="#[66]">&gt;&gt;</a>&nbsp;&nbsp;&nbsp;FND_HEX_Write
<LI><a href="#[59]">&gt;&gt;</a>&nbsp;&nbsp;&nbsp;FND_BIT_Write
<LI><a href="#[58]">&gt;&gt;</a>&nbsp;&nbsp;&nbsp;__2printf
</UL>
<BR>[Called By]<UL><LI><a href="#[84]">&gt;&gt;</a>&nbsp;&nbsp;&nbsp;menu_select
</UL>

<P><STRONG><a name="[67]"></a>select_menu_3</STRONG> (Thumb, 70 bytes, Stack size 8 bytes, main.o(.text))
<BR><BR>[Stack]<UL><LI>Max Depth = 128<LI>Call Chain = select_menu_3 &rArr; touch_get_position &rArr; touch_get_raw_position &rArr; touch_get_x &rArr; SPI_GPIO_TX &rArr; GPIO_SetBits &rArr; GPIO_GetGPIONum &rArr; __aeabi_memcpy4
</UL>
<BR>[Calls]<UL><LI><a href="#[68]">&gt;&gt;</a>&nbsp;&nbsp;&nbsp;touch_get_position
<LI><a href="#[69]">&gt;&gt;</a>&nbsp;&nbsp;&nbsp;LCD_DisplayOneDot
<LI><a href="#[50]">&gt;&gt;</a>&nbsp;&nbsp;&nbsp;LCD_DisplayColor
<LI><a href="#[59]">&gt;&gt;</a>&nbsp;&nbsp;&nbsp;FND_BIT_Write
<LI><a href="#[58]">&gt;&gt;</a>&nbsp;&nbsp;&nbsp;__2printf
</UL>
<BR>[Called By]<UL><LI><a href="#[84]">&gt;&gt;</a>&nbsp;&nbsp;&nbsp;menu_select
</UL>

<P><STRONG><a name="[6a]"></a>MSR_test</STRONG> (Thumb, 560 bytes, Stack size 688 bytes, main.o(.text))
<BR><BR>[Stack]<UL><LI>Max Depth = 1424<LI>Call Chain = MSR_test &rArr; get_decode_data &rArr; get_card_data &rArr; get_dpu_track_raw_data &rArr; msr_memcpy
</UL>
<BR>[Calls]<UL><LI><a href="#[6b]">&gt;&gt;</a>&nbsp;&nbsp;&nbsp;set_wakeup_status
<LI><a href="#[6d]">&gt;&gt;</a>&nbsp;&nbsp;&nbsp;sc_sleep
<LI><a href="#[6c]">&gt;&gt;</a>&nbsp;&nbsp;&nbsp;init_dpu
<LI><a href="#[72]">&gt;&gt;</a>&nbsp;&nbsp;&nbsp;get_track_raw_data
<LI><a href="#[6f]">&gt;&gt;</a>&nbsp;&nbsp;&nbsp;get_decode_data
<LI><a href="#[6e]">&gt;&gt;</a>&nbsp;&nbsp;&nbsp;detect_swiping_card
<LI><a href="#[73]">&gt;&gt;</a>&nbsp;&nbsp;&nbsp;beep
<LI><a href="#[55]">&gt;&gt;</a>&nbsp;&nbsp;&nbsp;LCD_DisplayStr
<LI><a href="#[54]">&gt;&gt;</a>&nbsp;&nbsp;&nbsp;LCD_DisplayOneInt
<LI><a href="#[70]">&gt;&gt;</a>&nbsp;&nbsp;&nbsp;LCD_DisplayOneChar
<LI><a href="#[50]">&gt;&gt;</a>&nbsp;&nbsp;&nbsp;LCD_DisplayColor
<LI><a href="#[71]">&gt;&gt;</a>&nbsp;&nbsp;&nbsp;putc
<LI><a href="#[58]">&gt;&gt;</a>&nbsp;&nbsp;&nbsp;__2printf
</UL>
<BR>[Called By]<UL><LI><a href="#[74]">&gt;&gt;</a>&nbsp;&nbsp;&nbsp;select_menu_2
</UL>

<P><STRONG><a name="[74]"></a>select_menu_2</STRONG> (Thumb, 56 bytes, Stack size 8 bytes, main.o(.text))
<BR><BR>[Stack]<UL><LI>Max Depth = 1432<LI>Call Chain = select_menu_2 &rArr; MSR_test &rArr; get_decode_data &rArr; get_card_data &rArr; get_dpu_track_raw_data &rArr; msr_memcpy
</UL>
<BR>[Calls]<UL><LI><a href="#[55]">&gt;&gt;</a>&nbsp;&nbsp;&nbsp;LCD_DisplayStr
<LI><a href="#[50]">&gt;&gt;</a>&nbsp;&nbsp;&nbsp;LCD_DisplayColor
<LI><a href="#[59]">&gt;&gt;</a>&nbsp;&nbsp;&nbsp;FND_BIT_Write
<LI><a href="#[6a]">&gt;&gt;</a>&nbsp;&nbsp;&nbsp;MSR_test
<LI><a href="#[58]">&gt;&gt;</a>&nbsp;&nbsp;&nbsp;__2printf
</UL>
<BR>[Called By]<UL><LI><a href="#[84]">&gt;&gt;</a>&nbsp;&nbsp;&nbsp;menu_select
</UL>

<P><STRONG><a name="[75]"></a>select_menu_LoopBack</STRONG> (Thumb, 58 bytes, Stack size 8 bytes, main.o(.text))
<BR><BR>[Stack]<UL><LI>Max Depth = 2636<LI>Call Chain = select_menu_LoopBack &rArr; loop_back &rArr; iso7816_exchange &rArr; emv_t1_exchange &rArr; emv_t1_block_xmit &rArr; emv_hard_xmit &rArr; emv_hard_config &rArr; SCI_MatchBaudReg
</UL>
<BR>[Calls]<UL><LI><a href="#[76]">&gt;&gt;</a>&nbsp;&nbsp;&nbsp;loop_back
<LI><a href="#[55]">&gt;&gt;</a>&nbsp;&nbsp;&nbsp;LCD_DisplayStr
<LI><a href="#[50]">&gt;&gt;</a>&nbsp;&nbsp;&nbsp;LCD_DisplayColor
<LI><a href="#[59]">&gt;&gt;</a>&nbsp;&nbsp;&nbsp;FND_BIT_Write
<LI><a href="#[58]">&gt;&gt;</a>&nbsp;&nbsp;&nbsp;__2printf
</UL>
<BR>[Called By]<UL><LI><a href="#[7b]">&gt;&gt;</a>&nbsp;&nbsp;&nbsp;select_menu_1
</UL>

<P><STRONG><a name="[77]"></a>GetCreditCardNumber</STRONG> (Thumb, 538 bytes, Stack size 16 bytes, main.o(.text))
<BR><BR>[Stack]<UL><LI>Max Depth = 5052<LI>Call Chain = GetCreditCardNumber &rArr; SCI_Test &rArr; ReadRecord &rArr; iso7816_exchange &rArr; emv_t1_exchange &rArr; emv_t1_block_xmit &rArr; emv_hard_xmit &rArr; emv_hard_config &rArr; SCI_MatchBaudReg
</UL>
<BR>[Calls]<UL><LI><a href="#[78]">&gt;&gt;</a>&nbsp;&nbsp;&nbsp;SCI_Test
<LI><a href="#[55]">&gt;&gt;</a>&nbsp;&nbsp;&nbsp;LCD_DisplayStr
<LI><a href="#[50]">&gt;&gt;</a>&nbsp;&nbsp;&nbsp;LCD_DisplayColor
<LI><a href="#[79]">&gt;&gt;</a>&nbsp;&nbsp;&nbsp;__aeabi_memcpy4
</UL>
<BR>[Called By]<UL><LI><a href="#[7a]">&gt;&gt;</a>&nbsp;&nbsp;&nbsp;select_menu_CreditNum
</UL>

<P><STRONG><a name="[7a]"></a>select_menu_CreditNum</STRONG> (Thumb, 88 bytes, Stack size 8 bytes, main.o(.text))
<BR><BR>[Stack]<UL><LI>Max Depth = 5060<LI>Call Chain = select_menu_CreditNum &rArr; GetCreditCardNumber &rArr; SCI_Test &rArr; ReadRecord &rArr; iso7816_exchange &rArr; emv_t1_exchange &rArr; emv_t1_block_xmit &rArr; emv_hard_xmit &rArr; emv_hard_config &rArr; SCI_MatchBaudReg
</UL>
<BR>[Calls]<UL><LI><a href="#[55]">&gt;&gt;</a>&nbsp;&nbsp;&nbsp;LCD_DisplayStr
<LI><a href="#[50]">&gt;&gt;</a>&nbsp;&nbsp;&nbsp;LCD_DisplayColor
<LI><a href="#[59]">&gt;&gt;</a>&nbsp;&nbsp;&nbsp;FND_BIT_Write
<LI><a href="#[77]">&gt;&gt;</a>&nbsp;&nbsp;&nbsp;GetCreditCardNumber
<LI><a href="#[58]">&gt;&gt;</a>&nbsp;&nbsp;&nbsp;__2printf
</UL>
<BR>[Called By]<UL><LI><a href="#[7b]">&gt;&gt;</a>&nbsp;&nbsp;&nbsp;select_menu_1
</UL>

<P><STRONG><a name="[7d]"></a>menu_find</STRONG> (Thumb, 236 bytes, Stack size 8 bytes, main.o(.text))
<BR><BR>[Stack]<UL><LI>Max Depth = 8<LI>Call Chain = menu_find
</UL>
<BR>[Called By]<UL><LI><a href="#[40]">&gt;&gt;</a>&nbsp;&nbsp;&nbsp;main
<LI><a href="#[a5]">&gt;&gt;</a>&nbsp;&nbsp;&nbsp;main_org
<LI><a href="#[7b]">&gt;&gt;</a>&nbsp;&nbsp;&nbsp;select_menu_1
</UL>

<P><STRONG><a name="[7b]"></a>select_menu_1</STRONG> (Thumb, 196 bytes, Stack size 32 bytes, main.o(.text))
<BR><BR>[Stack]<UL><LI>Max Depth = 5092<LI>Call Chain = select_menu_1 &rArr; select_menu_CreditNum &rArr; GetCreditCardNumber &rArr; SCI_Test &rArr; ReadRecord &rArr; iso7816_exchange &rArr; emv_t1_exchange &rArr; emv_t1_block_xmit &rArr; emv_hard_xmit &rArr; emv_hard_config &rArr; SCI_MatchBaudReg
</UL>
<BR>[Calls]<UL><LI><a href="#[7c]">&gt;&gt;</a>&nbsp;&nbsp;&nbsp;touch_irq
<LI><a href="#[68]">&gt;&gt;</a>&nbsp;&nbsp;&nbsp;touch_get_position
<LI><a href="#[73]">&gt;&gt;</a>&nbsp;&nbsp;&nbsp;beep
<LI><a href="#[4c]">&gt;&gt;</a>&nbsp;&nbsp;&nbsp;LCD_DisplayPicDMA_Partial
<LI><a href="#[7d]">&gt;&gt;</a>&nbsp;&nbsp;&nbsp;menu_find
<LI><a href="#[7a]">&gt;&gt;</a>&nbsp;&nbsp;&nbsp;select_menu_CreditNum
<LI><a href="#[75]">&gt;&gt;</a>&nbsp;&nbsp;&nbsp;select_menu_LoopBack
<LI><a href="#[4d]">&gt;&gt;</a>&nbsp;&nbsp;&nbsp;Display_All_Click_menu
<LI><a href="#[4b]">&gt;&gt;</a>&nbsp;&nbsp;&nbsp;__aeabi_memcpy
</UL>
<BR>[Called By]<UL><LI><a href="#[84]">&gt;&gt;</a>&nbsp;&nbsp;&nbsp;menu_select
</UL>

<P><STRONG><a name="[7e]"></a>QR_Test</STRONG> (Thumb, 42 bytes, Stack size 16 bytes, main.o(.text))
<BR><BR>[Stack]<UL><LI>Max Depth = 5560<LI>Call Chain = QR_Test &rArr; SingleBuffDecodeDemo &rArr; DecodeStart &rArr; BarDecodeStart &rArr; MhbarImageScanner &rArr; DataMatrixScanner &rArr; DMDataProcess &rArr; DMPerspectiveTransForm &rArr; CalcPerspectiveTransFormationMatrix &rArr; MatrixInverse &rArr; __aeabi_drsub &rArr; __aeabi_dadd &rArr; _double_epilogue &rArr; _double_round
</UL>
<BR>[Calls]<UL><LI><a href="#[80]">&gt;&gt;</a>&nbsp;&nbsp;&nbsp;SingleBuffDecodeDemo
<LI><a href="#[7f]">&gt;&gt;</a>&nbsp;&nbsp;&nbsp;GetDecodeLibVerison
<LI><a href="#[58]">&gt;&gt;</a>&nbsp;&nbsp;&nbsp;__2printf
</UL>
<BR>[Called By]<UL><LI><a href="#[83]">&gt;&gt;</a>&nbsp;&nbsp;&nbsp;select_menu_0
</UL>

<P><STRONG><a name="[81]"></a>LED_IOConfig</STRONG> (Thumb, 32 bytes, Stack size 16 bytes, main.o(.text))
<BR><BR>[Stack]<UL><LI>Max Depth = 112<LI>Call Chain = LED_IOConfig &rArr; GPIO_Init &rArr; GPIO_PinRemapConfig &rArr; GPIO_GetGPIONum &rArr; __aeabi_memcpy4
</UL>
<BR>[Calls]<UL><LI><a href="#[82]">&gt;&gt;</a>&nbsp;&nbsp;&nbsp;GPIO_ResetBits
<LI><a href="#[48]">&gt;&gt;</a>&nbsp;&nbsp;&nbsp;GPIO_Init
</UL>
<BR>[Called By]<UL><LI><a href="#[83]">&gt;&gt;</a>&nbsp;&nbsp;&nbsp;select_menu_0
</UL>

<P><STRONG><a name="[83]"></a>select_menu_0</STRONG> (Thumb, 44 bytes, Stack size 8 bytes, main.o(.text))
<BR><BR>[Stack]<UL><LI>Max Depth = 5568<LI>Call Chain = select_menu_0 &rArr; QR_Test &rArr; SingleBuffDecodeDemo &rArr; DecodeStart &rArr; BarDecodeStart &rArr; MhbarImageScanner &rArr; DataMatrixScanner &rArr; DMDataProcess &rArr; DMPerspectiveTransForm &rArr; CalcPerspectiveTransFormationMatrix &rArr; MatrixInverse &rArr; __aeabi_drsub &rArr; __aeabi_dadd &rArr; _double_epilogue &rArr; _double_round
</UL>
<BR>[Calls]<UL><LI><a href="#[49]">&gt;&gt;</a>&nbsp;&nbsp;&nbsp;GPIO_SetBits
<LI><a href="#[59]">&gt;&gt;</a>&nbsp;&nbsp;&nbsp;FND_BIT_Write
<LI><a href="#[81]">&gt;&gt;</a>&nbsp;&nbsp;&nbsp;LED_IOConfig
<LI><a href="#[7e]">&gt;&gt;</a>&nbsp;&nbsp;&nbsp;QR_Test
<LI><a href="#[58]">&gt;&gt;</a>&nbsp;&nbsp;&nbsp;__2printf
</UL>
<BR>[Called By]<UL><LI><a href="#[84]">&gt;&gt;</a>&nbsp;&nbsp;&nbsp;menu_select
</UL>

<P><STRONG><a name="[84]"></a>menu_select</STRONG> (Thumb, 80 bytes, Stack size 8 bytes, main.o(.text))
<BR><BR>[Stack]<UL><LI>Max Depth = 5576<LI>Call Chain = menu_select &rArr; select_menu_0 &rArr; QR_Test &rArr; SingleBuffDecodeDemo &rArr; DecodeStart &rArr; BarDecodeStart &rArr; MhbarImageScanner &rArr; DataMatrixScanner &rArr; DMDataProcess &rArr; DMPerspectiveTransForm &rArr; CalcPerspectiveTransFormationMatrix &rArr; MatrixInverse &rArr; __aeabi_drsub &rArr; __aeabi_dadd &rArr; _double_epilogue &rArr; _double_round
</UL>
<BR>[Calls]<UL><LI><a href="#[83]">&gt;&gt;</a>&nbsp;&nbsp;&nbsp;select_menu_0
<LI><a href="#[7b]">&gt;&gt;</a>&nbsp;&nbsp;&nbsp;select_menu_1
<LI><a href="#[74]">&gt;&gt;</a>&nbsp;&nbsp;&nbsp;select_menu_2
<LI><a href="#[67]">&gt;&gt;</a>&nbsp;&nbsp;&nbsp;select_menu_3
<LI><a href="#[65]">&gt;&gt;</a>&nbsp;&nbsp;&nbsp;select_menu_4
<LI><a href="#[5e]">&gt;&gt;</a>&nbsp;&nbsp;&nbsp;select_menu_5
<LI><a href="#[5d]">&gt;&gt;</a>&nbsp;&nbsp;&nbsp;select_menu_6
<LI><a href="#[57]">&gt;&gt;</a>&nbsp;&nbsp;&nbsp;select_menu_7
<LI><a href="#[58]">&gt;&gt;</a>&nbsp;&nbsp;&nbsp;__2printf
</UL>
<BR>[Called By]<UL><LI><a href="#[40]">&gt;&gt;</a>&nbsp;&nbsp;&nbsp;main
<LI><a href="#[a5]">&gt;&gt;</a>&nbsp;&nbsp;&nbsp;main_org
</UL>

<P><STRONG><a name="[af]"></a>RTC_Configuration</STRONG> (Thumb, 16 bytes, Stack size 0 bytes, main.o(.text))
<BR><BR>[Called By]<UL><LI><a href="#[40]">&gt;&gt;</a>&nbsp;&nbsp;&nbsp;main
<LI><a href="#[a5]">&gt;&gt;</a>&nbsp;&nbsp;&nbsp;main_org
</UL>

<P><STRONG><a name="[85]"></a>DAC_Configuration</STRONG> (Thumb, 56 bytes, Stack size 16 bytes, main.o(.text))
<BR><BR>[Stack]<UL><LI>Max Depth = 96<LI>Call Chain = DAC_Configuration &rArr; GPIO_PinRemapConfig &rArr; GPIO_GetGPIONum &rArr; __aeabi_memcpy4
</UL>
<BR>[Calls]<UL><LI><a href="#[87]">&gt;&gt;</a>&nbsp;&nbsp;&nbsp;SYSCTRL_APBPeriphResetCmd
<LI><a href="#[86]">&gt;&gt;</a>&nbsp;&nbsp;&nbsp;SYSCTRL_APBPeriphClockCmd
<LI><a href="#[88]">&gt;&gt;</a>&nbsp;&nbsp;&nbsp;GPIO_PinRemapConfig
<LI><a href="#[89]">&gt;&gt;</a>&nbsp;&nbsp;&nbsp;DAC_Init
<LI><a href="#[8a]">&gt;&gt;</a>&nbsp;&nbsp;&nbsp;DAC_Cmd
</UL>
<BR>[Called By]<UL><LI><a href="#[40]">&gt;&gt;</a>&nbsp;&nbsp;&nbsp;main
<LI><a href="#[a5]">&gt;&gt;</a>&nbsp;&nbsp;&nbsp;main_org
</UL>

<P><STRONG><a name="[8b]"></a>SCI_NVICConfig</STRONG> (Thumb, 30 bytes, Stack size 24 bytes, main.o(.text))
<BR><BR>[Stack]<UL><LI>Max Depth = 56<LI>Call Chain = SCI_NVICConfig &rArr; NVIC_Init
</UL>
<BR>[Calls]<UL><LI><a href="#[8d]">&gt;&gt;</a>&nbsp;&nbsp;&nbsp;NVIC_Init
<LI><a href="#[8c]">&gt;&gt;</a>&nbsp;&nbsp;&nbsp;NVIC_SetPriorityGrouping
</UL>
<BR>[Called By]<UL><LI><a href="#[8f]">&gt;&gt;</a>&nbsp;&nbsp;&nbsp;SCI_Configuration
</UL>

<P><STRONG><a name="[8e]"></a>SCI_IOConfig</STRONG> (Thumb, 242 bytes, Stack size 8 bytes, main.o(.text))
<BR><BR>[Stack]<UL><LI>Max Depth = 88<LI>Call Chain = SCI_IOConfig &rArr; GPIO_PinRemapConfig &rArr; GPIO_GetGPIONum &rArr; __aeabi_memcpy4
</UL>
<BR>[Calls]<UL><LI><a href="#[88]">&gt;&gt;</a>&nbsp;&nbsp;&nbsp;GPIO_PinRemapConfig
</UL>
<BR>[Called By]<UL><LI><a href="#[8f]">&gt;&gt;</a>&nbsp;&nbsp;&nbsp;SCI_Configuration
</UL>

<P><STRONG><a name="[8f]"></a>SCI_Configuration</STRONG> (Thumb, 40 bytes, Stack size 8 bytes, main.o(.text))
<BR><BR>[Stack]<UL><LI>Max Depth = 120<LI>Call Chain = SCI_Configuration &rArr; Select_EMV_VCC &rArr; GPIO_Init &rArr; GPIO_PinRemapConfig &rArr; GPIO_GetGPIONum &rArr; __aeabi_memcpy4
</UL>
<BR>[Calls]<UL><LI><a href="#[87]">&gt;&gt;</a>&nbsp;&nbsp;&nbsp;SYSCTRL_APBPeriphResetCmd
<LI><a href="#[86]">&gt;&gt;</a>&nbsp;&nbsp;&nbsp;SYSCTRL_APBPeriphClockCmd
<LI><a href="#[90]">&gt;&gt;</a>&nbsp;&nbsp;&nbsp;SCI_ConfigEMV
<LI><a href="#[8e]">&gt;&gt;</a>&nbsp;&nbsp;&nbsp;SCI_IOConfig
<LI><a href="#[8b]">&gt;&gt;</a>&nbsp;&nbsp;&nbsp;SCI_NVICConfig
<LI><a href="#[47]">&gt;&gt;</a>&nbsp;&nbsp;&nbsp;Select_EMV_VCC
</UL>
<BR>[Called By]<UL><LI><a href="#[40]">&gt;&gt;</a>&nbsp;&nbsp;&nbsp;main
<LI><a href="#[a5]">&gt;&gt;</a>&nbsp;&nbsp;&nbsp;main_org
</UL>

<P><STRONG><a name="[91]"></a>DCMI_NVICConfig</STRONG> (Thumb, 86 bytes, Stack size 24 bytes, main.o(.text))
<BR><BR>[Stack]<UL><LI>Max Depth = 56<LI>Call Chain = DCMI_NVICConfig &rArr; NVIC_Init
</UL>
<BR>[Calls]<UL><LI><a href="#[8d]">&gt;&gt;</a>&nbsp;&nbsp;&nbsp;NVIC_Init
<LI><a href="#[92]">&gt;&gt;</a>&nbsp;&nbsp;&nbsp;DCMI_ITConfig
<LI><a href="#[93]">&gt;&gt;</a>&nbsp;&nbsp;&nbsp;DCMI_ClearITPendingBit
<LI><a href="#[8c]">&gt;&gt;</a>&nbsp;&nbsp;&nbsp;NVIC_SetPriorityGrouping
</UL>
<BR>[Called By]<UL><LI><a href="#[9b]">&gt;&gt;</a>&nbsp;&nbsp;&nbsp;QR_Configuration
</UL>

<P><STRONG><a name="[94]"></a>DCMI_IOConfig</STRONG> (Thumb, 120 bytes, Stack size 8 bytes, main.o(.text))
<BR><BR>[Stack]<UL><LI>Max Depth = 88<LI>Call Chain = DCMI_IOConfig &rArr; GPIO_PinRemapConfig &rArr; GPIO_GetGPIONum &rArr; __aeabi_memcpy4
</UL>
<BR>[Calls]<UL><LI><a href="#[88]">&gt;&gt;</a>&nbsp;&nbsp;&nbsp;GPIO_PinRemapConfig
</UL>
<BR>[Called By]<UL><LI><a href="#[9b]">&gt;&gt;</a>&nbsp;&nbsp;&nbsp;QR_Configuration
</UL>

<P><STRONG><a name="[95]"></a>Cameraclk_Configuration</STRONG> (Thumb, 94 bytes, Stack size 40 bytes, main.o(.text))
<BR><BR>[Stack]<UL><LI>Max Depth = 120<LI>Call Chain = Cameraclk_Configuration &rArr; GPIO_PinRemapConfig &rArr; GPIO_GetGPIONum &rArr; __aeabi_memcpy4
</UL>
<BR>[Calls]<UL><LI><a href="#[97]">&gt;&gt;</a>&nbsp;&nbsp;&nbsp;TIM_PWMInit
<LI><a href="#[98]">&gt;&gt;</a>&nbsp;&nbsp;&nbsp;TIM_Cmd
<LI><a href="#[96]">&gt;&gt;</a>&nbsp;&nbsp;&nbsp;SYSCTRL_GetClocksFreq
<LI><a href="#[86]">&gt;&gt;</a>&nbsp;&nbsp;&nbsp;SYSCTRL_APBPeriphClockCmd
<LI><a href="#[88]">&gt;&gt;</a>&nbsp;&nbsp;&nbsp;GPIO_PinRemapConfig
</UL>
<BR>[Called By]<UL><LI><a href="#[9b]">&gt;&gt;</a>&nbsp;&nbsp;&nbsp;QR_Configuration
</UL>

<P><STRONG><a name="[99]"></a>CameraI2CGPIOConfig</STRONG> (Thumb, 42 bytes, Stack size 8 bytes, main.o(.text))
<BR><BR>[Stack]<UL><LI>Max Depth = 88<LI>Call Chain = CameraI2CGPIOConfig &rArr; GPIO_PinRemapConfig &rArr; GPIO_GetGPIONum &rArr; __aeabi_memcpy4
</UL>
<BR>[Calls]<UL><LI><a href="#[86]">&gt;&gt;</a>&nbsp;&nbsp;&nbsp;SYSCTRL_APBPeriphClockCmd
<LI><a href="#[9a]">&gt;&gt;</a>&nbsp;&nbsp;&nbsp;I2C_DeInit
<LI><a href="#[88]">&gt;&gt;</a>&nbsp;&nbsp;&nbsp;GPIO_PinRemapConfig
</UL>
<BR>[Called By]<UL><LI><a href="#[9b]">&gt;&gt;</a>&nbsp;&nbsp;&nbsp;QR_Configuration
</UL>

<P><STRONG><a name="[9b]"></a>QR_Configuration</STRONG> (Thumb, 172 bytes, Stack size 48 bytes, main.o(.text))
<BR><BR>[Stack]<UL><LI>Max Depth = 424<LI>Call Chain = QR_Configuration &rArr; DecodeInit &rArr; DCMI_Configuration &rArr; DCMIDMAConfig &rArr; DCMIInitialize &rArr; DCMIDMAInitialize &rArr; DMA_MultiBlockInit &rArr; DMA_ChannelCmd
</UL>
<BR>[Calls]<UL><LI><a href="#[87]">&gt;&gt;</a>&nbsp;&nbsp;&nbsp;SYSCTRL_APBPeriphResetCmd
<LI><a href="#[86]">&gt;&gt;</a>&nbsp;&nbsp;&nbsp;SYSCTRL_APBPeriphClockCmd
<LI><a href="#[9d]">&gt;&gt;</a>&nbsp;&nbsp;&nbsp;SYSCTRL_AHBPeriphResetCmd
<LI><a href="#[9c]">&gt;&gt;</a>&nbsp;&nbsp;&nbsp;SYSCTRL_AHBPeriphClockCmd
<LI><a href="#[9e]">&gt;&gt;</a>&nbsp;&nbsp;&nbsp;DecodeInit
<LI><a href="#[99]">&gt;&gt;</a>&nbsp;&nbsp;&nbsp;CameraI2CGPIOConfig
<LI><a href="#[95]">&gt;&gt;</a>&nbsp;&nbsp;&nbsp;Cameraclk_Configuration
<LI><a href="#[94]">&gt;&gt;</a>&nbsp;&nbsp;&nbsp;DCMI_IOConfig
<LI><a href="#[91]">&gt;&gt;</a>&nbsp;&nbsp;&nbsp;DCMI_NVICConfig
<LI><a href="#[58]">&gt;&gt;</a>&nbsp;&nbsp;&nbsp;__2printf
</UL>
<BR>[Called By]<UL><LI><a href="#[40]">&gt;&gt;</a>&nbsp;&nbsp;&nbsp;main
<LI><a href="#[a5]">&gt;&gt;</a>&nbsp;&nbsp;&nbsp;main_org
</UL>

<P><STRONG><a name="[9f]"></a>KEY_NVICConfig</STRONG> (Thumb, 42 bytes, Stack size 24 bytes, main.o(.text))
<BR><BR>[Stack]<UL><LI>Max Depth = 56<LI>Call Chain = KEY_NVICConfig &rArr; NVIC_Init
</UL>
<BR>[Calls]<UL><LI><a href="#[8d]">&gt;&gt;</a>&nbsp;&nbsp;&nbsp;NVIC_Init
<LI><a href="#[a0]">&gt;&gt;</a>&nbsp;&nbsp;&nbsp;EXTI_LineConfig
<LI><a href="#[8c]">&gt;&gt;</a>&nbsp;&nbsp;&nbsp;NVIC_SetPriorityGrouping
</UL>
<BR>[Called By]<UL><LI><a href="#[a2]">&gt;&gt;</a>&nbsp;&nbsp;&nbsp;KEY_Configuration
</UL>

<P><STRONG><a name="[a1]"></a>KEY_IOConfig</STRONG> (Thumb, 26 bytes, Stack size 16 bytes, main.o(.text))
<BR><BR>[Stack]<UL><LI>Max Depth = 112<LI>Call Chain = KEY_IOConfig &rArr; GPIO_Init &rArr; GPIO_PinRemapConfig &rArr; GPIO_GetGPIONum &rArr; __aeabi_memcpy4
</UL>
<BR>[Calls]<UL><LI><a href="#[48]">&gt;&gt;</a>&nbsp;&nbsp;&nbsp;GPIO_Init
</UL>
<BR>[Called By]<UL><LI><a href="#[a2]">&gt;&gt;</a>&nbsp;&nbsp;&nbsp;KEY_Configuration
</UL>

<P><STRONG><a name="[a2]"></a>KEY_Configuration</STRONG> (Thumb, 12 bytes, Stack size 8 bytes, main.o(.text))
<BR><BR>[Stack]<UL><LI>Max Depth = 120<LI>Call Chain = KEY_Configuration &rArr; KEY_IOConfig &rArr; GPIO_Init &rArr; GPIO_PinRemapConfig &rArr; GPIO_GetGPIONum &rArr; __aeabi_memcpy4
</UL>
<BR>[Calls]<UL><LI><a href="#[a1]">&gt;&gt;</a>&nbsp;&nbsp;&nbsp;KEY_IOConfig
<LI><a href="#[9f]">&gt;&gt;</a>&nbsp;&nbsp;&nbsp;KEY_NVICConfig
</UL>
<BR>[Called By]<UL><LI><a href="#[40]">&gt;&gt;</a>&nbsp;&nbsp;&nbsp;main
<LI><a href="#[a5]">&gt;&gt;</a>&nbsp;&nbsp;&nbsp;main_org
</UL>

<P><STRONG><a name="[a3]"></a>UART_Configuration</STRONG> (Thumb, 56 bytes, Stack size 24 bytes, main.o(.text))
<BR><BR>[Stack]<UL><LI>Max Depth = 104<LI>Call Chain = UART_Configuration &rArr; GPIO_PinRemapConfig &rArr; GPIO_GetGPIONum &rArr; __aeabi_memcpy4
</UL>
<BR>[Calls]<UL><LI><a href="#[a4]">&gt;&gt;</a>&nbsp;&nbsp;&nbsp;UART_Init
<LI><a href="#[87]">&gt;&gt;</a>&nbsp;&nbsp;&nbsp;SYSCTRL_APBPeriphResetCmd
<LI><a href="#[86]">&gt;&gt;</a>&nbsp;&nbsp;&nbsp;SYSCTRL_APBPeriphClockCmd
<LI><a href="#[88]">&gt;&gt;</a>&nbsp;&nbsp;&nbsp;GPIO_PinRemapConfig
</UL>
<BR>[Called By]<UL><LI><a href="#[40]">&gt;&gt;</a>&nbsp;&nbsp;&nbsp;main
<LI><a href="#[a5]">&gt;&gt;</a>&nbsp;&nbsp;&nbsp;main_org
</UL>

<P><STRONG><a name="[a5]"></a>main_org</STRONG> (Thumb, 546 bytes, Stack size 24 bytes, main.o(.text), UNUSED)
<BR><BR>[Calls]<UL><LI><a href="#[7c]">&gt;&gt;</a>&nbsp;&nbsp;&nbsp;touch_irq
<LI><a href="#[68]">&gt;&gt;</a>&nbsp;&nbsp;&nbsp;touch_get_position
<LI><a href="#[56]">&gt;&gt;</a>&nbsp;&nbsp;&nbsp;mdelay
<LI><a href="#[b1]">&gt;&gt;</a>&nbsp;&nbsp;&nbsp;calibrateTouchScreen
<LI><a href="#[73]">&gt;&gt;</a>&nbsp;&nbsp;&nbsp;beep
<LI><a href="#[ab]">&gt;&gt;</a>&nbsp;&nbsp;&nbsp;TOUCH_Configuration
<LI><a href="#[aa]">&gt;&gt;</a>&nbsp;&nbsp;&nbsp;SYSTICK_Init
<LI><a href="#[a6]">&gt;&gt;</a>&nbsp;&nbsp;&nbsp;SYSCTRL_SYSCLKSourceSelect
<LI><a href="#[a8]">&gt;&gt;</a>&nbsp;&nbsp;&nbsp;SYSCTRL_PLLDivConfig
<LI><a href="#[a7]">&gt;&gt;</a>&nbsp;&nbsp;&nbsp;SYSCTRL_PLLConfig
<LI><a href="#[a9]">&gt;&gt;</a>&nbsp;&nbsp;&nbsp;SYSCTRL_HCLKConfig
<LI><a href="#[86]">&gt;&gt;</a>&nbsp;&nbsp;&nbsp;SYSCTRL_APBPeriphClockCmd
<LI><a href="#[4c]">&gt;&gt;</a>&nbsp;&nbsp;&nbsp;LCD_DisplayPicDMA_Partial
<LI><a href="#[b0]">&gt;&gt;</a>&nbsp;&nbsp;&nbsp;LCD_DisplayPicDMA
<LI><a href="#[50]">&gt;&gt;</a>&nbsp;&nbsp;&nbsp;LCD_DisplayColor
<LI><a href="#[ac]">&gt;&gt;</a>&nbsp;&nbsp;&nbsp;LCD_Configuration
<LI><a href="#[82]">&gt;&gt;</a>&nbsp;&nbsp;&nbsp;GPIO_ResetBits
<LI><a href="#[66]">&gt;&gt;</a>&nbsp;&nbsp;&nbsp;FND_HEX_Write
<LI><a href="#[ae]">&gt;&gt;</a>&nbsp;&nbsp;&nbsp;FND_Configuration
<LI><a href="#[59]">&gt;&gt;</a>&nbsp;&nbsp;&nbsp;FND_BIT_Write
<LI><a href="#[ad]">&gt;&gt;</a>&nbsp;&nbsp;&nbsp;BEEP_Configuration
<LI><a href="#[a3]">&gt;&gt;</a>&nbsp;&nbsp;&nbsp;UART_Configuration
<LI><a href="#[a2]">&gt;&gt;</a>&nbsp;&nbsp;&nbsp;KEY_Configuration
<LI><a href="#[9b]">&gt;&gt;</a>&nbsp;&nbsp;&nbsp;QR_Configuration
<LI><a href="#[8f]">&gt;&gt;</a>&nbsp;&nbsp;&nbsp;SCI_Configuration
<LI><a href="#[85]">&gt;&gt;</a>&nbsp;&nbsp;&nbsp;DAC_Configuration
<LI><a href="#[af]">&gt;&gt;</a>&nbsp;&nbsp;&nbsp;RTC_Configuration
<LI><a href="#[84]">&gt;&gt;</a>&nbsp;&nbsp;&nbsp;menu_select
<LI><a href="#[7d]">&gt;&gt;</a>&nbsp;&nbsp;&nbsp;menu_find
<LI><a href="#[4a]">&gt;&gt;</a>&nbsp;&nbsp;&nbsp;Display_All_Normal_menu
<LI><a href="#[4b]">&gt;&gt;</a>&nbsp;&nbsp;&nbsp;__aeabi_memcpy
<LI><a href="#[58]">&gt;&gt;</a>&nbsp;&nbsp;&nbsp;__2printf
</UL>

<P><STRONG><a name="[b2]"></a>TIMER_Configuration</STRONG> (Thumb, 32 bytes, Stack size 16 bytes, main.o(.text))
<BR><BR>[Stack]<UL><LI>Max Depth = 48<LI>Call Chain = TIMER_Configuration &rArr; TIM_Init &rArr; TIM_Cmd
</UL>
<BR>[Calls]<UL><LI><a href="#[b3]">&gt;&gt;</a>&nbsp;&nbsp;&nbsp;TIM_Init
<LI><a href="#[b4]">&gt;&gt;</a>&nbsp;&nbsp;&nbsp;TIM_ITConfig
</UL>
<BR>[Called By]<UL><LI><a href="#[40]">&gt;&gt;</a>&nbsp;&nbsp;&nbsp;main
</UL>

<P><STRONG><a name="[b5]"></a>NVIC_Configuration</STRONG> (Thumb, 32 bytes, Stack size 24 bytes, main.o(.text))
<BR><BR>[Stack]<UL><LI>Max Depth = 56<LI>Call Chain = NVIC_Configuration &rArr; NVIC_Init
</UL>
<BR>[Calls]<UL><LI><a href="#[8d]">&gt;&gt;</a>&nbsp;&nbsp;&nbsp;NVIC_Init
<LI><a href="#[8c]">&gt;&gt;</a>&nbsp;&nbsp;&nbsp;NVIC_SetPriorityGrouping
</UL>
<BR>[Called By]<UL><LI><a href="#[40]">&gt;&gt;</a>&nbsp;&nbsp;&nbsp;main
</UL>

<P><STRONG><a name="[40d]"></a>TIMM0_GetTick</STRONG> (Thumb, 10 bytes, Stack size 0 bytes, main.o(.text), UNUSED)

<P><STRONG><a name="[b6]"></a>TIMM0_Mdelay</STRONG> (Thumb, 76 bytes, Stack size 16 bytes, main.o(.text), UNUSED)
<BR><BR>[Calls]<UL><LI><a href="#[98]">&gt;&gt;</a>&nbsp;&nbsp;&nbsp;TIM_Cmd
</UL>

<P><STRONG><a name="[40]"></a>main</STRONG> (Thumb, 348 bytes, Stack size 24 bytes, main.o(.text))
<BR><BR>[Stack]<UL><LI>Max Depth = 5600<LI>Call Chain = main &rArr; menu_select &rArr; select_menu_0 &rArr; QR_Test &rArr; SingleBuffDecodeDemo &rArr; DecodeStart &rArr; BarDecodeStart &rArr; MhbarImageScanner &rArr; DataMatrixScanner &rArr; DMDataProcess &rArr; DMPerspectiveTransForm &rArr; CalcPerspectiveTransFormationMatrix &rArr; MatrixInverse &rArr; __aeabi_drsub &rArr; __aeabi_dadd &rArr; _double_epilogue &rArr; _double_round
</UL>
<BR>[Calls]<UL><LI><a href="#[7c]">&gt;&gt;</a>&nbsp;&nbsp;&nbsp;touch_irq
<LI><a href="#[68]">&gt;&gt;</a>&nbsp;&nbsp;&nbsp;touch_get_position
<LI><a href="#[56]">&gt;&gt;</a>&nbsp;&nbsp;&nbsp;mdelay
<LI><a href="#[b1]">&gt;&gt;</a>&nbsp;&nbsp;&nbsp;calibrateTouchScreen
<LI><a href="#[73]">&gt;&gt;</a>&nbsp;&nbsp;&nbsp;beep
<LI><a href="#[ab]">&gt;&gt;</a>&nbsp;&nbsp;&nbsp;TOUCH_Configuration
<LI><a href="#[aa]">&gt;&gt;</a>&nbsp;&nbsp;&nbsp;SYSTICK_Init
<LI><a href="#[a6]">&gt;&gt;</a>&nbsp;&nbsp;&nbsp;SYSCTRL_SYSCLKSourceSelect
<LI><a href="#[a8]">&gt;&gt;</a>&nbsp;&nbsp;&nbsp;SYSCTRL_PLLDivConfig
<LI><a href="#[a7]">&gt;&gt;</a>&nbsp;&nbsp;&nbsp;SYSCTRL_PLLConfig
<LI><a href="#[a9]">&gt;&gt;</a>&nbsp;&nbsp;&nbsp;SYSCTRL_HCLKConfig
<LI><a href="#[86]">&gt;&gt;</a>&nbsp;&nbsp;&nbsp;SYSCTRL_APBPeriphClockCmd
<LI><a href="#[4c]">&gt;&gt;</a>&nbsp;&nbsp;&nbsp;LCD_DisplayPicDMA_Partial
<LI><a href="#[b0]">&gt;&gt;</a>&nbsp;&nbsp;&nbsp;LCD_DisplayPicDMA
<LI><a href="#[50]">&gt;&gt;</a>&nbsp;&nbsp;&nbsp;LCD_DisplayColor
<LI><a href="#[ac]">&gt;&gt;</a>&nbsp;&nbsp;&nbsp;LCD_Configuration
<LI><a href="#[82]">&gt;&gt;</a>&nbsp;&nbsp;&nbsp;GPIO_ResetBits
<LI><a href="#[66]">&gt;&gt;</a>&nbsp;&nbsp;&nbsp;FND_HEX_Write
<LI><a href="#[ae]">&gt;&gt;</a>&nbsp;&nbsp;&nbsp;FND_Configuration
<LI><a href="#[59]">&gt;&gt;</a>&nbsp;&nbsp;&nbsp;FND_BIT_Write
<LI><a href="#[ad]">&gt;&gt;</a>&nbsp;&nbsp;&nbsp;BEEP_Configuration
<LI><a href="#[b5]">&gt;&gt;</a>&nbsp;&nbsp;&nbsp;NVIC_Configuration
<LI><a href="#[b2]">&gt;&gt;</a>&nbsp;&nbsp;&nbsp;TIMER_Configuration
<LI><a href="#[a3]">&gt;&gt;</a>&nbsp;&nbsp;&nbsp;UART_Configuration
<LI><a href="#[a2]">&gt;&gt;</a>&nbsp;&nbsp;&nbsp;KEY_Configuration
<LI><a href="#[9b]">&gt;&gt;</a>&nbsp;&nbsp;&nbsp;QR_Configuration
<LI><a href="#[8f]">&gt;&gt;</a>&nbsp;&nbsp;&nbsp;SCI_Configuration
<LI><a href="#[85]">&gt;&gt;</a>&nbsp;&nbsp;&nbsp;DAC_Configuration
<LI><a href="#[af]">&gt;&gt;</a>&nbsp;&nbsp;&nbsp;RTC_Configuration
<LI><a href="#[84]">&gt;&gt;</a>&nbsp;&nbsp;&nbsp;menu_select
<LI><a href="#[7d]">&gt;&gt;</a>&nbsp;&nbsp;&nbsp;menu_find
<LI><a href="#[4a]">&gt;&gt;</a>&nbsp;&nbsp;&nbsp;Display_All_Normal_menu
<LI><a href="#[4b]">&gt;&gt;</a>&nbsp;&nbsp;&nbsp;__aeabi_memcpy
<LI><a href="#[58]">&gt;&gt;</a>&nbsp;&nbsp;&nbsp;__2printf
</UL>
<BR>[Address Reference Count : 1]<UL><LI> entry9a.o(.ARM.Collect$$$$0000000B)
</UL>
<P><STRONG><a name="[b7]"></a>Sign_test</STRONG> (Thumb, 46 bytes, Stack size 8 bytes, main.o(.text), UNUSED)
<BR><BR>[Calls]<UL><LI><a href="#[68]">&gt;&gt;</a>&nbsp;&nbsp;&nbsp;touch_get_position
<LI><a href="#[69]">&gt;&gt;</a>&nbsp;&nbsp;&nbsp;LCD_DisplayOneDot
<LI><a href="#[50]">&gt;&gt;</a>&nbsp;&nbsp;&nbsp;LCD_DisplayColor
</UL>

<P><STRONG><a name="[b8]"></a>UART_Configuration_all</STRONG> (Thumb, 160 bytes, Stack size 24 bytes, main.o(.text), UNUSED)
<BR><BR>[Calls]<UL><LI><a href="#[a4]">&gt;&gt;</a>&nbsp;&nbsp;&nbsp;UART_Init
<LI><a href="#[87]">&gt;&gt;</a>&nbsp;&nbsp;&nbsp;SYSCTRL_APBPeriphResetCmd
<LI><a href="#[86]">&gt;&gt;</a>&nbsp;&nbsp;&nbsp;SYSCTRL_APBPeriphClockCmd
<LI><a href="#[88]">&gt;&gt;</a>&nbsp;&nbsp;&nbsp;GPIO_PinRemapConfig
</UL>

<P><STRONG><a name="[b9]"></a>SER_PutChar</STRONG> (Thumb, 28 bytes, Stack size 8 bytes, main.o(.text))
<BR><BR>[Stack]<UL><LI>Max Depth = 8<LI>Call Chain = SER_PutChar
</UL>
<BR>[Calls]<UL><LI><a href="#[bb]">&gt;&gt;</a>&nbsp;&nbsp;&nbsp;UART_SendData
<LI><a href="#[ba]">&gt;&gt;</a>&nbsp;&nbsp;&nbsp;UART_IsTXEmpty
</UL>
<BR>[Called By]<UL><LI><a href="#[44]">&gt;&gt;</a>&nbsp;&nbsp;&nbsp;fputc
</UL>

<P><STRONG><a name="[44]"></a>fputc</STRONG> (Thumb, 24 bytes, Stack size 16 bytes, main.o(.text))
<BR><BR>[Stack]<UL><LI>Max Depth = 24<LI>Call Chain = fputc &rArr; SER_PutChar
</UL>
<BR>[Calls]<UL><LI><a href="#[b9]">&gt;&gt;</a>&nbsp;&nbsp;&nbsp;SER_PutChar
</UL>
<BR>[Called By]<UL><LI><a href="#[71]">&gt;&gt;</a>&nbsp;&nbsp;&nbsp;putc
</UL>
<BR>[Address Reference Count : 1]<UL><LI> printf8.o(i.__0printf$8)
</UL>
<P><STRONG><a name="[119]"></a>assert_failed</STRONG> (Thumb, 4 bytes, Stack size 0 bytes, main.o(.text))
<BR><BR>[Called By]<UL><LI><a href="#[e3]">&gt;&gt;</a>&nbsp;&nbsp;&nbsp;GPIO_Write
<LI><a href="#[ca]">&gt;&gt;</a>&nbsp;&nbsp;&nbsp;SPI_Init
<LI><a href="#[cb]">&gt;&gt;</a>&nbsp;&nbsp;&nbsp;SPI_Cmd
<LI><a href="#[c6]">&gt;&gt;</a>&nbsp;&nbsp;&nbsp;GPIO_ReadInputDataBit
<LI><a href="#[c2]">&gt;&gt;</a>&nbsp;&nbsp;&nbsp;DCMI_GetITStatus
<LI><a href="#[a4]">&gt;&gt;</a>&nbsp;&nbsp;&nbsp;UART_Init
<LI><a href="#[b4]">&gt;&gt;</a>&nbsp;&nbsp;&nbsp;TIM_ITConfig
<LI><a href="#[98]">&gt;&gt;</a>&nbsp;&nbsp;&nbsp;TIM_Cmd
<LI><a href="#[a6]">&gt;&gt;</a>&nbsp;&nbsp;&nbsp;SYSCTRL_SYSCLKSourceSelect
<LI><a href="#[a8]">&gt;&gt;</a>&nbsp;&nbsp;&nbsp;SYSCTRL_PLLDivConfig
<LI><a href="#[a7]">&gt;&gt;</a>&nbsp;&nbsp;&nbsp;SYSCTRL_PLLConfig
<LI><a href="#[a9]">&gt;&gt;</a>&nbsp;&nbsp;&nbsp;SYSCTRL_HCLKConfig
<LI><a href="#[87]">&gt;&gt;</a>&nbsp;&nbsp;&nbsp;SYSCTRL_APBPeriphResetCmd
<LI><a href="#[86]">&gt;&gt;</a>&nbsp;&nbsp;&nbsp;SYSCTRL_APBPeriphClockCmd
<LI><a href="#[9d]">&gt;&gt;</a>&nbsp;&nbsp;&nbsp;SYSCTRL_AHBPeriphResetCmd
<LI><a href="#[9c]">&gt;&gt;</a>&nbsp;&nbsp;&nbsp;SYSCTRL_AHBPeriphClockCmd
<LI><a href="#[8d]">&gt;&gt;</a>&nbsp;&nbsp;&nbsp;NVIC_Init
<LI><a href="#[49]">&gt;&gt;</a>&nbsp;&nbsp;&nbsp;GPIO_SetBits
<LI><a href="#[82]">&gt;&gt;</a>&nbsp;&nbsp;&nbsp;GPIO_ResetBits
<LI><a href="#[88]">&gt;&gt;</a>&nbsp;&nbsp;&nbsp;GPIO_PinRemapConfig
<LI><a href="#[48]">&gt;&gt;</a>&nbsp;&nbsp;&nbsp;GPIO_Init
<LI><a href="#[a0]">&gt;&gt;</a>&nbsp;&nbsp;&nbsp;EXTI_LineConfig
<LI><a href="#[92]">&gt;&gt;</a>&nbsp;&nbsp;&nbsp;DCMI_ITConfig
<LI><a href="#[89]">&gt;&gt;</a>&nbsp;&nbsp;&nbsp;DAC_Init
<LI><a href="#[5b]">&gt;&gt;</a>&nbsp;&nbsp;&nbsp;DAC_GetFlagStatus
<LI><a href="#[8a]">&gt;&gt;</a>&nbsp;&nbsp;&nbsp;DAC_Cmd
<LI><a href="#[179]">&gt;&gt;</a>&nbsp;&nbsp;&nbsp;RTC_ITConfig
<LI><a href="#[175]">&gt;&gt;</a>&nbsp;&nbsp;&nbsp;DAC_ClearITPendingBit
<LI><a href="#[174]">&gt;&gt;</a>&nbsp;&nbsp;&nbsp;DAC_GetITStatus
<LI><a href="#[173]">&gt;&gt;</a>&nbsp;&nbsp;&nbsp;DAC_ITConfig
<LI><a href="#[172]">&gt;&gt;</a>&nbsp;&nbsp;&nbsp;DAC_DMACmd
<LI><a href="#[164]">&gt;&gt;</a>&nbsp;&nbsp;&nbsp;TIM_PWMSinglePulseConfig
<LI><a href="#[163]">&gt;&gt;</a>&nbsp;&nbsp;&nbsp;TIM_ModeConfig
<LI><a href="#[161]">&gt;&gt;</a>&nbsp;&nbsp;&nbsp;I2C_SlaveGeneralNACKOnlyCmd
<LI><a href="#[160]">&gt;&gt;</a>&nbsp;&nbsp;&nbsp;I2C_ReceiveBytes
<LI><a href="#[15f]">&gt;&gt;</a>&nbsp;&nbsp;&nbsp;I2C_SendBytes
<LI><a href="#[15c]">&gt;&gt;</a>&nbsp;&nbsp;&nbsp;I2C_ReceiveData
<LI><a href="#[15a]">&gt;&gt;</a>&nbsp;&nbsp;&nbsp;I2C_SendData
<LI><a href="#[158]">&gt;&gt;</a>&nbsp;&nbsp;&nbsp;I2C_MasterGenerateReceiveSCL
<LI><a href="#[157]">&gt;&gt;</a>&nbsp;&nbsp;&nbsp;I2C_ExtendData
<LI><a href="#[156]">&gt;&gt;</a>&nbsp;&nbsp;&nbsp;I2C_ClearITPendingBit
<LI><a href="#[155]">&gt;&gt;</a>&nbsp;&nbsp;&nbsp;I2C_GetRawITStatus
<LI><a href="#[154]">&gt;&gt;</a>&nbsp;&nbsp;&nbsp;I2C_GetITStatus
<LI><a href="#[153]">&gt;&gt;</a>&nbsp;&nbsp;&nbsp;I2C_ITConfig
<LI><a href="#[152]">&gt;&gt;</a>&nbsp;&nbsp;&nbsp;I2C_SetSDAHoldTime
<LI><a href="#[150]">&gt;&gt;</a>&nbsp;&nbsp;&nbsp;I2C_SetSDASetupTime
<LI><a href="#[14f]">&gt;&gt;</a>&nbsp;&nbsp;&nbsp;I2C_DMACmd
<LI><a href="#[14e]">&gt;&gt;</a>&nbsp;&nbsp;&nbsp;I2C_DMAInit
<LI><a href="#[14d]">&gt;&gt;</a>&nbsp;&nbsp;&nbsp;I2C_Cmd
<LI><a href="#[14c]">&gt;&gt;</a>&nbsp;&nbsp;&nbsp;I2C_SetTargetAddress
<LI><a href="#[14b]">&gt;&gt;</a>&nbsp;&nbsp;&nbsp;I2C_Init
<LI><a href="#[14a]">&gt;&gt;</a>&nbsp;&nbsp;&nbsp;UART_IrDACmd
<LI><a href="#[149]">&gt;&gt;</a>&nbsp;&nbsp;&nbsp;UART_DeInit
<LI><a href="#[142]">&gt;&gt;</a>&nbsp;&nbsp;&nbsp;NSM_Init
<LI><a href="#[141]">&gt;&gt;</a>&nbsp;&nbsp;&nbsp;SSP_Init
<LI><a href="#[140]">&gt;&gt;</a>&nbsp;&nbsp;&nbsp;SPI_GetFlagStatus
<LI><a href="#[13f]">&gt;&gt;</a>&nbsp;&nbsp;&nbsp;SPI_ClearITPendingBit
<LI><a href="#[13e]">&gt;&gt;</a>&nbsp;&nbsp;&nbsp;SPI_GetITStatus
<LI><a href="#[13d]">&gt;&gt;</a>&nbsp;&nbsp;&nbsp;SPI_BiDirectionalLineConfig
<LI><a href="#[13c]">&gt;&gt;</a>&nbsp;&nbsp;&nbsp;SPI_DataSizeConfig
<LI><a href="#[13b]">&gt;&gt;</a>&nbsp;&nbsp;&nbsp;SPI_ITConfig
<LI><a href="#[13a]">&gt;&gt;</a>&nbsp;&nbsp;&nbsp;SPI_DMACmd
<LI><a href="#[139]">&gt;&gt;</a>&nbsp;&nbsp;&nbsp;SPI_DMAInit
<LI><a href="#[136]">&gt;&gt;</a>&nbsp;&nbsp;&nbsp;SYSCTRL_PCLKConfig
<LI><a href="#[134]">&gt;&gt;</a>&nbsp;&nbsp;&nbsp;SYSCTRL_EnterSleep
<LI><a href="#[133]">&gt;&gt;</a>&nbsp;&nbsp;&nbsp;GPIO_WakeModeConfig
<LI><a href="#[132]">&gt;&gt;</a>&nbsp;&nbsp;&nbsp;GPIO_WakeEvenConfig
<LI><a href="#[131]">&gt;&gt;</a>&nbsp;&nbsp;&nbsp;GPIO_PullUpCmd
<LI><a href="#[130]">&gt;&gt;</a>&nbsp;&nbsp;&nbsp;GPIO_ReadOutputDataBit
<LI><a href="#[12e]">&gt;&gt;</a>&nbsp;&nbsp;&nbsp;GPIO_GetGPIONum
<LI><a href="#[124]">&gt;&gt;</a>&nbsp;&nbsp;&nbsp;DCMI_ClearFlag
<LI><a href="#[123]">&gt;&gt;</a>&nbsp;&nbsp;&nbsp;DCMI_GetFlagStatus
<LI><a href="#[122]">&gt;&gt;</a>&nbsp;&nbsp;&nbsp;DCMI_CaptureCmd
<LI><a href="#[121]">&gt;&gt;</a>&nbsp;&nbsp;&nbsp;DCMI_Cmd
<LI><a href="#[120]">&gt;&gt;</a>&nbsp;&nbsp;&nbsp;DCMI_JPEGCmd
<LI><a href="#[11f]">&gt;&gt;</a>&nbsp;&nbsp;&nbsp;DCMI_CROPCmd
<LI><a href="#[11e]">&gt;&gt;</a>&nbsp;&nbsp;&nbsp;DCMI_SetDMARequsetFIFOSize
<LI><a href="#[11d]">&gt;&gt;</a>&nbsp;&nbsp;&nbsp;DCMI_Init
<LI><a href="#[11b]">&gt;&gt;</a>&nbsp;&nbsp;&nbsp;SysTick_CLKSourceConfig
<LI><a href="#[11a]">&gt;&gt;</a>&nbsp;&nbsp;&nbsp;NVIC_SetVectorTable
<LI><a href="#[118]">&gt;&gt;</a>&nbsp;&nbsp;&nbsp;NVIC_PriorityGroupConfig
<LI><a href="#[20d]">&gt;&gt;</a>&nbsp;&nbsp;&nbsp;GPU_ImageBinaryInit
</UL>

<P><STRONG><a name="[aa]"></a>SYSTICK_Init</STRONG> (Thumb, 84 bytes, Stack size 32 bytes, systick.o(.text))
<BR><BR>[Stack]<UL><LI>Max Depth = 32<LI>Call Chain = SYSTICK_Init
</UL>
<BR>[Calls]<UL><LI><a href="#[96]">&gt;&gt;</a>&nbsp;&nbsp;&nbsp;SYSCTRL_GetClocksFreq
</UL>
<BR>[Called By]<UL><LI><a href="#[40]">&gt;&gt;</a>&nbsp;&nbsp;&nbsp;main
<LI><a href="#[a5]">&gt;&gt;</a>&nbsp;&nbsp;&nbsp;main_org
</UL>

<P><STRONG><a name="[e]"></a>SysTick_Handler</STRONG> (Thumb, 12 bytes, Stack size 0 bytes, systick.o(.text))
<BR>[Address Reference Count : 1]<UL><LI> startup_mhscpu.o(RESET)
</UL>
<P><STRONG><a name="[bd]"></a>get_tick</STRONG> (Thumb, 6 bytes, Stack size 0 bytes, systick.o(.text))
<BR><BR>[Called By]<UL><LI><a href="#[bc]">&gt;&gt;</a>&nbsp;&nbsp;&nbsp;udelay
<LI><a href="#[56]">&gt;&gt;</a>&nbsp;&nbsp;&nbsp;mdelay
</UL>

<P><STRONG><a name="[be]"></a>get_diff_tick</STRONG> (Thumb, 16 bytes, Stack size 0 bytes, systick.o(.text))
<BR><BR>[Called By]<UL><LI><a href="#[bc]">&gt;&gt;</a>&nbsp;&nbsp;&nbsp;udelay
<LI><a href="#[56]">&gt;&gt;</a>&nbsp;&nbsp;&nbsp;mdelay
</UL>

<P><STRONG><a name="[bc]"></a>udelay</STRONG> (Thumb, 30 bytes, Stack size 12 bytes, systick.o(.text))
<BR><BR>[Stack]<UL><LI>Max Depth = 12<LI>Call Chain = udelay
</UL>
<BR>[Calls]<UL><LI><a href="#[be]">&gt;&gt;</a>&nbsp;&nbsp;&nbsp;get_diff_tick
<LI><a href="#[bd]">&gt;&gt;</a>&nbsp;&nbsp;&nbsp;get_tick
</UL>
<BR>[Called By]<UL><LI><a href="#[e4]">&gt;&gt;</a>&nbsp;&nbsp;&nbsp;LCD_Read_GPIO
<LI><a href="#[d7]">&gt;&gt;</a>&nbsp;&nbsp;&nbsp;LCD_Reset
<LI><a href="#[d6]">&gt;&gt;</a>&nbsp;&nbsp;&nbsp;LCD_InitSequence
</UL>

<P><STRONG><a name="[56]"></a>mdelay</STRONG> (Thumb, 40 bytes, Stack size 12 bytes, systick.o(.text))
<BR><BR>[Stack]<UL><LI>Max Depth = 12<LI>Call Chain = mdelay
</UL>
<BR>[Calls]<UL><LI><a href="#[be]">&gt;&gt;</a>&nbsp;&nbsp;&nbsp;get_diff_tick
<LI><a href="#[bd]">&gt;&gt;</a>&nbsp;&nbsp;&nbsp;get_tick
</UL>
<BR>[Called By]<UL><LI><a href="#[fa]">&gt;&gt;</a>&nbsp;&nbsp;&nbsp;FND_Blink
<LI><a href="#[eb]">&gt;&gt;</a>&nbsp;&nbsp;&nbsp;LCD_RD_RDDIDIF
<LI><a href="#[d7]">&gt;&gt;</a>&nbsp;&nbsp;&nbsp;LCD_Reset
<LI><a href="#[40]">&gt;&gt;</a>&nbsp;&nbsp;&nbsp;main
<LI><a href="#[a5]">&gt;&gt;</a>&nbsp;&nbsp;&nbsp;main_org
<LI><a href="#[65]">&gt;&gt;</a>&nbsp;&nbsp;&nbsp;select_menu_4
<LI><a href="#[5e]">&gt;&gt;</a>&nbsp;&nbsp;&nbsp;select_menu_5
<LI><a href="#[5a]">&gt;&gt;</a>&nbsp;&nbsp;&nbsp;DAC_Test
<LI><a href="#[4e]">&gt;&gt;</a>&nbsp;&nbsp;&nbsp;RTC_Test
</UL>

<P><STRONG><a name="[6]"></a>NMI_Handler</STRONG> (Thumb, 2 bytes, Stack size 0 bytes, mhscpu_it.o(.text))
<BR>[Address Reference Count : 1]<UL><LI> startup_mhscpu.o(RESET)
</UL>
<P><STRONG><a name="[7]"></a>HardFault_Handler</STRONG> (Thumb, 10 bytes, Stack size 0 bytes, mhscpu_it.o(.text))
<BR><BR>[Stack]<UL><LI>Max Depth = 24<LI>Call Chain = HardFault_Handler &rArr; __2printf
</UL>
<BR>[Calls]<UL><LI><a href="#[58]">&gt;&gt;</a>&nbsp;&nbsp;&nbsp;__2printf
</UL>
<BR>[Address Reference Count : 1]<UL><LI> startup_mhscpu.o(RESET)
</UL>
<P><STRONG><a name="[8]"></a>MemManage_Handler</STRONG> (Thumb, 4 bytes, Stack size 0 bytes, mhscpu_it.o(.text))
<BR>[Address Reference Count : 1]<UL><LI> startup_mhscpu.o(RESET)
</UL>
<P><STRONG><a name="[9]"></a>BusFault_Handler</STRONG> (Thumb, 4 bytes, Stack size 0 bytes, mhscpu_it.o(.text))
<BR>[Address Reference Count : 1]<UL><LI> startup_mhscpu.o(RESET)
</UL>
<P><STRONG><a name="[a]"></a>UsageFault_Handler</STRONG> (Thumb, 4 bytes, Stack size 0 bytes, mhscpu_it.o(.text))
<BR>[Address Reference Count : 1]<UL><LI> startup_mhscpu.o(RESET)
</UL>
<P><STRONG><a name="[b]"></a>SVC_Handler</STRONG> (Thumb, 2 bytes, Stack size 0 bytes, mhscpu_it.o(.text))
<BR>[Address Reference Count : 1]<UL><LI> startup_mhscpu.o(RESET)
</UL>
<P><STRONG><a name="[c]"></a>DebugMon_Handler</STRONG> (Thumb, 2 bytes, Stack size 0 bytes, mhscpu_it.o(.text))
<BR>[Address Reference Count : 1]<UL><LI> startup_mhscpu.o(RESET)
</UL>
<P><STRONG><a name="[d]"></a>PendSV_Handler</STRONG> (Thumb, 2 bytes, Stack size 0 bytes, mhscpu_it.o(.text))
<BR>[Address Reference Count : 1]<UL><LI> startup_mhscpu.o(RESET)
</UL>
<P><STRONG><a name="[14]"></a>UART0_IRQHandler</STRONG> (Thumb, 50 bytes, Stack size 16 bytes, mhscpu_it.o(.text))
<BR><BR>[Stack]<UL><LI>Max Depth = 16<LI>Call Chain = UART0_IRQHandler
</UL>
<BR>[Calls]<UL><LI><a href="#[c1]">&gt;&gt;</a>&nbsp;&nbsp;&nbsp;push
<LI><a href="#[c0]">&gt;&gt;</a>&nbsp;&nbsp;&nbsp;UART_ReceiveData
<LI><a href="#[bf]">&gt;&gt;</a>&nbsp;&nbsp;&nbsp;UART_GetITIdentity
</UL>
<BR>[Address Reference Count : 1]<UL><LI> startup_mhscpu.o(RESET)
</UL>
<P><STRONG><a name="[38]"></a>DCMI_IRQHandler</STRONG> (Thumb, 78 bytes, Stack size 8 bytes, mhscpu_it.o(.text))
<BR><BR>[Stack]<UL><LI>Max Depth = 24<LI>Call Chain = DCMI_IRQHandler &rArr; DCMI_GetITStatus
</UL>
<BR>[Calls]<UL><LI><a href="#[c2]">&gt;&gt;</a>&nbsp;&nbsp;&nbsp;DCMI_GetITStatus
<LI><a href="#[c3]">&gt;&gt;</a>&nbsp;&nbsp;&nbsp;DCMI_CallBackFrame
<LI><a href="#[93]">&gt;&gt;</a>&nbsp;&nbsp;&nbsp;DCMI_ClearITPendingBit
</UL>
<BR>[Address Reference Count : 1]<UL><LI> startup_mhscpu.o(RESET)
</UL>
<P><STRONG><a name="[1c]"></a>EXTI0_IRQHandler</STRONG> (Thumb, 90 bytes, Stack size 16 bytes, mhscpu_it.o(.text))
<BR><BR>[Stack]<UL><LI>Max Depth = 96<LI>Call Chain = EXTI0_IRQHandler &rArr; GPIO_ResetBits &rArr; GPIO_GetGPIONum &rArr; __aeabi_memcpy4
</UL>
<BR>[Calls]<UL><LI><a href="#[c6]">&gt;&gt;</a>&nbsp;&nbsp;&nbsp;GPIO_ReadInputDataBit
<LI><a href="#[c4]">&gt;&gt;</a>&nbsp;&nbsp;&nbsp;EXTI_ClearITPendingBit
<LI><a href="#[c5]">&gt;&gt;</a>&nbsp;&nbsp;&nbsp;NVIC_ClearPendingIRQ
<LI><a href="#[82]">&gt;&gt;</a>&nbsp;&nbsp;&nbsp;GPIO_ResetBits
</UL>
<BR>[Address Reference Count : 1]<UL><LI> startup_mhscpu.o(RESET)
</UL>
<P><STRONG><a name="[27]"></a>MSR_IRQHandler</STRONG> (Thumb, 2 bytes, Stack size 0 bytes, mhscpu_it.o(.text))
<BR>[Address Reference Count : 1]<UL><LI> startup_mhscpu.o(RESET)
</UL>
<P><STRONG><a name="[2e]"></a>SPI4_IRQHandler</STRONG> (Thumb, 2 bytes, Stack size 0 bytes, mhscpu_it.o(.text))
<BR>[Address Reference Count : 1]<UL><LI> startup_mhscpu.o(RESET)
</UL>
<P><STRONG><a name="[18]"></a>TIM0_0_IRQHandler</STRONG> (Thumb, 28 bytes, Stack size 8 bytes, mhscpu_it.o(.text))
<BR><BR>[Stack]<UL><LI>Max Depth = 16<LI>Call Chain = TIM0_0_IRQHandler &rArr; TIM_ClearITPendingBit
</UL>
<BR>[Calls]<UL><LI><a href="#[c7]">&gt;&gt;</a>&nbsp;&nbsp;&nbsp;TIM_ClearITPendingBit
<LI><a href="#[c5]">&gt;&gt;</a>&nbsp;&nbsp;&nbsp;NVIC_ClearPendingIRQ
</UL>
<BR>[Address Reference Count : 1]<UL><LI> startup_mhscpu.o(RESET)
</UL>
<P><STRONG><a name="[19]"></a>TIM0_1_IRQHandler</STRONG> (Thumb, 28 bytes, Stack size 8 bytes, mhscpu_it.o(.text))
<BR><BR>[Stack]<UL><LI>Max Depth = 16<LI>Call Chain = TIM0_1_IRQHandler &rArr; TIM_ClearITPendingBit
</UL>
<BR>[Calls]<UL><LI><a href="#[c7]">&gt;&gt;</a>&nbsp;&nbsp;&nbsp;TIM_ClearITPendingBit
<LI><a href="#[c5]">&gt;&gt;</a>&nbsp;&nbsp;&nbsp;NVIC_ClearPendingIRQ
</UL>
<BR>[Address Reference Count : 1]<UL><LI> startup_mhscpu.o(RESET)
</UL>
<P><STRONG><a name="[1a]"></a>TIM0_2_IRQHandler</STRONG> (Thumb, 28 bytes, Stack size 8 bytes, mhscpu_it.o(.text))
<BR><BR>[Stack]<UL><LI>Max Depth = 16<LI>Call Chain = TIM0_2_IRQHandler &rArr; TIM_ClearITPendingBit
</UL>
<BR>[Calls]<UL><LI><a href="#[c7]">&gt;&gt;</a>&nbsp;&nbsp;&nbsp;TIM_ClearITPendingBit
<LI><a href="#[c5]">&gt;&gt;</a>&nbsp;&nbsp;&nbsp;NVIC_ClearPendingIRQ
</UL>
<BR>[Address Reference Count : 1]<UL><LI> startup_mhscpu.o(RESET)
</UL>
<P><STRONG><a name="[1b]"></a>TIM0_3_IRQHandler</STRONG> (Thumb, 28 bytes, Stack size 8 bytes, mhscpu_it.o(.text))
<BR><BR>[Stack]<UL><LI>Max Depth = 16<LI>Call Chain = TIM0_3_IRQHandler &rArr; TIM_ClearITPendingBit
</UL>
<BR>[Calls]<UL><LI><a href="#[c7]">&gt;&gt;</a>&nbsp;&nbsp;&nbsp;TIM_ClearITPendingBit
<LI><a href="#[c5]">&gt;&gt;</a>&nbsp;&nbsp;&nbsp;NVIC_ClearPendingIRQ
</UL>
<BR>[Address Reference Count : 1]<UL><LI> startup_mhscpu.o(RESET)
</UL>
<P><STRONG><a name="[24]"></a>TIM0_4_IRQHandler</STRONG> (Thumb, 28 bytes, Stack size 8 bytes, mhscpu_it.o(.text))
<BR><BR>[Stack]<UL><LI>Max Depth = 16<LI>Call Chain = TIM0_4_IRQHandler &rArr; TIM_ClearITPendingBit
</UL>
<BR>[Calls]<UL><LI><a href="#[c7]">&gt;&gt;</a>&nbsp;&nbsp;&nbsp;TIM_ClearITPendingBit
<LI><a href="#[c5]">&gt;&gt;</a>&nbsp;&nbsp;&nbsp;NVIC_ClearPendingIRQ
</UL>
<BR>[Address Reference Count : 1]<UL><LI> startup_mhscpu.o(RESET)
</UL>
<P><STRONG><a name="[25]"></a>TIM0_5_IRQHandler</STRONG> (Thumb, 28 bytes, Stack size 8 bytes, mhscpu_it.o(.text))
<BR><BR>[Stack]<UL><LI>Max Depth = 16<LI>Call Chain = TIM0_5_IRQHandler &rArr; TIM_ClearITPendingBit
</UL>
<BR>[Calls]<UL><LI><a href="#[c7]">&gt;&gt;</a>&nbsp;&nbsp;&nbsp;TIM_ClearITPendingBit
<LI><a href="#[c5]">&gt;&gt;</a>&nbsp;&nbsp;&nbsp;NVIC_ClearPendingIRQ
</UL>
<BR>[Address Reference Count : 1]<UL><LI> startup_mhscpu.o(RESET)
</UL>
<P><STRONG><a name="[35]"></a>TIM0_6_IRQHandler</STRONG> (Thumb, 28 bytes, Stack size 8 bytes, mhscpu_it.o(.text))
<BR><BR>[Stack]<UL><LI>Max Depth = 16<LI>Call Chain = TIM0_6_IRQHandler &rArr; TIM_ClearITPendingBit
</UL>
<BR>[Calls]<UL><LI><a href="#[c7]">&gt;&gt;</a>&nbsp;&nbsp;&nbsp;TIM_ClearITPendingBit
<LI><a href="#[c5]">&gt;&gt;</a>&nbsp;&nbsp;&nbsp;NVIC_ClearPendingIRQ
</UL>
<BR>[Address Reference Count : 1]<UL><LI> startup_mhscpu.o(RESET)
</UL>
<P><STRONG><a name="[36]"></a>TIM0_7_IRQHandler</STRONG> (Thumb, 28 bytes, Stack size 8 bytes, mhscpu_it.o(.text))
<BR><BR>[Stack]<UL><LI>Max Depth = 16<LI>Call Chain = TIM0_7_IRQHandler &rArr; TIM_ClearITPendingBit
</UL>
<BR>[Calls]<UL><LI><a href="#[c7]">&gt;&gt;</a>&nbsp;&nbsp;&nbsp;TIM_ClearITPendingBit
<LI><a href="#[c5]">&gt;&gt;</a>&nbsp;&nbsp;&nbsp;NVIC_ClearPendingIRQ
</UL>
<BR>[Address Reference Count : 1]<UL><LI> startup_mhscpu.o(RESET)
</UL>
<P><STRONG><a name="[c8]"></a>TOUCH_IO_Configuration</STRONG> (Thumb, 130 bytes, Stack size 16 bytes, xpt2046.o(.text))
<BR><BR>[Stack]<UL><LI>Max Depth = 112<LI>Call Chain = TOUCH_IO_Configuration &rArr; GPIO_Init &rArr; GPIO_PinRemapConfig &rArr; GPIO_GetGPIONum &rArr; __aeabi_memcpy4
</UL>
<BR>[Calls]<UL><LI><a href="#[48]">&gt;&gt;</a>&nbsp;&nbsp;&nbsp;GPIO_Init
</UL>
<BR>[Called By]<UL><LI><a href="#[ab]">&gt;&gt;</a>&nbsp;&nbsp;&nbsp;TOUCH_Configuration
</UL>

<P><STRONG><a name="[c9]"></a>SPI_Configuration</STRONG> (Thumb, 66 bytes, Stack size 40 bytes, xpt2046.o(.text))
<BR><BR>[Stack]<UL><LI>Max Depth = 120<LI>Call Chain = SPI_Configuration &rArr; GPIO_PinRemapConfig &rArr; GPIO_GetGPIONum &rArr; __aeabi_memcpy4
</UL>
<BR>[Calls]<UL><LI><a href="#[ca]">&gt;&gt;</a>&nbsp;&nbsp;&nbsp;SPI_Init
<LI><a href="#[cb]">&gt;&gt;</a>&nbsp;&nbsp;&nbsp;SPI_Cmd
<LI><a href="#[88]">&gt;&gt;</a>&nbsp;&nbsp;&nbsp;GPIO_PinRemapConfig
</UL>
<BR>[Called By]<UL><LI><a href="#[ab]">&gt;&gt;</a>&nbsp;&nbsp;&nbsp;TOUCH_Configuration
</UL>

<P><STRONG><a name="[ab]"></a>TOUCH_Configuration</STRONG> (Thumb, 28 bytes, Stack size 8 bytes, xpt2046.o(.text))
<BR><BR>[Stack]<UL><LI>Max Depth = 128<LI>Call Chain = TOUCH_Configuration &rArr; SPI_Configuration &rArr; GPIO_PinRemapConfig &rArr; GPIO_GetGPIONum &rArr; __aeabi_memcpy4
</UL>
<BR>[Calls]<UL><LI><a href="#[c9]">&gt;&gt;</a>&nbsp;&nbsp;&nbsp;SPI_Configuration
<LI><a href="#[c8]">&gt;&gt;</a>&nbsp;&nbsp;&nbsp;TOUCH_IO_Configuration
<LI><a href="#[87]">&gt;&gt;</a>&nbsp;&nbsp;&nbsp;SYSCTRL_APBPeriphResetCmd
<LI><a href="#[86]">&gt;&gt;</a>&nbsp;&nbsp;&nbsp;SYSCTRL_APBPeriphClockCmd
</UL>
<BR>[Called By]<UL><LI><a href="#[40]">&gt;&gt;</a>&nbsp;&nbsp;&nbsp;main
<LI><a href="#[a5]">&gt;&gt;</a>&nbsp;&nbsp;&nbsp;main_org
</UL>

<P><STRONG><a name="[7c]"></a>touch_irq</STRONG> (Thumb, 14 bytes, Stack size 8 bytes, xpt2046.o(.text))
<BR><BR>[Stack]<UL><LI>Max Depth = 24<LI>Call Chain = touch_irq &rArr; GPIO_ReadInputDataBit
</UL>
<BR>[Calls]<UL><LI><a href="#[c6]">&gt;&gt;</a>&nbsp;&nbsp;&nbsp;GPIO_ReadInputDataBit
</UL>
<BR>[Called By]<UL><LI><a href="#[d2]">&gt;&gt;</a>&nbsp;&nbsp;&nbsp;touch_temp
<LI><a href="#[d0]">&gt;&gt;</a>&nbsp;&nbsp;&nbsp;touch_get_x
<LI><a href="#[cf]">&gt;&gt;</a>&nbsp;&nbsp;&nbsp;touch_get_y
<LI><a href="#[b1]">&gt;&gt;</a>&nbsp;&nbsp;&nbsp;calibrateTouchScreen
<LI><a href="#[40]">&gt;&gt;</a>&nbsp;&nbsp;&nbsp;main
<LI><a href="#[a5]">&gt;&gt;</a>&nbsp;&nbsp;&nbsp;main_org
<LI><a href="#[7b]">&gt;&gt;</a>&nbsp;&nbsp;&nbsp;select_menu_1
</UL>

<P><STRONG><a name="[cc]"></a>touch_busy</STRONG> (Thumb, 14 bytes, Stack size 8 bytes, xpt2046.o(.text))
<BR><BR>[Stack]<UL><LI>Max Depth = 24<LI>Call Chain = touch_busy &rArr; GPIO_ReadInputDataBit
</UL>
<BR>[Calls]<UL><LI><a href="#[c6]">&gt;&gt;</a>&nbsp;&nbsp;&nbsp;GPIO_ReadInputDataBit
</UL>
<BR>[Called By]<UL><LI><a href="#[d0]">&gt;&gt;</a>&nbsp;&nbsp;&nbsp;touch_get_x
<LI><a href="#[cf]">&gt;&gt;</a>&nbsp;&nbsp;&nbsp;touch_get_y
</UL>

<P><STRONG><a name="[cd]"></a>SPI_GPIO_RX</STRONG> (Thumb, 60 bytes, Stack size 16 bytes, xpt2046.o(.text))
<BR><BR>[Stack]<UL><LI>Max Depth = 96<LI>Call Chain = SPI_GPIO_RX &rArr; GPIO_SetBits &rArr; GPIO_GetGPIONum &rArr; __aeabi_memcpy4
</UL>
<BR>[Calls]<UL><LI><a href="#[c6]">&gt;&gt;</a>&nbsp;&nbsp;&nbsp;GPIO_ReadInputDataBit
<LI><a href="#[49]">&gt;&gt;</a>&nbsp;&nbsp;&nbsp;GPIO_SetBits
<LI><a href="#[82]">&gt;&gt;</a>&nbsp;&nbsp;&nbsp;GPIO_ResetBits
</UL>
<BR>[Called By]<UL><LI><a href="#[d2]">&gt;&gt;</a>&nbsp;&nbsp;&nbsp;touch_temp
<LI><a href="#[d0]">&gt;&gt;</a>&nbsp;&nbsp;&nbsp;touch_get_x
<LI><a href="#[cf]">&gt;&gt;</a>&nbsp;&nbsp;&nbsp;touch_get_y
</UL>

<P><STRONG><a name="[ce]"></a>SPI_GPIO_TX</STRONG> (Thumb, 72 bytes, Stack size 16 bytes, xpt2046.o(.text))
<BR><BR>[Stack]<UL><LI>Max Depth = 96<LI>Call Chain = SPI_GPIO_TX &rArr; GPIO_SetBits &rArr; GPIO_GetGPIONum &rArr; __aeabi_memcpy4
</UL>
<BR>[Calls]<UL><LI><a href="#[49]">&gt;&gt;</a>&nbsp;&nbsp;&nbsp;GPIO_SetBits
<LI><a href="#[82]">&gt;&gt;</a>&nbsp;&nbsp;&nbsp;GPIO_ResetBits
</UL>
<BR>[Called By]<UL><LI><a href="#[d2]">&gt;&gt;</a>&nbsp;&nbsp;&nbsp;touch_temp
<LI><a href="#[d0]">&gt;&gt;</a>&nbsp;&nbsp;&nbsp;touch_get_x
<LI><a href="#[cf]">&gt;&gt;</a>&nbsp;&nbsp;&nbsp;touch_get_y
</UL>

<P><STRONG><a name="[cf]"></a>touch_get_y</STRONG> (Thumb, 58 bytes, Stack size 8 bytes, xpt2046.o(.text))
<BR><BR>[Stack]<UL><LI>Max Depth = 104<LI>Call Chain = touch_get_y &rArr; SPI_GPIO_TX &rArr; GPIO_SetBits &rArr; GPIO_GetGPIONum &rArr; __aeabi_memcpy4
</UL>
<BR>[Calls]<UL><LI><a href="#[ce]">&gt;&gt;</a>&nbsp;&nbsp;&nbsp;SPI_GPIO_TX
<LI><a href="#[cd]">&gt;&gt;</a>&nbsp;&nbsp;&nbsp;SPI_GPIO_RX
<LI><a href="#[cc]">&gt;&gt;</a>&nbsp;&nbsp;&nbsp;touch_busy
<LI><a href="#[7c]">&gt;&gt;</a>&nbsp;&nbsp;&nbsp;touch_irq
<LI><a href="#[49]">&gt;&gt;</a>&nbsp;&nbsp;&nbsp;GPIO_SetBits
<LI><a href="#[82]">&gt;&gt;</a>&nbsp;&nbsp;&nbsp;GPIO_ResetBits
</UL>
<BR>[Called By]<UL><LI><a href="#[d1]">&gt;&gt;</a>&nbsp;&nbsp;&nbsp;touch_get_raw_position
</UL>

<P><STRONG><a name="[d0]"></a>touch_get_x</STRONG> (Thumb, 58 bytes, Stack size 8 bytes, xpt2046.o(.text))
<BR><BR>[Stack]<UL><LI>Max Depth = 104<LI>Call Chain = touch_get_x &rArr; SPI_GPIO_TX &rArr; GPIO_SetBits &rArr; GPIO_GetGPIONum &rArr; __aeabi_memcpy4
</UL>
<BR>[Calls]<UL><LI><a href="#[ce]">&gt;&gt;</a>&nbsp;&nbsp;&nbsp;SPI_GPIO_TX
<LI><a href="#[cd]">&gt;&gt;</a>&nbsp;&nbsp;&nbsp;SPI_GPIO_RX
<LI><a href="#[cc]">&gt;&gt;</a>&nbsp;&nbsp;&nbsp;touch_busy
<LI><a href="#[7c]">&gt;&gt;</a>&nbsp;&nbsp;&nbsp;touch_irq
<LI><a href="#[49]">&gt;&gt;</a>&nbsp;&nbsp;&nbsp;GPIO_SetBits
<LI><a href="#[82]">&gt;&gt;</a>&nbsp;&nbsp;&nbsp;GPIO_ResetBits
</UL>
<BR>[Called By]<UL><LI><a href="#[d1]">&gt;&gt;</a>&nbsp;&nbsp;&nbsp;touch_get_raw_position
</UL>

<P><STRONG><a name="[d1]"></a>touch_get_raw_position</STRONG> (Thumb, 26 bytes, Stack size 8 bytes, xpt2046.o(.text))
<BR><BR>[Stack]<UL><LI>Max Depth = 112<LI>Call Chain = touch_get_raw_position &rArr; touch_get_x &rArr; SPI_GPIO_TX &rArr; GPIO_SetBits &rArr; GPIO_GetGPIONum &rArr; __aeabi_memcpy4
</UL>
<BR>[Calls]<UL><LI><a href="#[d0]">&gt;&gt;</a>&nbsp;&nbsp;&nbsp;touch_get_x
<LI><a href="#[cf]">&gt;&gt;</a>&nbsp;&nbsp;&nbsp;touch_get_y
</UL>
<BR>[Called By]<UL><LI><a href="#[68]">&gt;&gt;</a>&nbsp;&nbsp;&nbsp;touch_get_position
<LI><a href="#[b1]">&gt;&gt;</a>&nbsp;&nbsp;&nbsp;calibrateTouchScreen
</UL>

<P><STRONG><a name="[d2]"></a>touch_temp</STRONG> (Thumb, 48 bytes, Stack size 8 bytes, xpt2046.o(.text), UNUSED)
<BR><BR>[Calls]<UL><LI><a href="#[ce]">&gt;&gt;</a>&nbsp;&nbsp;&nbsp;SPI_GPIO_TX
<LI><a href="#[cd]">&gt;&gt;</a>&nbsp;&nbsp;&nbsp;SPI_GPIO_RX
<LI><a href="#[7c]">&gt;&gt;</a>&nbsp;&nbsp;&nbsp;touch_irq
<LI><a href="#[49]">&gt;&gt;</a>&nbsp;&nbsp;&nbsp;GPIO_SetBits
<LI><a href="#[82]">&gt;&gt;</a>&nbsp;&nbsp;&nbsp;GPIO_ResetBits
</UL>

<P><STRONG><a name="[d3]"></a>SPI_GPIO_Init</STRONG> (Thumb, 34 bytes, Stack size 8 bytes, xpt2046.o(.text), UNUSED)
<BR><BR>[Calls]<UL><LI><a href="#[49]">&gt;&gt;</a>&nbsp;&nbsp;&nbsp;GPIO_SetBits
</UL>

<P><STRONG><a name="[d4]"></a>LCD_WriteEx</STRONG> (Thumb, 18 bytes, Stack size 16 bytes, ili9488.o(.text))
<BR><BR>[Stack]<UL><LI>Max Depth = 32<LI>Call Chain = LCD_WriteEx &rArr; LCD_Write
</UL>
<BR>[Calls]<UL><LI><a href="#[d5]">&gt;&gt;</a>&nbsp;&nbsp;&nbsp;LCD_Write
</UL>
<BR>[Called By]<UL><LI><a href="#[ec]">&gt;&gt;</a>&nbsp;&nbsp;&nbsp;LCD_InitSequence_PSK
<LI><a href="#[eb]">&gt;&gt;</a>&nbsp;&nbsp;&nbsp;LCD_RD_RDDIDIF
<LI><a href="#[e9]">&gt;&gt;</a>&nbsp;&nbsp;&nbsp;LCD_BlockWritePrep
<LI><a href="#[d6]">&gt;&gt;</a>&nbsp;&nbsp;&nbsp;LCD_InitSequence
<LI><a href="#[60]">&gt;&gt;</a>&nbsp;&nbsp;&nbsp;LCD_DisplayGrayHor32
<LI><a href="#[5f]">&gt;&gt;</a>&nbsp;&nbsp;&nbsp;LCD_DisplayGrayHor16
</UL>

<P><STRONG><a name="[d6]"></a>LCD_InitSequence</STRONG> (Thumb, 714 bytes, Stack size 8 bytes, ili9488.o(.text))
<BR><BR>[Stack]<UL><LI>Max Depth = 88<LI>Call Chain = LCD_InitSequence &rArr; GPIO_SetBits &rArr; GPIO_GetGPIONum &rArr; __aeabi_memcpy4
</UL>
<BR>[Calls]<UL><LI><a href="#[d4]">&gt;&gt;</a>&nbsp;&nbsp;&nbsp;LCD_WriteEx
<LI><a href="#[bc]">&gt;&gt;</a>&nbsp;&nbsp;&nbsp;udelay
<LI><a href="#[49]">&gt;&gt;</a>&nbsp;&nbsp;&nbsp;GPIO_SetBits
<LI><a href="#[82]">&gt;&gt;</a>&nbsp;&nbsp;&nbsp;GPIO_ResetBits
</UL>
<BR>[Called By]<UL><LI><a href="#[ac]">&gt;&gt;</a>&nbsp;&nbsp;&nbsp;LCD_Configuration
</UL>

<P><STRONG><a name="[d7]"></a>LCD_Reset</STRONG> (Thumb, 52 bytes, Stack size 8 bytes, ili9488.o(.text))
<BR><BR>[Stack]<UL><LI>Max Depth = 88<LI>Call Chain = LCD_Reset &rArr; GPIO_SetBits &rArr; GPIO_GetGPIONum &rArr; __aeabi_memcpy4
</UL>
<BR>[Calls]<UL><LI><a href="#[bc]">&gt;&gt;</a>&nbsp;&nbsp;&nbsp;udelay
<LI><a href="#[56]">&gt;&gt;</a>&nbsp;&nbsp;&nbsp;mdelay
<LI><a href="#[49]">&gt;&gt;</a>&nbsp;&nbsp;&nbsp;GPIO_SetBits
<LI><a href="#[82]">&gt;&gt;</a>&nbsp;&nbsp;&nbsp;GPIO_ResetBits
</UL>
<BR>[Called By]<UL><LI><a href="#[ac]">&gt;&gt;</a>&nbsp;&nbsp;&nbsp;LCD_Configuration
</UL>

<P><STRONG><a name="[d8]"></a>LCD_IOConfig</STRONG> (Thumb, 100 bytes, Stack size 16 bytes, ili9488.o(.text))
<BR><BR>[Stack]<UL><LI>Max Depth = 112<LI>Call Chain = LCD_IOConfig &rArr; GPIO_Init &rArr; GPIO_PinRemapConfig &rArr; GPIO_GetGPIONum &rArr; __aeabi_memcpy4
</UL>
<BR>[Calls]<UL><LI><a href="#[49]">&gt;&gt;</a>&nbsp;&nbsp;&nbsp;GPIO_SetBits
<LI><a href="#[88]">&gt;&gt;</a>&nbsp;&nbsp;&nbsp;GPIO_PinRemapConfig
<LI><a href="#[48]">&gt;&gt;</a>&nbsp;&nbsp;&nbsp;GPIO_Init
</UL>
<BR>[Called By]<UL><LI><a href="#[ac]">&gt;&gt;</a>&nbsp;&nbsp;&nbsp;LCD_Configuration
</UL>

<P><STRONG><a name="[ac]"></a>LCD_Configuration</STRONG> (Thumb, 68 bytes, Stack size 8 bytes, ili9488.o(.text))
<BR><BR>[Stack]<UL><LI>Max Depth = 120<LI>Call Chain = LCD_Configuration &rArr; LCD_IOConfig &rArr; GPIO_Init &rArr; GPIO_PinRemapConfig &rArr; GPIO_GetGPIONum &rArr; __aeabi_memcpy4
</UL>
<BR>[Calls]<UL><LI><a href="#[d9]">&gt;&gt;</a>&nbsp;&nbsp;&nbsp;LCD_Init
<LI><a href="#[d8]">&gt;&gt;</a>&nbsp;&nbsp;&nbsp;LCD_IOConfig
<LI><a href="#[d7]">&gt;&gt;</a>&nbsp;&nbsp;&nbsp;LCD_Reset
<LI><a href="#[d6]">&gt;&gt;</a>&nbsp;&nbsp;&nbsp;LCD_InitSequence
<LI><a href="#[9d]">&gt;&gt;</a>&nbsp;&nbsp;&nbsp;SYSCTRL_AHBPeriphResetCmd
<LI><a href="#[9c]">&gt;&gt;</a>&nbsp;&nbsp;&nbsp;SYSCTRL_AHBPeriphClockCmd
</UL>
<BR>[Called By]<UL><LI><a href="#[40]">&gt;&gt;</a>&nbsp;&nbsp;&nbsp;main
<LI><a href="#[a5]">&gt;&gt;</a>&nbsp;&nbsp;&nbsp;main_org
</UL>

<P><STRONG><a name="[da]"></a>LCD_DMAInit</STRONG> (Thumb, 80 bytes, Stack size 64 bytes, ili9488.o(.text))
<BR><BR>[Stack]<UL><LI>Max Depth = 144<LI>Call Chain = LCD_DMAInit &rArr; DMA_Init &rArr; DMA_ChannelCmd
</UL>
<BR>[Calls]<UL><LI><a href="#[db]">&gt;&gt;</a>&nbsp;&nbsp;&nbsp;DMA_Init
</UL>
<BR>[Called By]<UL><LI><a href="#[4c]">&gt;&gt;</a>&nbsp;&nbsp;&nbsp;LCD_DisplayPicDMA_Partial
<LI><a href="#[b0]">&gt;&gt;</a>&nbsp;&nbsp;&nbsp;LCD_DisplayPicDMA
</UL>

<P><STRONG><a name="[dc]"></a>LCD_DMAWriteEnable</STRONG> (Thumb, 54 bytes, Stack size 8 bytes, ili9488.o(.text))
<BR><BR>[Stack]<UL><LI>Max Depth = 24<LI>Call Chain = LCD_DMAWriteEnable &rArr; DMA_GetRawStatus
</UL>
<BR>[Calls]<UL><LI><a href="#[e0]">&gt;&gt;</a>&nbsp;&nbsp;&nbsp;DMA_GetRawStatus
<LI><a href="#[de]">&gt;&gt;</a>&nbsp;&nbsp;&nbsp;DMA_Cmd
<LI><a href="#[dd]">&gt;&gt;</a>&nbsp;&nbsp;&nbsp;DMA_ClearITPendingBit
<LI><a href="#[df]">&gt;&gt;</a>&nbsp;&nbsp;&nbsp;DMA_ChannelCmd
</UL>
<BR>[Called By]<UL><LI><a href="#[4c]">&gt;&gt;</a>&nbsp;&nbsp;&nbsp;LCD_DisplayPicDMA_Partial
<LI><a href="#[b0]">&gt;&gt;</a>&nbsp;&nbsp;&nbsp;LCD_DisplayPicDMA
</UL>

<P><STRONG><a name="[e1]"></a>LCD_Write_GPIO</STRONG> (Thumb, 100 bytes, Stack size 32 bytes, ili9488.o(.text), UNUSED)
<BR><BR>[Calls]<UL><LI><a href="#[e3]">&gt;&gt;</a>&nbsp;&nbsp;&nbsp;GPIO_Write
<LI><a href="#[e2]">&gt;&gt;</a>&nbsp;&nbsp;&nbsp;GPIO_ReadOutputData
<LI><a href="#[49]">&gt;&gt;</a>&nbsp;&nbsp;&nbsp;GPIO_SetBits
<LI><a href="#[82]">&gt;&gt;</a>&nbsp;&nbsp;&nbsp;GPIO_ResetBits
<LI><a href="#[48]">&gt;&gt;</a>&nbsp;&nbsp;&nbsp;GPIO_Init
</UL>

<P><STRONG><a name="[e4]"></a>LCD_Read_GPIO</STRONG> (Thumb, 88 bytes, Stack size 24 bytes, ili9488.o(.text), UNUSED)
<BR><BR>[Calls]<UL><LI><a href="#[e5]">&gt;&gt;</a>&nbsp;&nbsp;&nbsp;GPIO_ReadInputData
<LI><a href="#[bc]">&gt;&gt;</a>&nbsp;&nbsp;&nbsp;udelay
<LI><a href="#[49]">&gt;&gt;</a>&nbsp;&nbsp;&nbsp;GPIO_SetBits
<LI><a href="#[82]">&gt;&gt;</a>&nbsp;&nbsp;&nbsp;GPIO_ResetBits
<LI><a href="#[48]">&gt;&gt;</a>&nbsp;&nbsp;&nbsp;GPIO_Init
<LI><a href="#[58]">&gt;&gt;</a>&nbsp;&nbsp;&nbsp;__2printf
</UL>

<P><STRONG><a name="[e6]"></a>LCD_ReadEx</STRONG> (Thumb, 20 bytes, Stack size 16 bytes, ili9488.o(.text), UNUSED)
<BR><BR>[Calls]<UL><LI><a href="#[e7]">&gt;&gt;</a>&nbsp;&nbsp;&nbsp;LCD_Read
</UL>
<BR>[Called By]<UL><LI><a href="#[eb]">&gt;&gt;</a>&nbsp;&nbsp;&nbsp;LCD_RD_RDDIDIF
</UL>

<P><STRONG><a name="[e8]"></a>LCD_WriteOneDot</STRONG> (Thumb, 48 bytes, Stack size 8 bytes, ili9488.o(.text))
<BR><BR>[Stack]<UL><LI>Max Depth = 88<LI>Call Chain = LCD_WriteOneDot &rArr; GPIO_SetBits &rArr; GPIO_GetGPIONum &rArr; __aeabi_memcpy4
</UL>
<BR>[Calls]<UL><LI><a href="#[d5]">&gt;&gt;</a>&nbsp;&nbsp;&nbsp;LCD_Write
<LI><a href="#[49]">&gt;&gt;</a>&nbsp;&nbsp;&nbsp;GPIO_SetBits
<LI><a href="#[82]">&gt;&gt;</a>&nbsp;&nbsp;&nbsp;GPIO_ResetBits
</UL>
<BR>[Called By]<UL><LI><a href="#[f2]">&gt;&gt;</a>&nbsp;&nbsp;&nbsp;LCD_DrawLine
<LI><a href="#[69]">&gt;&gt;</a>&nbsp;&nbsp;&nbsp;LCD_DisplayOneDot
<LI><a href="#[70]">&gt;&gt;</a>&nbsp;&nbsp;&nbsp;LCD_DisplayOneChar
</UL>

<P><STRONG><a name="[e9]"></a>LCD_BlockWritePrep</STRONG> (Thumb, 172 bytes, Stack size 24 bytes, ili9488.o(.text))
<BR><BR>[Stack]<UL><LI>Max Depth = 104<LI>Call Chain = LCD_BlockWritePrep &rArr; GPIO_SetBits &rArr; GPIO_GetGPIONum &rArr; __aeabi_memcpy4
</UL>
<BR>[Calls]<UL><LI><a href="#[d4]">&gt;&gt;</a>&nbsp;&nbsp;&nbsp;LCD_WriteEx
<LI><a href="#[49]">&gt;&gt;</a>&nbsp;&nbsp;&nbsp;GPIO_SetBits
<LI><a href="#[82]">&gt;&gt;</a>&nbsp;&nbsp;&nbsp;GPIO_ResetBits
</UL>
<BR>[Called By]<UL><LI><a href="#[f2]">&gt;&gt;</a>&nbsp;&nbsp;&nbsp;LCD_DrawLine
<LI><a href="#[f1]">&gt;&gt;</a>&nbsp;&nbsp;&nbsp;LCD_DisplayStr90
<LI><a href="#[ef]">&gt;&gt;</a>&nbsp;&nbsp;&nbsp;LCD_DisplayPicDirect_Partial
<LI><a href="#[ee]">&gt;&gt;</a>&nbsp;&nbsp;&nbsp;LCD_DisplayPicDirect
<LI><a href="#[ed]">&gt;&gt;</a>&nbsp;&nbsp;&nbsp;LCD_DisplayFrame
<LI><a href="#[55]">&gt;&gt;</a>&nbsp;&nbsp;&nbsp;LCD_DisplayStr
<LI><a href="#[64]">&gt;&gt;</a>&nbsp;&nbsp;&nbsp;LCD_DisplayScaleVer
<LI><a href="#[63]">&gt;&gt;</a>&nbsp;&nbsp;&nbsp;LCD_DisplayScaleHor2
<LI><a href="#[62]">&gt;&gt;</a>&nbsp;&nbsp;&nbsp;LCD_DisplayScaleHor1
<LI><a href="#[4c]">&gt;&gt;</a>&nbsp;&nbsp;&nbsp;LCD_DisplayPicDMA_Partial
<LI><a href="#[b0]">&gt;&gt;</a>&nbsp;&nbsp;&nbsp;LCD_DisplayPicDMA
<LI><a href="#[69]">&gt;&gt;</a>&nbsp;&nbsp;&nbsp;LCD_DisplayOneDot
<LI><a href="#[70]">&gt;&gt;</a>&nbsp;&nbsp;&nbsp;LCD_DisplayOneChar
<LI><a href="#[60]">&gt;&gt;</a>&nbsp;&nbsp;&nbsp;LCD_DisplayGrayHor32
<LI><a href="#[5f]">&gt;&gt;</a>&nbsp;&nbsp;&nbsp;LCD_DisplayGrayHor16
<LI><a href="#[50]">&gt;&gt;</a>&nbsp;&nbsp;&nbsp;LCD_DisplayColor
<LI><a href="#[61]">&gt;&gt;</a>&nbsp;&nbsp;&nbsp;LCD_DisplayBand
</UL>

<P><STRONG><a name="[70]"></a>LCD_DisplayOneChar</STRONG> (Thumb, 102 bytes, Stack size 56 bytes, ili9488.o(.text))
<BR><BR>[Stack]<UL><LI>Max Depth = 160<LI>Call Chain = LCD_DisplayOneChar &rArr; LCD_BlockWritePrep &rArr; GPIO_SetBits &rArr; GPIO_GetGPIONum &rArr; __aeabi_memcpy4
</UL>
<BR>[Calls]<UL><LI><a href="#[e9]">&gt;&gt;</a>&nbsp;&nbsp;&nbsp;LCD_BlockWritePrep
<LI><a href="#[e8]">&gt;&gt;</a>&nbsp;&nbsp;&nbsp;LCD_WriteOneDot
</UL>
<BR>[Called By]<UL><LI><a href="#[f1]">&gt;&gt;</a>&nbsp;&nbsp;&nbsp;LCD_DisplayStr90
<LI><a href="#[eb]">&gt;&gt;</a>&nbsp;&nbsp;&nbsp;LCD_RD_RDDIDIF
<LI><a href="#[55]">&gt;&gt;</a>&nbsp;&nbsp;&nbsp;LCD_DisplayStr
<LI><a href="#[54]">&gt;&gt;</a>&nbsp;&nbsp;&nbsp;LCD_DisplayOneInt
<LI><a href="#[6a]">&gt;&gt;</a>&nbsp;&nbsp;&nbsp;MSR_test
</UL>

<P><STRONG><a name="[55]"></a>LCD_DisplayStr</STRONG> (Thumb, 90 bytes, Stack size 32 bytes, ili9488.o(.text))
<BR><BR>[Stack]<UL><LI>Max Depth = 192<LI>Call Chain = LCD_DisplayStr &rArr; LCD_DisplayOneChar &rArr; LCD_BlockWritePrep &rArr; GPIO_SetBits &rArr; GPIO_GetGPIONum &rArr; __aeabi_memcpy4
</UL>
<BR>[Calls]<UL><LI><a href="#[e9]">&gt;&gt;</a>&nbsp;&nbsp;&nbsp;LCD_BlockWritePrep
<LI><a href="#[ea]">&gt;&gt;</a>&nbsp;&nbsp;&nbsp;s_toOrd
<LI><a href="#[70]">&gt;&gt;</a>&nbsp;&nbsp;&nbsp;LCD_DisplayOneChar
</UL>
<BR>[Called By]<UL><LI><a href="#[eb]">&gt;&gt;</a>&nbsp;&nbsp;&nbsp;LCD_RD_RDDIDIF
<LI><a href="#[76]">&gt;&gt;</a>&nbsp;&nbsp;&nbsp;loop_back
<LI><a href="#[80]">&gt;&gt;</a>&nbsp;&nbsp;&nbsp;SingleBuffDecodeDemo
<LI><a href="#[7a]">&gt;&gt;</a>&nbsp;&nbsp;&nbsp;select_menu_CreditNum
<LI><a href="#[77]">&gt;&gt;</a>&nbsp;&nbsp;&nbsp;GetCreditCardNumber
<LI><a href="#[75]">&gt;&gt;</a>&nbsp;&nbsp;&nbsp;select_menu_LoopBack
<LI><a href="#[74]">&gt;&gt;</a>&nbsp;&nbsp;&nbsp;select_menu_2
<LI><a href="#[6a]">&gt;&gt;</a>&nbsp;&nbsp;&nbsp;MSR_test
<LI><a href="#[4e]">&gt;&gt;</a>&nbsp;&nbsp;&nbsp;RTC_Test
</UL>

<P><STRONG><a name="[eb]"></a>LCD_RD_RDDIDIF</STRONG> (Thumb, 572 bytes, Stack size 16 bytes, ili9488.o(.text), UNUSED)
<BR><BR>[Calls]<UL><LI><a href="#[e6]">&gt;&gt;</a>&nbsp;&nbsp;&nbsp;LCD_ReadEx
<LI><a href="#[d4]">&gt;&gt;</a>&nbsp;&nbsp;&nbsp;LCD_WriteEx
<LI><a href="#[56]">&gt;&gt;</a>&nbsp;&nbsp;&nbsp;mdelay
<LI><a href="#[55]">&gt;&gt;</a>&nbsp;&nbsp;&nbsp;LCD_DisplayStr
<LI><a href="#[70]">&gt;&gt;</a>&nbsp;&nbsp;&nbsp;LCD_DisplayOneChar
<LI><a href="#[49]">&gt;&gt;</a>&nbsp;&nbsp;&nbsp;GPIO_SetBits
<LI><a href="#[82]">&gt;&gt;</a>&nbsp;&nbsp;&nbsp;GPIO_ResetBits
<LI><a href="#[58]">&gt;&gt;</a>&nbsp;&nbsp;&nbsp;__2printf
</UL>

<P><STRONG><a name="[ec]"></a>LCD_InitSequence_PSK</STRONG> (Thumb, 52 bytes, Stack size 8 bytes, ili9488.o(.text), UNUSED)
<BR><BR>[Calls]<UL><LI><a href="#[d4]">&gt;&gt;</a>&nbsp;&nbsp;&nbsp;LCD_WriteEx
<LI><a href="#[49]">&gt;&gt;</a>&nbsp;&nbsp;&nbsp;GPIO_SetBits
<LI><a href="#[82]">&gt;&gt;</a>&nbsp;&nbsp;&nbsp;GPIO_ResetBits
</UL>

<P><STRONG><a name="[50]"></a>LCD_DisplayColor</STRONG> (Thumb, 84 bytes, Stack size 16 bytes, ili9488.o(.text))
<BR><BR>[Stack]<UL><LI>Max Depth = 120<LI>Call Chain = LCD_DisplayColor &rArr; LCD_BlockWritePrep &rArr; GPIO_SetBits &rArr; GPIO_GetGPIONum &rArr; __aeabi_memcpy4
</UL>
<BR>[Calls]<UL><LI><a href="#[d5]">&gt;&gt;</a>&nbsp;&nbsp;&nbsp;LCD_Write
<LI><a href="#[e9]">&gt;&gt;</a>&nbsp;&nbsp;&nbsp;LCD_BlockWritePrep
<LI><a href="#[49]">&gt;&gt;</a>&nbsp;&nbsp;&nbsp;GPIO_SetBits
<LI><a href="#[82]">&gt;&gt;</a>&nbsp;&nbsp;&nbsp;GPIO_ResetBits
</UL>
<BR>[Called By]<UL><LI><a href="#[b1]">&gt;&gt;</a>&nbsp;&nbsp;&nbsp;calibrateTouchScreen
<LI><a href="#[b7]">&gt;&gt;</a>&nbsp;&nbsp;&nbsp;Sign_test
<LI><a href="#[40]">&gt;&gt;</a>&nbsp;&nbsp;&nbsp;main
<LI><a href="#[a5]">&gt;&gt;</a>&nbsp;&nbsp;&nbsp;main_org
<LI><a href="#[7a]">&gt;&gt;</a>&nbsp;&nbsp;&nbsp;select_menu_CreditNum
<LI><a href="#[77]">&gt;&gt;</a>&nbsp;&nbsp;&nbsp;GetCreditCardNumber
<LI><a href="#[75]">&gt;&gt;</a>&nbsp;&nbsp;&nbsp;select_menu_LoopBack
<LI><a href="#[74]">&gt;&gt;</a>&nbsp;&nbsp;&nbsp;select_menu_2
<LI><a href="#[6a]">&gt;&gt;</a>&nbsp;&nbsp;&nbsp;MSR_test
<LI><a href="#[67]">&gt;&gt;</a>&nbsp;&nbsp;&nbsp;select_menu_3
<LI><a href="#[4e]">&gt;&gt;</a>&nbsp;&nbsp;&nbsp;RTC_Test
</UL>

<P><STRONG><a name="[5f]"></a>LCD_DisplayGrayHor16</STRONG> (Thumb, 140 bytes, Stack size 16 bytes, ili9488.o(.text))
<BR><BR>[Stack]<UL><LI>Max Depth = 120<LI>Call Chain = LCD_DisplayGrayHor16 &rArr; LCD_BlockWritePrep &rArr; GPIO_SetBits &rArr; GPIO_GetGPIONum &rArr; __aeabi_memcpy4
</UL>
<BR>[Calls]<UL><LI><a href="#[d5]">&gt;&gt;</a>&nbsp;&nbsp;&nbsp;LCD_Write
<LI><a href="#[e9]">&gt;&gt;</a>&nbsp;&nbsp;&nbsp;LCD_BlockWritePrep
<LI><a href="#[d4]">&gt;&gt;</a>&nbsp;&nbsp;&nbsp;LCD_WriteEx
<LI><a href="#[49]">&gt;&gt;</a>&nbsp;&nbsp;&nbsp;GPIO_SetBits
<LI><a href="#[82]">&gt;&gt;</a>&nbsp;&nbsp;&nbsp;GPIO_ResetBits
</UL>
<BR>[Called By]<UL><LI><a href="#[5e]">&gt;&gt;</a>&nbsp;&nbsp;&nbsp;select_menu_5
</UL>

<P><STRONG><a name="[60]"></a>LCD_DisplayGrayHor32</STRONG> (Thumb, 114 bytes, Stack size 16 bytes, ili9488.o(.text))
<BR><BR>[Stack]<UL><LI>Max Depth = 120<LI>Call Chain = LCD_DisplayGrayHor32 &rArr; LCD_BlockWritePrep &rArr; GPIO_SetBits &rArr; GPIO_GetGPIONum &rArr; __aeabi_memcpy4
</UL>
<BR>[Calls]<UL><LI><a href="#[d5]">&gt;&gt;</a>&nbsp;&nbsp;&nbsp;LCD_Write
<LI><a href="#[e9]">&gt;&gt;</a>&nbsp;&nbsp;&nbsp;LCD_BlockWritePrep
<LI><a href="#[d4]">&gt;&gt;</a>&nbsp;&nbsp;&nbsp;LCD_WriteEx
<LI><a href="#[49]">&gt;&gt;</a>&nbsp;&nbsp;&nbsp;GPIO_SetBits
<LI><a href="#[82]">&gt;&gt;</a>&nbsp;&nbsp;&nbsp;GPIO_ResetBits
</UL>
<BR>[Called By]<UL><LI><a href="#[5e]">&gt;&gt;</a>&nbsp;&nbsp;&nbsp;select_menu_5
</UL>

<P><STRONG><a name="[61]"></a>LCD_DisplayBand</STRONG> (Thumb, 158 bytes, Stack size 48 bytes, ili9488.o(.text))
[...]
</UL>
<BR>[Calls]<UL><LI><a href="#[4b]">&gt;&gt;</a>&nbsp;&nbsp;&nbsp;__aeabi_memcpy
</UL>
<BR>[Called By]<UL><LI><a href="#[34b]">&gt;&gt;</a>&nbsp;&nbsp;&nbsp;RsFindErrorLocations
<LI><a href="#[344]">&gt;&gt;</a>&nbsp;&nbsp;&nbsp;RsFindErrorLocatorPoly
</UL>

<P><STRONG><a name="[344]"></a>RsFindErrorLocatorPoly</STRONG> (Thumb, 644 bytes, Stack size 1000 bytes, dmtxreedsol.o(.text))
<BR><BR>[Stack]<UL><LI>Max Depth = 1024<LI>Call Chain = RsFindErrorLocatorPoly &rArr; dmtxByteListCopy &rArr; __aeabi_memcpy
</UL>
<BR>[Calls]<UL><LI><a href="#[1a5]">&gt;&gt;</a>&nbsp;&nbsp;&nbsp;dmalloc
<LI><a href="#[1ae]">&gt;&gt;</a>&nbsp;&nbsp;&nbsp;dfree
<LI><a href="#[347]">&gt;&gt;</a>&nbsp;&nbsp;&nbsp;dmtxByteListPush
<LI><a href="#[346]">&gt;&gt;</a>&nbsp;&nbsp;&nbsp;dmtxByteListInit
<LI><a href="#[345]">&gt;&gt;</a>&nbsp;&nbsp;&nbsp;dmtxByteListBuild
<LI><a href="#[343]">&gt;&gt;</a>&nbsp;&nbsp;&nbsp;dmtxByteListCopy
</UL>
<BR>[Called By]<UL><LI><a href="#[29a]">&gt;&gt;</a>&nbsp;&nbsp;&nbsp;RsDecode
</UL>

<P><STRONG><a name="[348]"></a>RsRepairErrors</STRONG> (Thumb, 326 bytes, Stack size 144 bytes, dmtxreedsol.o(.text))
<BR><BR>[Stack]<UL><LI>Max Depth = 156<LI>Call Chain = RsRepairErrors &rArr; dmtxByteListPush
</UL>
<BR>[Calls]<UL><LI><a href="#[347]">&gt;&gt;</a>&nbsp;&nbsp;&nbsp;dmtxByteListPush
<LI><a href="#[345]">&gt;&gt;</a>&nbsp;&nbsp;&nbsp;dmtxByteListBuild
</UL>
<BR>[Called By]<UL><LI><a href="#[29a]">&gt;&gt;</a>&nbsp;&nbsp;&nbsp;RsDecode
</UL>

<P><STRONG><a name="[345]"></a>dmtxByteListBuild</STRONG> (Thumb, 10 bytes, Stack size 0 bytes, dmtxreedsol.o(.text))
<BR><BR>[Called By]<UL><LI><a href="#[29a]">&gt;&gt;</a>&nbsp;&nbsp;&nbsp;RsDecode
<LI><a href="#[34b]">&gt;&gt;</a>&nbsp;&nbsp;&nbsp;RsFindErrorLocations
<LI><a href="#[348]">&gt;&gt;</a>&nbsp;&nbsp;&nbsp;RsRepairErrors
<LI><a href="#[344]">&gt;&gt;</a>&nbsp;&nbsp;&nbsp;RsFindErrorLocatorPoly
</UL>

<P><STRONG><a name="[346]"></a>dmtxByteListInit</STRONG> (Thumb, 30 bytes, Stack size 8 bytes, dmtxreedsol.o(.text))
<BR><BR>[Stack]<UL><LI>Max Depth = 8<LI>Call Chain = dmtxByteListInit
</UL>
<BR>[Calls]<UL><LI><a href="#[100]">&gt;&gt;</a>&nbsp;&nbsp;&nbsp;__aeabi_memset
</UL>
<BR>[Called By]<UL><LI><a href="#[29a]">&gt;&gt;</a>&nbsp;&nbsp;&nbsp;RsDecode
<LI><a href="#[34b]">&gt;&gt;</a>&nbsp;&nbsp;&nbsp;RsFindErrorLocations
<LI><a href="#[34a]">&gt;&gt;</a>&nbsp;&nbsp;&nbsp;RsComputeSyndromes
<LI><a href="#[344]">&gt;&gt;</a>&nbsp;&nbsp;&nbsp;RsFindErrorLocatorPoly
</UL>

<P><STRONG><a name="[347]"></a>dmtxByteListPush</STRONG> (Thumb, 28 bytes, Stack size 12 bytes, dmtxreedsol.o(.text))
<BR><BR>[Stack]<UL><LI>Max Depth = 12<LI>Call Chain = dmtxByteListPush
</UL>
<BR>[Called By]<UL><LI><a href="#[29a]">&gt;&gt;</a>&nbsp;&nbsp;&nbsp;RsDecode
<LI><a href="#[34b]">&gt;&gt;</a>&nbsp;&nbsp;&nbsp;RsFindErrorLocations
<LI><a href="#[348]">&gt;&gt;</a>&nbsp;&nbsp;&nbsp;RsRepairErrors
<LI><a href="#[344]">&gt;&gt;</a>&nbsp;&nbsp;&nbsp;RsFindErrorLocatorPoly
</UL>

<P><STRONG><a name="[34c]"></a>dmtxByteListPop</STRONG> (Thumb, 26 bytes, Stack size 0 bytes, dmtxreedsol.o(.text))
<BR><BR>[Called By]<UL><LI><a href="#[29a]">&gt;&gt;</a>&nbsp;&nbsp;&nbsp;RsDecode
</UL>

<P><STRONG><a name="[34a]"></a>RsComputeSyndromes</STRONG> (Thumb, 114 bytes, Stack size 32 bytes, dmtxreedsol.o(.text))
<BR><BR>[Stack]<UL><LI>Max Depth = 40<LI>Call Chain = RsComputeSyndromes &rArr; dmtxByteListInit
</UL>
<BR>[Calls]<UL><LI><a href="#[346]">&gt;&gt;</a>&nbsp;&nbsp;&nbsp;dmtxByteListInit
</UL>
<BR>[Called By]<UL><LI><a href="#[29a]">&gt;&gt;</a>&nbsp;&nbsp;&nbsp;RsDecode
</UL>

<P><STRONG><a name="[34b]"></a>RsFindErrorLocations</STRONG> (Thumb, 154 bytes, Stack size 104 bytes, dmtxreedsol.o(.text))
<BR><BR>[Stack]<UL><LI>Max Depth = 128<LI>Call Chain = RsFindErrorLocations &rArr; dmtxByteListCopy &rArr; __aeabi_memcpy
</UL>
<BR>[Calls]<UL><LI><a href="#[347]">&gt;&gt;</a>&nbsp;&nbsp;&nbsp;dmtxByteListPush
<LI><a href="#[346]">&gt;&gt;</a>&nbsp;&nbsp;&nbsp;dmtxByteListInit
<LI><a href="#[345]">&gt;&gt;</a>&nbsp;&nbsp;&nbsp;dmtxByteListBuild
<LI><a href="#[343]">&gt;&gt;</a>&nbsp;&nbsp;&nbsp;dmtxByteListCopy
</UL>
<BR>[Called By]<UL><LI><a href="#[29a]">&gt;&gt;</a>&nbsp;&nbsp;&nbsp;RsDecode
</UL>

<P><STRONG><a name="[352]"></a>filter</STRONG> (Thumb, 90 bytes, Stack size 28 bytes, interp.o(.text))
<BR><BR>[Stack]<UL><LI>Max Depth = 28<LI>Call Chain = filter
</UL>
<BR>[Called By]<UL><LI><a href="#[31a]">&gt;&gt;</a>&nbsp;&nbsp;&nbsp;interp
</UL>

<P><STRONG><a name="[368]"></a>CalcIntPointNScaleInLine</STRONG> (Thumb, 38 bytes, Stack size 16 bytes, onedrectgeneraldecode.o(.text))
<BR><BR>[Stack]<UL><LI>Max Depth = 16<LI>Call Chain = CalcIntPointNScaleInLine
</UL>
<BR>[Called By]<UL><LI><a href="#[2dd]">&gt;&gt;</a>&nbsp;&nbsp;&nbsp;OneDRectGeneralDecode
</UL>

<P><STRONG><a name="[385]"></a>CheckWidth</STRONG> (Thumb, 28 bytes, Stack size 0 bytes, ean13_table.o(.text))
<BR><BR>[Called By]<UL><LI><a href="#[384]">&gt;&gt;</a>&nbsp;&nbsp;&nbsp;DecodeEANUPCAddOnSymbol
</UL>

<P><STRONG><a name="[387]"></a>SelPBaseDis</STRONG> (Thumb, 308 bytes, Stack size 40 bytes, multiqr.o(.text))
<BR><BR>[Stack]<UL><LI>Max Depth = 60<LI>Call Chain = SelPBaseDis &rArr; dmalloc
</UL>
<BR>[Calls]<UL><LI><a href="#[1a5]">&gt;&gt;</a>&nbsp;&nbsp;&nbsp;dmalloc
<LI><a href="#[1ae]">&gt;&gt;</a>&nbsp;&nbsp;&nbsp;dfree
<LI><a href="#[1f9]">&gt;&gt;</a>&nbsp;&nbsp;&nbsp;__hardfp_sqrtf
</UL>
<BR>[Called By]<UL><LI><a href="#[2ec]">&gt;&gt;</a>&nbsp;&nbsp;&nbsp;MultiQR
</UL>

<P><STRONG><a name="[388]"></a>QRFindp</STRONG> (Thumb, 318 bytes, Stack size 128 bytes, multiqr.o(.text))
<BR><BR>[Stack]<UL><LI>Max Depth = 524<LI>Call Chain = QRFindp &rArr; FindLocBaceMulti &rArr; PFromKB &rArr; QRGetPointFromCenter &rArr; GetBinaryLineData &rArr; dmalloc
</UL>
<BR>[Calls]<UL><LI><a href="#[389]">&gt;&gt;</a>&nbsp;&nbsp;&nbsp;FindLocBaceMulti
<LI><a href="#[fb]">&gt;&gt;</a>&nbsp;&nbsp;&nbsp;__aeabi_memclr4
</UL>
<BR>[Called By]<UL><LI><a href="#[2ec]">&gt;&gt;</a>&nbsp;&nbsp;&nbsp;MultiQR
</UL>

<P><STRONG><a name="[38a]"></a>DrawBinaryImageLine</STRONG> (Thumb, 380 bytes, Stack size 40 bytes, linecompensation.o(.text))
<BR><BR>[Stack]<UL><LI>Max Depth = 76<LI>Call Chain = DrawBinaryImageLine &rArr; __hardfp_tanf &rArr; __mathlib_rredf2
</UL>
<BR>[Calls]<UL><LI><a href="#[289]">&gt;&gt;</a>&nbsp;&nbsp;&nbsp;__hardfp_tanf
</UL>
<BR>[Called By]<UL><LI><a href="#[301]">&gt;&gt;</a>&nbsp;&nbsp;&nbsp;LineCompensation
</UL>

<P><STRONG><a name="[38b]"></a>GetCrossPoint</STRONG> (Thumb, 252 bytes, Stack size 56 bytes, patterncompensation.o(.text))
<BR><BR>[Stack]<UL><LI>Max Depth = 144<LI>Call Chain = GetCrossPoint &rArr; __aeabi_drsub &rArr; __aeabi_dadd &rArr; _double_epilogue &rArr; _double_round
</UL>
<BR>[Calls]<UL><LI><a href="#[f6]">&gt;&gt;</a>&nbsp;&nbsp;&nbsp;__aeabi_f2d
<LI><a href="#[f7]">&gt;&gt;</a>&nbsp;&nbsp;&nbsp;__aeabi_drsub
<LI><a href="#[f8]">&gt;&gt;</a>&nbsp;&nbsp;&nbsp;__aeabi_d2f
<LI><a href="#[263]">&gt;&gt;</a>&nbsp;&nbsp;&nbsp;__aeabi_cdcmpeq
<LI><a href="#[222]">&gt;&gt;</a>&nbsp;&nbsp;&nbsp;__aeabi_dsub
<LI><a href="#[220]">&gt;&gt;</a>&nbsp;&nbsp;&nbsp;__aeabi_dadd
<LI><a href="#[224]">&gt;&gt;</a>&nbsp;&nbsp;&nbsp;__aeabi_cdrcmple
<LI><a href="#[21b]">&gt;&gt;</a>&nbsp;&nbsp;&nbsp;__aeabi_dmul
<LI><a href="#[219]">&gt;&gt;</a>&nbsp;&nbsp;&nbsp;__aeabi_ddiv
<LI><a href="#[226]">&gt;&gt;</a>&nbsp;&nbsp;&nbsp;__hardfp_fabs
</UL>
<BR>[Called By]<UL><LI><a href="#[2ee]">&gt;&gt;</a>&nbsp;&nbsp;&nbsp;PatternCompensation
</UL>

<P><STRONG><a name="[393]"></a>ApproBilinearInter</STRONG> (Thumb, 192 bytes, Stack size 16 bytes, inversecubicrectifyqrcodeimage.o(.text))
<BR><BR>[Stack]<UL><LI>Max Depth = 16<LI>Call Chain = ApproBilinearInter
</UL>
<BR>[Called By]<UL><LI><a href="#[311]">&gt;&gt;</a>&nbsp;&nbsp;&nbsp;InverCobRecQRImage
</UL>

<P><STRONG><a name="[39c]"></a>GetKB</STRONG> (Thumb, 86 bytes, Stack size 16 bytes, dmcenterpoint.o(.text))
<BR><BR>[Stack]<UL><LI>Max Depth = 52<LI>Call Chain = GetKB &rArr; __hardfp_tanf &rArr; __mathlib_rredf2
</UL>
<BR>[Calls]<UL><LI><a href="#[289]">&gt;&gt;</a>&nbsp;&nbsp;&nbsp;__hardfp_tanf
</UL>
<BR>[Called By]<UL><LI><a href="#[32c]">&gt;&gt;</a>&nbsp;&nbsp;&nbsp;SelectPFromD
<LI><a href="#[32d]">&gt;&gt;</a>&nbsp;&nbsp;&nbsp;DMCenterPoint
</UL>

<P><STRONG><a name="[3a9]"></a>CodeStandardDeviation</STRONG> (Thumb, 382 bytes, Stack size 40 bytes, qrpatternpoint.o(.text))
<BR><BR>[Stack]<UL><LI>Max Depth = 60<LI>Call Chain = CodeStandardDeviation &rArr; dmalloc
</UL>
<BR>[Calls]<UL><LI><a href="#[1a5]">&gt;&gt;</a>&nbsp;&nbsp;&nbsp;dmalloc
<LI><a href="#[1ae]">&gt;&gt;</a>&nbsp;&nbsp;&nbsp;dfree
<LI><a href="#[1f9]">&gt;&gt;</a>&nbsp;&nbsp;&nbsp;__hardfp_sqrtf
</UL>
<BR>[Called By]<UL><LI><a href="#[38d]">&gt;&gt;</a>&nbsp;&nbsp;&nbsp;PatternPoint2
</UL>

<P><STRONG><a name="[3af]"></a>bch15_5_calc_syndrome</STRONG> (Thumb, 154 bytes, Stack size 32 bytes, bch15_5.o(.text))
<BR><BR>[Stack]<UL><LI>Max Depth = 32<LI>Call Chain = bch15_5_calc_syndrome
</UL>
<BR>[Called By]<UL><LI><a href="#[397]">&gt;&gt;</a>&nbsp;&nbsp;&nbsp;bch15_5_correct
</UL>

<P><STRONG><a name="[3b0]"></a>bch15_5_calc_epos</STRONG> (Thumb, 118 bytes, Stack size 48 bytes, bch15_5.o(.text))
<BR><BR>[Stack]<UL><LI>Max Depth = 72<LI>Call Chain = bch15_5_calc_epos &rArr; bch15_5_calc_omega
</UL>
<BR>[Calls]<UL><LI><a href="#[3b2]">&gt;&gt;</a>&nbsp;&nbsp;&nbsp;bch15_5_calc_omega
<LI><a href="#[3b3]">&gt;&gt;</a>&nbsp;&nbsp;&nbsp;gf16_hmul
</UL>
<BR>[Called By]<UL><LI><a href="#[397]">&gt;&gt;</a>&nbsp;&nbsp;&nbsp;bch15_5_correct
</UL>

<P><STRONG><a name="[3b3]"></a>gf16_hmul</STRONG> (Thumb, 18 bytes, Stack size 0 bytes, bch15_5.o(.text))
<BR><BR>[Called By]<UL><LI><a href="#[3b0]">&gt;&gt;</a>&nbsp;&nbsp;&nbsp;bch15_5_calc_epos
</UL>

<P><STRONG><a name="[3b2]"></a>bch15_5_calc_omega</STRONG> (Thumb, 108 bytes, Stack size 24 bytes, bch15_5.o(.text))
<BR><BR>[Stack]<UL><LI>Max Depth = 24<LI>Call Chain = bch15_5_calc_omega
</UL>
<BR>[Calls]<UL><LI><a href="#[3b4]">&gt;&gt;</a>&nbsp;&nbsp;&nbsp;gf16_mul
</UL>
<BR>[Called By]<UL><LI><a href="#[3b0]">&gt;&gt;</a>&nbsp;&nbsp;&nbsp;bch15_5_calc_epos
</UL>

<P><STRONG><a name="[3b4]"></a>gf16_mul</STRONG> (Thumb, 24 bytes, Stack size 0 bytes, bch15_5.o(.text))
<BR><BR>[Called By]<UL><LI><a href="#[3b2]">&gt;&gt;</a>&nbsp;&nbsp;&nbsp;bch15_5_calc_omega
</UL>

<P><STRONG><a name="[3b5]"></a>rs_quadratic_solve</STRONG> (Thumb, 466 bytes, Stack size 48 bytes, rs.o(.text))
<BR><BR>[Stack]<UL><LI>Max Depth = 48<LI>Call Chain = rs_quadratic_solve
</UL>
<BR>[Calls]<UL><LI><a href="#[3b6]">&gt;&gt;</a>&nbsp;&nbsp;&nbsp;rs_gsqrt
<LI><a href="#[3b7]">&gt;&gt;</a>&nbsp;&nbsp;&nbsp;rs_hgmul
<LI><a href="#[3b8]">&gt;&gt;</a>&nbsp;&nbsp;&nbsp;rs_gdiv
<LI><a href="#[3b9]">&gt;&gt;</a>&nbsp;&nbsp;&nbsp;rs_gmul
</UL>
<BR>[Called By]<UL><LI><a href="#[3bb]">&gt;&gt;</a>&nbsp;&nbsp;&nbsp;rs_quartic_solve
<LI><a href="#[3ba]">&gt;&gt;</a>&nbsp;&nbsp;&nbsp;rs_cubic_solve
</UL>

<P><STRONG><a name="[3ba]"></a>rs_cubic_solve</STRONG> (Thumb, 280 bytes, Stack size 32 bytes, rs.o(.text))
<BR><BR>[Stack]<UL><LI>Max Depth = 80<LI>Call Chain = rs_cubic_solve &rArr; rs_quadratic_solve
</UL>
<BR>[Calls]<UL><LI><a href="#[3b8]">&gt;&gt;</a>&nbsp;&nbsp;&nbsp;rs_gdiv
<LI><a href="#[3b9]">&gt;&gt;</a>&nbsp;&nbsp;&nbsp;rs_gmul
<LI><a href="#[3b5]">&gt;&gt;</a>&nbsp;&nbsp;&nbsp;rs_quadratic_solve
</UL>
<BR>[Called By]<UL><LI><a href="#[3bb]">&gt;&gt;</a>&nbsp;&nbsp;&nbsp;rs_quartic_solve
</UL>

<P><STRONG><a name="[3bb]"></a>rs_quartic_solve</STRONG> (Thumb, 354 bytes, Stack size 48 bytes, rs.o(.text))
<BR><BR>[Stack]<UL><LI>Max Depth = 128 + In Cycle
<LI>Call Chain = rs_quartic_solve &rArr;  rs_quartic_solve (Cycle)
</UL>
<BR>[Calls]<UL><LI><a href="#[3b6]">&gt;&gt;</a>&nbsp;&nbsp;&nbsp;rs_gsqrt
<LI><a href="#[3b7]">&gt;&gt;</a>&nbsp;&nbsp;&nbsp;rs_hgmul
<LI><a href="#[3b8]">&gt;&gt;</a>&nbsp;&nbsp;&nbsp;rs_gdiv
<LI><a href="#[3b9]">&gt;&gt;</a>&nbsp;&nbsp;&nbsp;rs_gmul
<LI><a href="#[3bb]">&gt;&gt;</a>&nbsp;&nbsp;&nbsp;rs_quartic_solve
<LI><a href="#[3ba]">&gt;&gt;</a>&nbsp;&nbsp;&nbsp;rs_cubic_solve
<LI><a href="#[3b5]">&gt;&gt;</a>&nbsp;&nbsp;&nbsp;rs_quadratic_solve
</UL>
<BR>[Called By]<UL><LI><a href="#[3be]">&gt;&gt;</a>&nbsp;&nbsp;&nbsp;rs_find_roots
<LI><a href="#[3bb]">&gt;&gt;</a>&nbsp;&nbsp;&nbsp;rs_quartic_solve
</UL>

<P><STRONG><a name="[3bc]"></a>rs_modified_berlekamp_massey</STRONG> (Thumb, 428 bytes, Stack size 72 bytes, rs.o(.text))
<BR><BR>[Stack]<UL><LI>Max Depth = 92<LI>Call Chain = rs_modified_berlekamp_massey &rArr; dmalloc
</UL>
<BR>[Calls]<UL><LI><a href="#[1a5]">&gt;&gt;</a>&nbsp;&nbsp;&nbsp;dmalloc
<LI><a href="#[1ae]">&gt;&gt;</a>&nbsp;&nbsp;&nbsp;dfree
<LI><a href="#[1ee]">&gt;&gt;</a>&nbsp;&nbsp;&nbsp;__aeabi_memmove
<LI><a href="#[4b]">&gt;&gt;</a>&nbsp;&nbsp;&nbsp;__aeabi_memcpy
<LI><a href="#[3bd]">&gt;&gt;</a>&nbsp;&nbsp;&nbsp;rs_poly_zero
<LI><a href="#[3b7]">&gt;&gt;</a>&nbsp;&nbsp;&nbsp;rs_hgmul
<LI><a href="#[3b9]">&gt;&gt;</a>&nbsp;&nbsp;&nbsp;rs_gmul
</UL>
<BR>[Called By]<UL><LI><a href="#[39a]">&gt;&gt;</a>&nbsp;&nbsp;&nbsp;rs_correct
</UL>

<P><STRONG><a name="[3b9]"></a>rs_gmul</STRONG> (Thumb, 22 bytes, Stack size 0 bytes, rs.o(.text))
<BR><BR>[Called By]<UL><LI><a href="#[3bc]">&gt;&gt;</a>&nbsp;&nbsp;&nbsp;rs_modified_berlekamp_massey
<LI><a href="#[3bb]">&gt;&gt;</a>&nbsp;&nbsp;&nbsp;rs_quartic_solve
<LI><a href="#[3ba]">&gt;&gt;</a>&nbsp;&nbsp;&nbsp;rs_cubic_solve
<LI><a href="#[3b5]">&gt;&gt;</a>&nbsp;&nbsp;&nbsp;rs_quadratic_solve
</UL>

<P><STRONG><a name="[3b8]"></a>rs_gdiv</STRONG> (Thumb, 20 bytes, Stack size 0 bytes, rs.o(.text))
<BR><BR>[Called By]<UL><LI><a href="#[3bb]">&gt;&gt;</a>&nbsp;&nbsp;&nbsp;rs_quartic_solve
<LI><a href="#[3ba]">&gt;&gt;</a>&nbsp;&nbsp;&nbsp;rs_cubic_solve
<LI><a href="#[3b5]">&gt;&gt;</a>&nbsp;&nbsp;&nbsp;rs_quadratic_solve
<LI><a href="#[39a]">&gt;&gt;</a>&nbsp;&nbsp;&nbsp;rs_correct
</UL>

<P><STRONG><a name="[3b7]"></a>rs_hgmul</STRONG> (Thumb, 18 bytes, Stack size 0 bytes, rs.o(.text))
<BR><BR>[Called By]<UL><LI><a href="#[3be]">&gt;&gt;</a>&nbsp;&nbsp;&nbsp;rs_find_roots
<LI><a href="#[3bc]">&gt;&gt;</a>&nbsp;&nbsp;&nbsp;rs_modified_berlekamp_massey
<LI><a href="#[3bb]">&gt;&gt;</a>&nbsp;&nbsp;&nbsp;rs_quartic_solve
<LI><a href="#[3b5]">&gt;&gt;</a>&nbsp;&nbsp;&nbsp;rs_quadratic_solve
<LI><a href="#[39a]">&gt;&gt;</a>&nbsp;&nbsp;&nbsp;rs_correct
</UL>

<P><STRONG><a name="[3b6]"></a>rs_gsqrt</STRONG> (Thumb, 28 bytes, Stack size 0 bytes, rs.o(.text))
<BR><BR>[Called By]<UL><LI><a href="#[3bb]">&gt;&gt;</a>&nbsp;&nbsp;&nbsp;rs_quartic_solve
<LI><a href="#[3b5]">&gt;&gt;</a>&nbsp;&nbsp;&nbsp;rs_quadratic_solve
</UL>

<P><STRONG><a name="[3bd]"></a>rs_poly_zero</STRONG> (Thumb, 4 bytes, Stack size 0 bytes, rs.o(.text))
<BR><BR>[Calls]<UL><LI><a href="#[117]">&gt;&gt;</a>&nbsp;&nbsp;&nbsp;__aeabi_memclr
</UL>
<BR>[Called By]<UL><LI><a href="#[3bc]">&gt;&gt;</a>&nbsp;&nbsp;&nbsp;rs_modified_berlekamp_massey
</UL>

<P><STRONG><a name="[3be]"></a>rs_find_roots</STRONG> (Thumb, 156 bytes, Stack size 64 bytes, rs.o(.text))
<BR><BR>[Stack]<UL><LI>Max Depth = 192<LI>Call Chain = rs_find_roots &rArr; rs_quartic_solve &rArr;  rs_quartic_solve (Cycle)
</UL>
<BR>[Calls]<UL><LI><a href="#[3b7]">&gt;&gt;</a>&nbsp;&nbsp;&nbsp;rs_hgmul
<LI><a href="#[3bb]">&gt;&gt;</a>&nbsp;&nbsp;&nbsp;rs_quartic_solve
</UL>
<BR>[Called By]<UL><LI><a href="#[39a]">&gt;&gt;</a>&nbsp;&nbsp;&nbsp;rs_correct
</UL>

<P><STRONG><a name="[3c4]"></a>CheckWidth</STRONG> (Thumb, 24 bytes, Stack size 0 bytes, decode39.o(.text))
<BR><BR>[Called By]<UL><LI><a href="#[3a5]">&gt;&gt;</a>&nbsp;&nbsp;&nbsp;Decode39
</UL>

<P><STRONG><a name="[3c6]"></a>CODE93ValidateCheckSum</STRONG> (Thumb, 116 bytes, Stack size 20 bytes, decode93.o(.text))
<BR><BR>[Stack]<UL><LI>Max Depth = 20<LI>Call Chain = CODE93ValidateCheckSum
</UL>
<BR>[Called By]<UL><LI><a href="#[3a6]">&gt;&gt;</a>&nbsp;&nbsp;&nbsp;Decode93
</UL>

<P><STRONG><a name="[3c5]"></a>CODE93DataAnalysis</STRONG> (Thumb, 270 bytes, Stack size 24 bytes, decode93.o(.text))
<BR><BR>[Stack]<UL><LI>Max Depth = 24<LI>Call Chain = CODE93DataAnalysis
</UL>
<BR>[Calls]<UL><LI><a href="#[117]">&gt;&gt;</a>&nbsp;&nbsp;&nbsp;__aeabi_memclr
</UL>
<BR>[Called By]<UL><LI><a href="#[3a6]">&gt;&gt;</a>&nbsp;&nbsp;&nbsp;Decode93
</UL>

<P><STRONG><a name="[3c8]"></a>Postprocess_c</STRONG> (Thumb, 158 bytes, Stack size 20 bytes, decode_128.o(.text))
<BR><BR>[Stack]<UL><LI>Max Depth = 20<LI>Call Chain = Postprocess_c
</UL>
<BR>[Called By]<UL><LI><a href="#[3c7]">&gt;&gt;</a>&nbsp;&nbsp;&nbsp;Postprocess
</UL>

<P><STRONG><a name="[3ca]"></a>CheckWidth</STRONG> (Thumb, 24 bytes, Stack size 0 bytes, decode_128.o(.text))
<BR><BR>[Called By]<UL><LI><a href="#[3c9]">&gt;&gt;</a>&nbsp;&nbsp;&nbsp;index2decode
<LI><a href="#[3a2]">&gt;&gt;</a>&nbsp;&nbsp;&nbsp;decode_128
<LI><a href="#[3a3]">&gt;&gt;</a>&nbsp;&nbsp;&nbsp;CODE128Decode
</UL>

<P><STRONG><a name="[3cd]"></a>C128StructInit</STRONG> (Thumb, 12 bytes, Stack size 0 bytes, decode_128.o(.text))
<BR><BR>[Called By]<UL><LI><a href="#[3a3]">&gt;&gt;</a>&nbsp;&nbsp;&nbsp;CODE128Decode
</UL>

<P><STRONG><a name="[3d9]"></a>DeInter2of5ResCheck</STRONG> (Thumb, 76 bytes, Stack size 12 bytes, decodeinterleaved2of5.o(.text))
<BR><BR>[Stack]<UL><LI>Max Depth = 12<LI>Call Chain = DeInter2of5ResCheck
</UL>
<BR>[Called By]<UL><LI><a href="#[3a8]">&gt;&gt;</a>&nbsp;&nbsp;&nbsp;DecodeInterleaved2of5
</UL>

<P><STRONG><a name="[3d4]"></a>Inter2of5DataAnalysis</STRONG> (Thumb, 214 bytes, Stack size 24 bytes, decodeinterleaved2of5.o(.text))
<BR><BR>[Stack]<UL><LI>Max Depth = 24<LI>Call Chain = Inter2of5DataAnalysis
</UL>
<BR>[Calls]<UL><LI><a href="#[117]">&gt;&gt;</a>&nbsp;&nbsp;&nbsp;__aeabi_memclr
</UL>
<BR>[Called By]<UL><LI><a href="#[3a8]">&gt;&gt;</a>&nbsp;&nbsp;&nbsp;DecodeInterleaved2of5
</UL>

<P><STRONG><a name="[3d6]"></a>CheckWidth</STRONG> (Thumb, 26 bytes, Stack size 0 bytes, decodeinterleaved2of5.o(.text))
<BR><BR>[Called By]<UL><LI><a href="#[3a8]">&gt;&gt;</a>&nbsp;&nbsp;&nbsp;DecodeInterleaved2of5
</UL>

<P><STRONG><a name="[3da]"></a>CheckWidth</STRONG> (Thumb, 28 bytes, Stack size 0 bytes, decode_ean8.o(.text))
<BR><BR>[Called By]<UL><LI><a href="#[3a4]">&gt;&gt;</a>&nbsp;&nbsp;&nbsp;decode_EAN8
</UL>

<P><STRONG><a name="[3db]"></a>CheckWidth</STRONG> (Thumb, 24 bytes, Stack size 0 bytes, decodeupce.o(.text))
<BR><BR>[Called By]<UL><LI><a href="#[3a7]">&gt;&gt;</a>&nbsp;&nbsp;&nbsp;DecodeUPCE
</UL>

<P><STRONG><a name="[3dd]"></a>CodeStandardDeviation</STRONG> (Thumb, 382 bytes, Stack size 40 bytes, kfromfinderpattern.o(.text))
<BR><BR>[Stack]<UL><LI>Max Depth = 60<LI>Call Chain = CodeStandardDeviation &rArr; dmalloc
</UL>
<BR>[Calls]<UL><LI><a href="#[1a5]">&gt;&gt;</a>&nbsp;&nbsp;&nbsp;dmalloc
<LI><a href="#[1ae]">&gt;&gt;</a>&nbsp;&nbsp;&nbsp;dfree
<LI><a href="#[1f9]">&gt;&gt;</a>&nbsp;&nbsp;&nbsp;__hardfp_sqrtf
</UL>
<BR>[Called By]<UL><LI><a href="#[3aa]">&gt;&gt;</a>&nbsp;&nbsp;&nbsp;KFromFinderPattern2
<LI><a href="#[3ab]">&gt;&gt;</a>&nbsp;&nbsp;&nbsp;KFromFinderPattern
</UL>

<P><STRONG><a name="[3ea]"></a>_printf_core</STRONG> (Thumb, 984 bytes, Stack size 104 bytes, printf8.o(i._printf_core), UNUSED)
<BR><BR>[Calls]<UL><LI><a href="#[3df]">&gt;&gt;</a>&nbsp;&nbsp;&nbsp;__aeabi_uldivmod
<LI><a href="#[404]">&gt;&gt;</a>&nbsp;&nbsp;&nbsp;_printf_pre_padding
<LI><a href="#[405]">&gt;&gt;</a>&nbsp;&nbsp;&nbsp;_printf_post_padding
</UL>
<BR>[Called By]<UL><LI><a href="#[3e9]">&gt;&gt;</a>&nbsp;&nbsp;&nbsp;__0printf$8
</UL>

<P><STRONG><a name="[405]"></a>_printf_post_padding</STRONG> (Thumb, 36 bytes, Stack size 24 bytes, printf8.o(i._printf_post_padding), UNUSED)
<BR><BR>[Called By]<UL><LI><a href="#[3ea]">&gt;&gt;</a>&nbsp;&nbsp;&nbsp;_printf_core
</UL>

<P><STRONG><a name="[404]"></a>_printf_pre_padding</STRONG> (Thumb, 46 bytes, Stack size 24 bytes, printf8.o(i._printf_pre_padding), UNUSED)
<BR><BR>[Called By]<UL><LI><a href="#[3ea]">&gt;&gt;</a>&nbsp;&nbsp;&nbsp;_printf_core
</UL>
<P>
<H3>
Undefined Global Symbols
</H3><HR></body></html>
